C51 COMPILER V9.52.0.0   ANALOG                                                            08/17/2016 12:09:39 PAGE 1   


C51 COMPILER V9.52.0.0, COMPILATION OF MODULE ANALOG
OBJECT MODULE PLACED IN Analog.OBJ
COMPILER INVOKED BY: C:\Keil\C51\BIN\c51.exe Analog.c DB OE BR INCDIR(C:\SiLabs\MCU\Inc)

line level    source

   1          #include"Analog.h"
*** WARNING C318 IN LINE 1 OF Analog.c: can't open file 'Analog.h'
   2          
   3          /*******************************************************************
   4          (DA1<<8)+DA0=16位DA 由于DA0太小，电阻不好配放减小倍电流，电阻放大一倍
   5          DA1和DA0是电流型输入，转换为16位0-5电压型输出R1=4.98K,R0=19.5*2A
   6          9.1K并联11K电阻刚好等于4.98K
   7          ********************************************************************/
   8          void DAC_Init()
   9          {
  10   1          P1MDIN &=0X3f;       //configured P1.6andP1.7 as an analog
*** ERROR C202 IN LINE 10 OF Analog.c: 'P1MDIN': undefined identifier
  11   1          P1SKIP |=0xc0;       // P1.6andP1.7 is skipped by the Crossbar
*** ERROR C202 IN LINE 11 OF Analog.c: 'P1SKIP': undefined identifier
  12   1          while(AD0BUSY);
*** ERROR C202 IN LINE 12 OF Analog.c: 'AD0BUSY': undefined identifier
  13   1        //  REF0CN =0x03;     /*内部偏压发生器和电压基准缓冲器工作，基准从VREF引脚输出*/
  14   1          ADC0CF |=0X04;      //select the external VERF for the ADC compare source
*** ERROR C202 IN LINE 14 OF Analog.c: 'ADC0CF': undefined identifier
  15   1          IDA0CN &=0X70;
*** ERROR C202 IN LINE 15 OF Analog.c: 'IDA0CN': undefined identifier
  16   1          IDA0CN |=0XF9;      //LOW 2BIT 00/0.25MA 0A/0.5MA 02/1MA 03/2MA
*** ERROR C202 IN LINE 16 OF Analog.c: 'IDA0CN': undefined identifier
  17   1          IDA1CN &=0X70;
*** ERROR C202 IN LINE 17 OF Analog.c: 'IDA1CN': undefined identifier
  18   1          IDA1CN |=0XFA;      //LOW 2BIT 00/0.25MA 0A/0.5MA 02/1MA 03/2MA
*** ERROR C202 IN LINE 18 OF Analog.c: 'IDA1CN': undefined identifier
  19   1      }
  20          void ADC0_Init (void)
  21          {
  22   1          unsigned ADC0_decimation;
  23   1          REF0CN &= ~0x01;                       // disable internal vref
*** ERROR C202 IN LINE 23 OF Analog.c: 'REF0CN': undefined identifier
  24   1          /*
  25   1             REF0CN |= 0x01;                        // (enable if using internal vref)
  26   1          */
  27   1          ADC0CN = 0x17;                         // Bipolar output codes, GAIN=128
*** ERROR C202 IN LINE 27 OF Analog.c: 'ADC0CN': undefined identifier
  28   1          /*
  29   1             ADC0CF = 0x00;                         // interrupts upon SINC3 filter output
  30   1                                                    // and uses internal VREF
  31   1          */
  32   1          ADC0CF = 0x04;                         // interrupts upon SINC3 filter output
*** ERROR C202 IN LINE 32 OF Analog.c: 'ADC0CF': undefined identifier
  33   1          // and uses external VREF
  34   1          // Generate MDCLK for modulator.
  35   1          // Ideally MDCLK = 2.4576
  36   1          ADC0CLK = (SYSCLK/MDCLK)-1;
*** ERROR C202 IN LINE 36 OF Analog.c: 'ADC0CLK': undefined identifier
  37   1          // Ideally, MDCLK = 2.4576 MHz
  38   1      //   ADC0DEC = 0x7FF;                     // set slowest OWR
  39   1          // program decimation rate for desired OWR
  40   1          ADC0_decimation = (unsigned long) SYSCLK/ (unsigned long) OWR /
*** ERROR C202 IN LINE 40 OF Analog.c: 'SYSCLK': undefined identifier
  41   1                            (unsigned long) (ADC0CLK+1)/(unsigned long)128;
C51 COMPILER V9.52.0.0   ANALOG                                                            08/17/2016 12:09:39 PAGE 2   

  42   1          ADC0_decimation--;
  43   1          ADC0DEC = ADC0_decimation;
*** ERROR C202 IN LINE 43 OF Analog.c: 'ADC0DEC': undefined identifier
  44   1          ADC0BUF = 0x00;                        // Turn off Input Buffers
*** ERROR C202 IN LINE 44 OF Analog.c: 'ADC0BUF': undefined identifier
  45   1          // Select Mux inputs
  46   1      //   ADC0MUX = 0x08;                        // Input pin selection:
  47   1          // Setup for differential measurements
  48   1          // AIN+ => AIN0.0
  49   1          // AIN- => AGND
  50   1      //   ADC0MUX = 0x00;                        // Input pin selection:
  51   1          // Setup for differential measurements
  52   1          // AIN+ => AIN0.0
  53   1          // AIN- => AIN0.0
  54   1          ADC0MUX = 0x01;                        // Input pin selection:
*** ERROR C202 IN LINE 54 OF Analog.c: 'ADC0MUX': undefined identifier
  55   1          // Setup for differential measurements
  56   1          // AIN+ => AIN0.0
  57   1          // AIN- => AIN0.1
  58   1      //   ADC0MUX = 0x10;                        // Input pin selection:
  59   1          // Setup for differential measurements
  60   1          // AIN+ => AIN0.1
  61   1          // AIN- => AIN0.0
  62   1      //   ADC0MUX = 0x32;                        // Input pin selection:
  63   1          // Setup for differential measurements
  64   1          // AIN+ => AIN0.3
  65   1          // AIN- => AIN0.2
  66   1      //   ADC0MUX = 0x54;                        // Input pin selection:
  67   1          // Setup for differential measurements
  68   1          // AIN+ => AIN0.5
  69   1          // AIN- => AIN0.4
  70   1      //   ADC0MUX = 0x76;                        // Input pin selection:
  71   1          // Setup for differential measurements
  72   1          // AIN+ => AIN0.7
  73   1          // AIN- => AIN0.6
  74   1      //   ADC0MUX = 0xff;                        // Input pin selection:
  75   1          // Setup for differential measurements
  76   1          // AIN+ => Temp+
  77   1          // AIN- => Temp-
  78   1          // ADC0MUX = 0x88;                        // Input pin selection:
  79   1          // Setup for differential measurements
  80   1          // AIN+ => AGND
  81   1          // AIN- => AGND
  82   1          ADC0MD = 0x81;      // Start internal calibration
*** ERROR C202 IN LINE 82 OF Analog.c: 'ADC0MD': undefined identifier
  83   1          while(AD0CALC != 1);// Wait until calibration is complete,Take A Long Time In Gain=128
*** ERROR C202 IN LINE 83 OF Analog.c: 'AD0CALC': undefined identifier
  84   1      
  85   1          EIE1   |= 0x08;   // Enable ADC0 Interrupts
*** ERROR C202 IN LINE 85 OF Analog.c: 'EIE1': undefined identifier
  86   1          ADC0MD  = 0x80;    // Enable the ADC0 (IDLE Mode)
*** ERROR C202 IN LINE 86 OF Analog.c: 'ADC0MD': undefined identifier
  87   1      
  88   1          ADC0MD &= ~0x07;  // clear bits (put ADC0 in IDLE
*** ERROR C202 IN LINE 88 OF Analog.c: 'ADC0MD': undefined identifier
  89   1          AD0INT = 0;       // clear pending sample indication
*** ERROR C202 IN LINE 89 OF Analog.c: 'AD0INT': undefined identifier
  90   1          ADC0MD = 0x83;    // Start continuous conversions
*** ERROR C202 IN LINE 90 OF Analog.c: 'ADC0MD': undefined identifier
  91   1      }
  92          
  93          void DAC_Dispose(u16 databuf)
C51 COMPILER V9.52.0.0   ANALOG                                                            08/17/2016 12:09:39 PAGE 3   

*** ERROR C141 IN LINE 93 OF Analog.c: syntax error near 'databuf', expected ')'
  94          {
  95   1          DAC0DataBuf=databuf&0x00ff;  
*** ERROR C202 IN LINE 95 OF Analog.c: 'DAC0DataBuf': undefined identifier
  96   1          DAC0DataBuf=(databuf>>8)&0x00ff;   
*** ERROR C202 IN LINE 96 OF Analog.c: 'DAC0DataBuf': undefined identifier
  97   1      }

C51 COMPILATION COMPLETE.  1 WARNING(S),  26 ERROR(S)
