ARM Linker, 4.1 [Build 791] [Professional (MDK + RL-ARM)]

==============================================================================

Section Cross References

    beep.o(.text) refers to stm32f10x_rcc.o(.text) for RCC_APB2PeriphClockCmd
    beep.o(.text) refers to stm32f10x_gpio.o(.text) for GPIO_Init
    beep.o(.text) refers to delay.o(.text) for delay_ms
    beep.o(.text) refers to beep.o(.data) for Beep_Time
    crc16.o(.text) refers to crc16.o(.constdata) for g_McRctable_16
    main.o(.text) refers to delay.o(.text) for delay_init
    main.o(.text) refers to led.o(.text) for LED_GPIO_Config
    main.o(.text) refers to beep.o(.text) for BEEP_GPIO_Config
    main.o(.text) refers to stepmotor.o(.text) for stepmotor_GPIO_Config
    main.o(.text) refers to usart.o(.text) for USART1_Config
    main.o(.text) refers to tim.o(.text) for TIM2_Config
    main.o(.text) refers to printfb.o(i.__0printf$bare) for __2printf
    main.o(.text) refers to stepmotor.o(.bss) for Step_Motor
    stm32f10x_it.o(.text) refers to stm32f10x_tim.o(.text) for TIM_GetITStatus
    stm32f10x_it.o(.text) refers to beep.o(.text) for Beep_LoudNum
    stm32f10x_it.o(.text) refers to led.o(.text) for Led_Flash
    stm32f10x_it.o(.text) refers to stm32f10x_gpio.o(.text) for GPIO_SetBits
    stm32f10x_it.o(.text) refers to stm32f10x_usart.o(.text) for USART_GetFlagStatus
    stm32f10x_it.o(.text) refers to usart.o(.text) for USART1_Do_Rx
    stm32f10x_it.o(.text) refers to stepmotor.o(.bss) for Step_Motor
    stm32f10x_it.o(.text) refers to stm32f10x_it.o(.data) for PWM_state
    tim.o(.text) refers to misc.o(.text) for NVIC_PriorityGroupConfig
    tim.o(.text) refers to stm32f10x_rcc.o(.text) for RCC_APB1PeriphClockCmd
    tim.o(.text) refers to stm32f10x_tim.o(.text) for TIM_DeInit
    tim.o(.text) refers to stm32f10x_gpio.o(.text) for GPIO_PinRemapConfig
    usart.o(.text) refers to misc.o(.text) for NVIC_PriorityGroupConfig
    usart.o(.text) refers to stm32f10x_rcc.o(.text) for RCC_APB2PeriphClockCmd
    usart.o(.text) refers to stm32f10x_gpio.o(.text) for GPIO_Init
    usart.o(.text) refers to stm32f10x_usart.o(.text) for USART_Init
    usart.o(.text) refers to usart.o(.bss) for Usart1_Control_Data
    usart.o(.text) refers to usart.o(.data) for Auto_Frame_Time1
    delay.o(.text) refers to misc.o(.text) for SysTick_CLKSourceConfig
    delay.o(.text) refers to system_stm32f10x.o(.data) for SystemCoreClock
    delay.o(.text) refers to delay.o(.data) for fac_us
    led.o(.text) refers to stm32f10x_rcc.o(.text) for RCC_APB2PeriphClockCmd
    led.o(.text) refers to stm32f10x_gpio.o(.text) for GPIO_Init
    led.o(.text) refers to led.o(.data) for Gled_Num
    stepmotor.o(.text) refers to stm32f10x_rcc.o(.text) for RCC_APB2PeriphClockCmd
    stepmotor.o(.text) refers to stm32f10x_gpio.o(.text) for GPIO_Init
    stepmotor.o(.text) refers to tim.o(.text) for PWM_SetFre
    stepmotor.o(.text) refers to stepmotor.o(.bss) for Step_Motor
    stm32f10x_bkp.o(.text) refers to stm32f10x_rcc.o(.text) for RCC_BackupResetCmd
    stm32f10x_gpio.o(.text) refers to stm32f10x_rcc.o(.text) for RCC_APB2PeriphResetCmd
    stm32f10x_pwr.o(.text) refers to stm32f10x_rcc.o(.text) for RCC_APB1PeriphResetCmd
    stm32f10x_rcc.o(.text) refers to stm32f10x_rcc.o(.data) for APBAHBPrescTable
    stm32f10x_tim.o(.text) refers to stm32f10x_rcc.o(.text) for RCC_APB2PeriphResetCmd
    stm32f10x_usart.o(.text) refers to stm32f10x_rcc.o(.text) for RCC_APB2PeriphResetCmd
    system_stm32f10x.o(.text) refers to system_stm32f10x.o(.data) for SystemCoreClock
    startup_stm32f10x_md.o(RESET) refers to startup_stm32f10x_md.o(STACK) for __initial_sp
    startup_stm32f10x_md.o(RESET) refers to startup_stm32f10x_md.o(.text) for Reset_Handler
    startup_stm32f10x_md.o(RESET) refers to stm32f10x_it.o(.text) for NMI_Handler
    startup_stm32f10x_md.o(.text) refers to system_stm32f10x.o(.text) for SystemInit
    startup_stm32f10x_md.o(.text) refers to entry.o(.ARM.Collect$$$$00000000) for __main
    entry.o(.ARM.Collect$$$$00000000) refers (Special) to entry7b.o(.ARM.Collect$$$$00000008) for _main_clock
    entry.o(.ARM.Collect$$$$00000000) refers (Special) to entry8.o(.ARM.Collect$$$$00000009) for _main_init
    entry.o(.ARM.Collect$$$$00000000) refers (Special) to entry5.o(.ARM.Collect$$$$00000004) for _main_scatterload
    entry.o(.ARM.Collect$$$$00000000) refers (Special) to entry2.o(.ARM.Collect$$$$00000001) for _main_stk
    printfb.o(i.__0fprintf$bare) refers to printfb.o(i._printf_core) for _printf_core
    printfb.o(i.__0fprintf$bare) refers to usart.o(.text) for fputc
    printfb.o(i.__0printf$bare) refers to printfb.o(i._printf_core) for _printf_core
    printfb.o(i.__0printf$bare) refers to usart.o(.text) for fputc
    printfb.o(i.__0printf$bare) refers to stdout.o(.data) for __stdout
    printfb.o(i.__0snprintf$bare) refers to printfb.o(i._printf_core) for _printf_core
    printfb.o(i.__0snprintf$bare) refers to printfb.o(i._snputc) for _snputc
    printfb.o(i.__0sprintf$bare) refers to printfb.o(i._printf_core) for _printf_core
    printfb.o(i.__0sprintf$bare) refers to printfb.o(i._sputc) for _sputc
    printfb.o(i.__0vfprintf$bare) refers to printfb.o(i._printf_core) for _printf_core
    printfb.o(i.__0vfprintf$bare) refers to usart.o(.text) for fputc
    printfb.o(i.__0vprintf$bare) refers to printfb.o(i._printf_core) for _printf_core
    printfb.o(i.__0vprintf$bare) refers to usart.o(.text) for fputc
    printfb.o(i.__0vprintf$bare) refers to stdout.o(.data) for __stdout
    printfb.o(i.__0vsnprintf$bare) refers to printfb.o(i._printf_core) for _printf_core
    printfb.o(i.__0vsnprintf$bare) refers to printfb.o(i._snputc) for _snputc
    printfb.o(i.__0vsprintf$bare) refers to printfb.o(i._printf_core) for _printf_core
    printfb.o(i.__0vsprintf$bare) refers to printfb.o(i._sputc) for _sputc
    printf0.o(i.__0fprintf$0) refers to printf0.o(i._printf_core) for _printf_core
    printf0.o(i.__0fprintf$0) refers to usart.o(.text) for fputc
    printf0.o(i.__0printf$0) refers to printf0.o(i._printf_core) for _printf_core
    printf0.o(i.__0printf$0) refers to usart.o(.text) for fputc
    printf0.o(i.__0printf$0) refers to stdout.o(.data) for __stdout
    printf0.o(i.__0snprintf$0) refers to printf0.o(i._printf_core) for _printf_core
    printf0.o(i.__0snprintf$0) refers to printf0.o(i._snputc) for _snputc
    printf0.o(i.__0sprintf$0) refers to printf0.o(i._printf_core) for _printf_core
    printf0.o(i.__0sprintf$0) refers to printf0.o(i._sputc) for _sputc
    printf0.o(i.__0vfprintf$0) refers to printf0.o(i._printf_core) for _printf_core
    printf0.o(i.__0vfprintf$0) refers to usart.o(.text) for fputc
    printf0.o(i.__0vprintf$0) refers to printf0.o(i._printf_core) for _printf_core
    printf0.o(i.__0vprintf$0) refers to usart.o(.text) for fputc
    printf0.o(i.__0vprintf$0) refers to stdout.o(.data) for __stdout
    printf0.o(i.__0vsnprintf$0) refers to printf0.o(i._printf_core) for _printf_core
    printf0.o(i.__0vsnprintf$0) refers to printf0.o(i._snputc) for _snputc
    printf0.o(i.__0vsprintf$0) refers to printf0.o(i._printf_core) for _printf_core
    printf0.o(i.__0vsprintf$0) refers to printf0.o(i._sputc) for _sputc
    printf1.o(i.__0fprintf$1) refers to printf1.o(i._printf_core) for _printf_core
    printf1.o(i.__0fprintf$1) refers to usart.o(.text) for fputc
    printf1.o(i.__0printf$1) refers to printf1.o(i._printf_core) for _printf_core
    printf1.o(i.__0printf$1) refers to usart.o(.text) for fputc
    printf1.o(i.__0printf$1) refers to stdout.o(.data) for __stdout
    printf1.o(i.__0snprintf$1) refers to printf1.o(i._printf_core) for _printf_core
    printf1.o(i.__0snprintf$1) refers to printf1.o(i._snputc) for _snputc
    printf1.o(i.__0sprintf$1) refers to printf1.o(i._printf_core) for _printf_core
    printf1.o(i.__0sprintf$1) refers to printf1.o(i._sputc) for _sputc
    printf1.o(i.__0vfprintf$1) refers to printf1.o(i._printf_core) for _printf_core
    printf1.o(i.__0vfprintf$1) refers to usart.o(.text) for fputc
    printf1.o(i.__0vprintf$1) refers to printf1.o(i._printf_core) for _printf_core
    printf1.o(i.__0vprintf$1) refers to usart.o(.text) for fputc
    printf1.o(i.__0vprintf$1) refers to stdout.o(.data) for __stdout
    printf1.o(i.__0vsnprintf$1) refers to printf1.o(i._printf_core) for _printf_core
    printf1.o(i.__0vsnprintf$1) refers to printf1.o(i._snputc) for _snputc
    printf1.o(i.__0vsprintf$1) refers to printf1.o(i._printf_core) for _printf_core
    printf1.o(i.__0vsprintf$1) refers to printf1.o(i._sputc) for _sputc
    printf1.o(i._printf_core) refers to uidiv.o(.text) for __aeabi_uidivmod
    printf2.o(i.__0fprintf$2) refers to printf2.o(i._printf_core) for _printf_core
    printf2.o(i.__0fprintf$2) refers to usart.o(.text) for fputc
    printf2.o(i.__0printf$2) refers to printf2.o(i._printf_core) for _printf_core
    printf2.o(i.__0printf$2) refers to usart.o(.text) for fputc
    printf2.o(i.__0printf$2) refers to stdout.o(.data) for __stdout
    printf2.o(i.__0snprintf$2) refers to printf2.o(i._printf_core) for _printf_core
    printf2.o(i.__0snprintf$2) refers to printf2.o(i._snputc) for _snputc
    printf2.o(i.__0sprintf$2) refers to printf2.o(i._printf_core) for _printf_core
    printf2.o(i.__0sprintf$2) refers to printf2.o(i._sputc) for _sputc
    printf2.o(i.__0vfprintf$2) refers to printf2.o(i._printf_core) for _printf_core
    printf2.o(i.__0vfprintf$2) refers to usart.o(.text) for fputc
    printf2.o(i.__0vprintf$2) refers to printf2.o(i._printf_core) for _printf_core
    printf2.o(i.__0vprintf$2) refers to usart.o(.text) for fputc
    printf2.o(i.__0vprintf$2) refers to stdout.o(.data) for __stdout
    printf2.o(i.__0vsnprintf$2) refers to printf2.o(i._printf_core) for _printf_core
    printf2.o(i.__0vsnprintf$2) refers to printf2.o(i._snputc) for _snputc
    printf2.o(i.__0vsprintf$2) refers to printf2.o(i._printf_core) for _printf_core
    printf2.o(i.__0vsprintf$2) refers to printf2.o(i._sputc) for _sputc
    printf3.o(i.__0fprintf$3) refers to printf3.o(i._printf_core) for _printf_core
    printf3.o(i.__0fprintf$3) refers to usart.o(.text) for fputc
    printf3.o(i.__0printf$3) refers to printf3.o(i._printf_core) for _printf_core
    printf3.o(i.__0printf$3) refers to usart.o(.text) for fputc
    printf3.o(i.__0printf$3) refers to stdout.o(.data) for __stdout
    printf3.o(i.__0snprintf$3) refers to printf3.o(i._printf_core) for _printf_core
    printf3.o(i.__0snprintf$3) refers to printf3.o(i._snputc) for _snputc
    printf3.o(i.__0sprintf$3) refers to printf3.o(i._printf_core) for _printf_core
    printf3.o(i.__0sprintf$3) refers to printf3.o(i._sputc) for _sputc
    printf3.o(i.__0vfprintf$3) refers to printf3.o(i._printf_core) for _printf_core
    printf3.o(i.__0vfprintf$3) refers to usart.o(.text) for fputc
    printf3.o(i.__0vprintf$3) refers to printf3.o(i._printf_core) for _printf_core
    printf3.o(i.__0vprintf$3) refers to usart.o(.text) for fputc
    printf3.o(i.__0vprintf$3) refers to stdout.o(.data) for __stdout
    printf3.o(i.__0vsnprintf$3) refers to printf3.o(i._printf_core) for _printf_core
    printf3.o(i.__0vsnprintf$3) refers to printf3.o(i._snputc) for _snputc
    printf3.o(i.__0vsprintf$3) refers to printf3.o(i._printf_core) for _printf_core
    printf3.o(i.__0vsprintf$3) refers to printf3.o(i._sputc) for _sputc
    printf3.o(i._printf_core) refers to uidiv.o(.text) for __aeabi_uidivmod
    printf4.o(i.__0fprintf$4) refers to printf4.o(i._printf_core) for _printf_core
    printf4.o(i.__0fprintf$4) refers to usart.o(.text) for fputc
    printf4.o(i.__0printf$4) refers to printf4.o(i._printf_core) for _printf_core
    printf4.o(i.__0printf$4) refers to usart.o(.text) for fputc
    printf4.o(i.__0printf$4) refers to stdout.o(.data) for __stdout
    printf4.o(i.__0snprintf$4) refers to printf4.o(i._printf_core) for _printf_core
    printf4.o(i.__0snprintf$4) refers to printf4.o(i._snputc) for _snputc
    printf4.o(i.__0sprintf$4) refers to printf4.o(i._printf_core) for _printf_core
    printf4.o(i.__0sprintf$4) refers to printf4.o(i._sputc) for _sputc
    printf4.o(i.__0vfprintf$4) refers to printf4.o(i._printf_core) for _printf_core
    printf4.o(i.__0vfprintf$4) refers to usart.o(.text) for fputc
    printf4.o(i.__0vprintf$4) refers to printf4.o(i._printf_core) for _printf_core
    printf4.o(i.__0vprintf$4) refers to usart.o(.text) for fputc
    printf4.o(i.__0vprintf$4) refers to stdout.o(.data) for __stdout
    printf4.o(i.__0vsnprintf$4) refers to printf4.o(i._printf_core) for _printf_core
    printf4.o(i.__0vsnprintf$4) refers to printf4.o(i._snputc) for _snputc
    printf4.o(i.__0vsprintf$4) refers to printf4.o(i._printf_core) for _printf_core
    printf4.o(i.__0vsprintf$4) refers to printf4.o(i._sputc) for _sputc
    printf4.o(i._printf_core) refers to uldiv.o(.text) for __aeabi_uldivmod
    printf5.o(i.__0fprintf$5) refers to printf5.o(i._printf_core) for _printf_core
    printf5.o(i.__0fprintf$5) refers to usart.o(.text) for fputc
    printf5.o(i.__0printf$5) refers to printf5.o(i._printf_core) for _printf_core
    printf5.o(i.__0printf$5) refers to usart.o(.text) for fputc
    printf5.o(i.__0printf$5) refers to stdout.o(.data) for __stdout
    printf5.o(i.__0snprintf$5) refers to printf5.o(i._printf_core) for _printf_core
    printf5.o(i.__0snprintf$5) refers to printf5.o(i._snputc) for _snputc
    printf5.o(i.__0sprintf$5) refers to printf5.o(i._printf_core) for _printf_core
    printf5.o(i.__0sprintf$5) refers to printf5.o(i._sputc) for _sputc
    printf5.o(i.__0vfprintf$5) refers to printf5.o(i._printf_core) for _printf_core
    printf5.o(i.__0vfprintf$5) refers to usart.o(.text) for fputc
    printf5.o(i.__0vprintf$5) refers to printf5.o(i._printf_core) for _printf_core
    printf5.o(i.__0vprintf$5) refers to usart.o(.text) for fputc
    printf5.o(i.__0vprintf$5) refers to stdout.o(.data) for __stdout
    printf5.o(i.__0vsnprintf$5) refers to printf5.o(i._printf_core) for _printf_core
    printf5.o(i.__0vsnprintf$5) refers to printf5.o(i._snputc) for _snputc
    printf5.o(i.__0vsprintf$5) refers to printf5.o(i._printf_core) for _printf_core
    printf5.o(i.__0vsprintf$5) refers to printf5.o(i._sputc) for _sputc
    printf5.o(i._printf_core) refers to uldiv.o(.text) for __aeabi_uldivmod
    printf6.o(i.__0fprintf$6) refers to printf6.o(i._printf_core) for _printf_core
    printf6.o(i.__0fprintf$6) refers to usart.o(.text) for fputc
    printf6.o(i.__0printf$6) refers to printf6.o(i._printf_core) for _printf_core
    printf6.o(i.__0printf$6) refers to usart.o(.text) for fputc
    printf6.o(i.__0printf$6) refers to stdout.o(.data) for __stdout
    printf6.o(i.__0snprintf$6) refers to printf6.o(i._printf_core) for _printf_core
    printf6.o(i.__0snprintf$6) refers to printf6.o(i._snputc) for _snputc
    printf6.o(i.__0sprintf$6) refers to printf6.o(i._printf_core) for _printf_core
    printf6.o(i.__0sprintf$6) refers to printf6.o(i._sputc) for _sputc
    printf6.o(i.__0vfprintf$6) refers to printf6.o(i._printf_core) for _printf_core
    printf6.o(i.__0vfprintf$6) refers to usart.o(.text) for fputc
    printf6.o(i.__0vprintf$6) refers to printf6.o(i._printf_core) for _printf_core
    printf6.o(i.__0vprintf$6) refers to usart.o(.text) for fputc
    printf6.o(i.__0vprintf$6) refers to stdout.o(.data) for __stdout
    printf6.o(i.__0vsnprintf$6) refers to printf6.o(i._printf_core) for _printf_core
    printf6.o(i.__0vsnprintf$6) refers to printf6.o(i._snputc) for _snputc
    printf6.o(i.__0vsprintf$6) refers to printf6.o(i._printf_core) for _printf_core
    printf6.o(i.__0vsprintf$6) refers to printf6.o(i._sputc) for _sputc
    printf6.o(i._printf_core) refers to printf6.o(i._printf_pre_padding) for _printf_pre_padding
    printf6.o(i._printf_core) refers to uidiv.o(.text) for __aeabi_uidivmod
    printf6.o(i._printf_core) refers to printf6.o(i._printf_post_padding) for _printf_post_padding
    printf7.o(i.__0fprintf$7) refers to printf7.o(i._printf_core) for _printf_core
    printf7.o(i.__0fprintf$7) refers to usart.o(.text) for fputc
    printf7.o(i.__0printf$7) refers to printf7.o(i._printf_core) for _printf_core
    printf7.o(i.__0printf$7) refers to usart.o(.text) for fputc
    printf7.o(i.__0printf$7) refers to stdout.o(.data) for __stdout
    printf7.o(i.__0snprintf$7) refers to printf7.o(i._printf_core) for _printf_core
    printf7.o(i.__0snprintf$7) refers to printf7.o(i._snputc) for _snputc
    printf7.o(i.__0sprintf$7) refers to printf7.o(i._printf_core) for _printf_core
    printf7.o(i.__0sprintf$7) refers to printf7.o(i._sputc) for _sputc
    printf7.o(i.__0vfprintf$7) refers to printf7.o(i._printf_core) for _printf_core
    printf7.o(i.__0vfprintf$7) refers to usart.o(.text) for fputc
    printf7.o(i.__0vprintf$7) refers to printf7.o(i._printf_core) for _printf_core
    printf7.o(i.__0vprintf$7) refers to usart.o(.text) for fputc
    printf7.o(i.__0vprintf$7) refers to stdout.o(.data) for __stdout
    printf7.o(i.__0vsnprintf$7) refers to printf7.o(i._printf_core) for _printf_core
    printf7.o(i.__0vsnprintf$7) refers to printf7.o(i._snputc) for _snputc
    printf7.o(i.__0vsprintf$7) refers to printf7.o(i._printf_core) for _printf_core
    printf7.o(i.__0vsprintf$7) refers to printf7.o(i._sputc) for _sputc
    printf7.o(i._printf_core) refers to printf7.o(i._printf_pre_padding) for _printf_pre_padding
    printf7.o(i._printf_core) refers to uldiv.o(.text) for __aeabi_uldivmod
    printf7.o(i._printf_core) refers to printf7.o(i._printf_post_padding) for _printf_post_padding
    printf8.o(i.__0fprintf$8) refers to printf8.o(i._printf_core) for _printf_core
    printf8.o(i.__0fprintf$8) refers to usart.o(.text) for fputc
    printf8.o(i.__0printf$8) refers to printf8.o(i._printf_core) for _printf_core
    printf8.o(i.__0printf$8) refers to usart.o(.text) for fputc
    printf8.o(i.__0printf$8) refers to stdout.o(.data) for __stdout
    printf8.o(i.__0snprintf$8) refers to printf8.o(i._printf_core) for _printf_core
    printf8.o(i.__0snprintf$8) refers to printf8.o(i._snputc) for _snputc
    printf8.o(i.__0sprintf$8) refers to printf8.o(i._printf_core) for _printf_core
    printf8.o(i.__0sprintf$8) refers to printf8.o(i._sputc) for _sputc
    printf8.o(i.__0vfprintf$8) refers to printf8.o(i._printf_core) for _printf_core
    printf8.o(i.__0vfprintf$8) refers to usart.o(.text) for fputc
    printf8.o(i.__0vprintf$8) refers to printf8.o(i._printf_core) for _printf_core
    printf8.o(i.__0vprintf$8) refers to usart.o(.text) for fputc
    printf8.o(i.__0vprintf$8) refers to stdout.o(.data) for __stdout
    printf8.o(i.__0vsnprintf$8) refers to printf8.o(i._printf_core) for _printf_core
    printf8.o(i.__0vsnprintf$8) refers to printf8.o(i._snputc) for _snputc
    printf8.o(i.__0vsprintf$8) refers to printf8.o(i._printf_core) for _printf_core
    printf8.o(i.__0vsprintf$8) refers to printf8.o(i._sputc) for _sputc
    printf8.o(i._printf_core) refers to printf8.o(i._printf_pre_padding) for _printf_pre_padding
    printf8.o(i._printf_core) refers to uldiv.o(.text) for __aeabi_uldivmod
    printf8.o(i._printf_core) refers to printf8.o(i._printf_post_padding) for _printf_post_padding
    printfa.o(i.__0fprintf) refers (Special) to iusefp.o(.text) for __I$use$fp
    printfa.o(i.__0fprintf) refers to printfa.o(i._printf_core) for _printf_core
    printfa.o(i.__0fprintf) refers to usart.o(.text) for fputc
    printfa.o(i.__0printf) refers (Special) to iusefp.o(.text) for __I$use$fp
    printfa.o(i.__0printf) refers to printfa.o(i._printf_core) for _printf_core
    printfa.o(i.__0printf) refers to usart.o(.text) for fputc
    printfa.o(i.__0printf) refers to stdout.o(.data) for __stdout
    printfa.o(i.__0snprintf) refers (Special) to iusefp.o(.text) for __I$use$fp
    printfa.o(i.__0snprintf) refers to printfa.o(i._printf_core) for _printf_core
    printfa.o(i.__0snprintf) refers to printfa.o(i._snputc) for _snputc
    printfa.o(i.__0sprintf) refers (Special) to iusefp.o(.text) for __I$use$fp
    printfa.o(i.__0sprintf) refers to printfa.o(i._printf_core) for _printf_core
    printfa.o(i.__0sprintf) refers to printfa.o(i._sputc) for _sputc
    printfa.o(i.__0vfprintf) refers (Special) to iusefp.o(.text) for __I$use$fp
    printfa.o(i.__0vfprintf) refers to printfa.o(i._printf_core) for _printf_core
    printfa.o(i.__0vfprintf) refers to usart.o(.text) for fputc
    printfa.o(i.__0vprintf) refers (Special) to iusefp.o(.text) for __I$use$fp
    printfa.o(i.__0vprintf) refers to printfa.o(i._printf_core) for _printf_core
    printfa.o(i.__0vprintf) refers to usart.o(.text) for fputc
    printfa.o(i.__0vprintf) refers to stdout.o(.data) for __stdout
    printfa.o(i.__0vsnprintf) refers (Special) to iusefp.o(.text) for __I$use$fp
    printfa.o(i.__0vsnprintf) refers to printfa.o(i._printf_core) for _printf_core
    printfa.o(i.__0vsnprintf) refers to printfa.o(i._snputc) for _snputc
    printfa.o(i.__0vsprintf) refers (Special) to iusefp.o(.text) for __I$use$fp
    printfa.o(i.__0vsprintf) refers to printfa.o(i._printf_core) for _printf_core
    printfa.o(i.__0vsprintf) refers to printfa.o(i._sputc) for _sputc
    printfa.o(i._fp_digits) refers (Special) to iusefp.o(.text) for __I$use$fp
    printfa.o(i._fp_digits) refers to dmul.o(.text) for __aeabi_dmul
    printfa.o(i._fp_digits) refers to ddiv.o(.text) for __aeabi_ddiv
    printfa.o(i._fp_digits) refers to cdrcmple.o(.text) for __aeabi_cdrcmple
    printfa.o(i._fp_digits) refers to dadd.o(.text) for __aeabi_dadd
    printfa.o(i._fp_digits) refers to dfixul.o(.text) for __aeabi_d2ulz
    printfa.o(i._fp_digits) refers to uldiv.o(.text) for __aeabi_uldivmod
    printfa.o(i._printf_core) refers (Special) to iusefp.o(.text) for __I$use$fp
    printfa.o(i._printf_core) refers to printfa.o(i._printf_pre_padding) for _printf_pre_padding
    printfa.o(i._printf_core) refers to uldiv.o(.text) for __aeabi_uldivmod
    printfa.o(i._printf_core) refers to printfa.o(i._printf_post_padding) for _printf_post_padding
    printfa.o(i._printf_core) refers to printfa.o(i._fp_digits) for _fp_digits
    printfa.o(i._printf_core) refers to uidiv.o(.text) for __aeabi_uidivmod
    printfa.o(i._printf_post_padding) refers (Special) to iusefp.o(.text) for __I$use$fp
    printfa.o(i._printf_pre_padding) refers (Special) to iusefp.o(.text) for __I$use$fp
    printfa.o(i._snputc) refers (Special) to iusefp.o(.text) for __I$use$fp
    printfa.o(i._sputc) refers (Special) to iusefp.o(.text) for __I$use$fp
    entry2.o(.ARM.Collect$$$$00000001) refers to entry2.o(.ARM.Collect$$$$00002712) for __lit__00000000
    entry2.o(.ARM.Collect$$$$00002712) refers to startup_stm32f10x_md.o(STACK) for __initial_sp
    entry2.o(__vectab_stack_and_reset_area) refers to startup_stm32f10x_md.o(STACK) for __initial_sp
    entry2.o(__vectab_stack_and_reset_area) refers to entry.o(.ARM.Collect$$$$00000000) for __main
    entry5.o(.ARM.Collect$$$$00000004) refers to init.o(.text) for __scatterload
    entry8.o(.ARM.Collect$$$$00000009) refers to main.o(.text) for main
    uldiv.o(.text) refers to llushr.o(.text) for __aeabi_llsr
    uldiv.o(.text) refers to llshl.o(.text) for __aeabi_llsl
    dadd.o(.text) refers to llshl.o(.text) for __aeabi_llsl
    dadd.o(.text) refers to llsshr.o(.text) for __aeabi_lasr
    dadd.o(.text) refers to depilogue.o(.text) for _double_epilogue
    dmul.o(.text) refers to depilogue.o(.text) for _double_epilogue
    ddiv.o(.text) refers to depilogue.o(.text) for _double_round
    dfixul.o(.text) refers to llushr.o(.text) for __aeabi_llsr
    dfixul.o(.text) refers to llshl.o(.text) for __aeabi_llsl
    init.o(.text) refers to entry5.o(.ARM.Collect$$$$00000004) for __main_after_scatterload
    depilogue.o(.text) refers to llshl.o(.text) for __aeabi_llsl
    depilogue.o(.text) refers to llushr.o(.text) for __aeabi_llsr


==============================================================================

Removing Unused input sections from the image.

    Removing crc16.o(.text), (168 bytes).
    Removing crc16.o(.constdata), (512 bytes).
    Removing stm32f10x_bkp.o(.text), (188 bytes).
    Removing stm32f10x_exti.o(.text), (328 bytes).
    Removing stm32f10x_pwr.o(.text), (220 bytes).
    Removing stm32f10x_rtc.o(.text), (376 bytes).
    Removing stm32f10x_sdio.o(.text), (548 bytes).
    Removing core_cm3.o(.emb_text), (32 bytes).
    Removing startup_stm32f10x_md.o(HEAP), (512 bytes).
    Removing dadd.o(.text), (332 bytes).
    Removing dmul.o(.text), (224 bytes).
    Removing ddiv.o(.text), (222 bytes).
    Removing dfixul.o(.text), (48 bytes).
    Removing cdrcmple.o(.text), (40 bytes).
    Removing depilogue.o(.text), (190 bytes).

15 unused section(s) (total 3940 bytes) removed from the image.

==============================================================================

Image Symbol Table

    Local Symbols

    Symbol Name                              Value     Ov Type        Size  Object(Section)

    ../../microlib/division.c                0x00000000   Number         0  uidiv.o ABSOLUTE
    ../../microlib/division.c                0x00000000   Number         0  uldiv.o ABSOLUTE
    ../../microlib/fpadd.c                   0x00000000   Number         0  dadd.o ABSOLUTE
    ../../microlib/fpdiv.c                   0x00000000   Number         0  ddiv.o ABSOLUTE
    ../../microlib/fpepilogue.c              0x00000000   Number         0  depilogue.o ABSOLUTE
    ../../microlib/fpfix.c                   0x00000000   Number         0  dfixul.o ABSOLUTE
    ../../microlib/fpmul.c                   0x00000000   Number         0  dmul.o ABSOLUTE
    ../../microlib/init/entry.s              0x00000000   Number         0  entry7a.o ABSOLUTE
    ../../microlib/init/entry.s              0x00000000   Number         0  entry7b.o ABSOLUTE
    ../../microlib/init/entry.s              0x00000000   Number         0  entry.o ABSOLUTE
    ../../microlib/init/entry.s              0x00000000   Number         0  entry8.o ABSOLUTE
    ../../microlib/init/entry.s              0x00000000   Number         0  entry2.o ABSOLUTE
    ../../microlib/init/entry.s              0x00000000   Number         0  entry5.o ABSOLUTE
    ../../microlib/longlong.c                0x00000000   Number         0  llushr.o ABSOLUTE
    ../../microlib/longlong.c                0x00000000   Number         0  llshl.o ABSOLUTE
    ../../microlib/longlong.c                0x00000000   Number         0  llsshr.o ABSOLUTE
    ../../microlib/printf/printf.c           0x00000000   Number         0  printfa.o ABSOLUTE
    ../../microlib/printf/printf.c           0x00000000   Number         0  printf8.o ABSOLUTE
    ../../microlib/printf/printf.c           0x00000000   Number         0  printf7.o ABSOLUTE
    ../../microlib/printf/printf.c           0x00000000   Number         0  printf6.o ABSOLUTE
    ../../microlib/printf/printf.c           0x00000000   Number         0  printf5.o ABSOLUTE
    ../../microlib/printf/printf.c           0x00000000   Number         0  printf4.o ABSOLUTE
    ../../microlib/printf/printf.c           0x00000000   Number         0  printf3.o ABSOLUTE
    ../../microlib/printf/printf.c           0x00000000   Number         0  printf2.o ABSOLUTE
    ../../microlib/printf/printf.c           0x00000000   Number         0  printf1.o ABSOLUTE
    ../../microlib/printf/printf.c           0x00000000   Number         0  printf0.o ABSOLUTE
    ../../microlib/printf/printf.c           0x00000000   Number         0  printfb.o ABSOLUTE
    ../../microlib/stdio/streams.c           0x00000000   Number         0  stdout.o ABSOLUTE
    ../../microlib/stubs.s                   0x00000000   Number         0  iusefp.o ABSOLUTE
    ..\Libraries\CMSIS\core_cm3.c            0x00000000   Number         0  core_cm3.o ABSOLUTE
    ..\Libraries\CMSIS\startup\arm\startup_stm32f10x_md.s 0x00000000   Number         0  startup_stm32f10x_md.o ABSOLUTE
    ..\Libraries\CMSIS\system_stm32f10x.c    0x00000000   Number         0  system_stm32f10x.o ABSOLUTE
    ..\Libraries\STM32F10x_StdPeriph_Driver\src\misc.c 0x00000000   Number         0  misc.o ABSOLUTE
    ..\Libraries\STM32F10x_StdPeriph_Driver\src\stm32f10x_bkp.c 0x00000000   Number         0  stm32f10x_bkp.o ABSOLUTE
    ..\Libraries\STM32F10x_StdPeriph_Driver\src\stm32f10x_exti.c 0x00000000   Number         0  stm32f10x_exti.o ABSOLUTE
    ..\Libraries\STM32F10x_StdPeriph_Driver\src\stm32f10x_gpio.c 0x00000000   Number         0  stm32f10x_gpio.o ABSOLUTE
    ..\Libraries\STM32F10x_StdPeriph_Driver\src\stm32f10x_pwr.c 0x00000000   Number         0  stm32f10x_pwr.o ABSOLUTE
    ..\Libraries\STM32F10x_StdPeriph_Driver\src\stm32f10x_rcc.c 0x00000000   Number         0  stm32f10x_rcc.o ABSOLUTE
    ..\Libraries\STM32F10x_StdPeriph_Driver\src\stm32f10x_rtc.c 0x00000000   Number         0  stm32f10x_rtc.o ABSOLUTE
    ..\Libraries\STM32F10x_StdPeriph_Driver\src\stm32f10x_sdio.c 0x00000000   Number         0  stm32f10x_sdio.o ABSOLUTE
    ..\Libraries\STM32F10x_StdPeriph_Driver\src\stm32f10x_tim.c 0x00000000   Number         0  stm32f10x_tim.o ABSOLUTE
    ..\Libraries\STM32F10x_StdPeriph_Driver\src\stm32f10x_usart.c 0x00000000   Number         0  stm32f10x_usart.o ABSOLUTE
    ..\USER\TIM.C                            0x00000000   Number         0  tim.o ABSOLUTE
    ..\USER\beep.c                           0x00000000   Number         0  beep.o ABSOLUTE
    ..\USER\crc16.c                          0x00000000   Number         0  crc16.o ABSOLUTE
    ..\USER\delay\delay.c                    0x00000000   Number         0  delay.o ABSOLUTE
    ..\USER\led\led.c                        0x00000000   Number         0  led.o ABSOLUTE
    ..\USER\main.c                           0x00000000   Number         0  main.o ABSOLUTE
    ..\USER\stepmotor.c                      0x00000000   Number         0  stepmotor.o ABSOLUTE
    ..\USER\stm32f10x_it.c                   0x00000000   Number         0  stm32f10x_it.o ABSOLUTE
    ..\USER\usart.c                          0x00000000   Number         0  usart.o ABSOLUTE
    ..\\Libraries\\CMSIS\\core_cm3.c         0x00000000   Number         0  core_cm3.o ABSOLUTE
    cdrcmple.s                               0x00000000   Number         0  cdrcmple.o ABSOLUTE
    dc.s                                     0x00000000   Number         0  dc.o ABSOLUTE
    handlers.s                               0x00000000   Number         0  handlers.o ABSOLUTE
    init.s                                   0x00000000   Number         0  init.o ABSOLUTE
    RESET                                    0x08000000   Section      236  startup_stm32f10x_md.o(RESET)
    .ARM.Collect$$$$00000000                 0x080000ec   Section        0  entry.o(.ARM.Collect$$$$00000000)
    .ARM.Collect$$$$00000001                 0x080000ec   Section        4  entry2.o(.ARM.Collect$$$$00000001)
    .ARM.Collect$$$$00000004                 0x080000f0   Section        4  entry5.o(.ARM.Collect$$$$00000004)
    .ARM.Collect$$$$00000008                 0x080000f4   Section        0  entry7b.o(.ARM.Collect$$$$00000008)
    .ARM.Collect$$$$00000009                 0x080000f4   Section        8  entry8.o(.ARM.Collect$$$$00000009)
    .ARM.Collect$$$$00002712                 0x080000fc   Section        4  entry2.o(.ARM.Collect$$$$00002712)
    __lit__00000000                          0x080000fc   Data           4  entry2.o(.ARM.Collect$$$$00002712)
    .text                                    0x08000100   Section        0  beep.o(.text)
    .text                                    0x0800020c   Section        0  main.o(.text)
    .text                                    0x08000308   Section        0  stm32f10x_it.o(.text)
    .text                                    0x08000444   Section        0  tim.o(.text)
    TIM2_Interrupts_Config                   0x08000445   Thumb Code    50  tim.o(.text)
    TIM3_Interrupts_Config                   0x08000477   Thumb Code    46  tim.o(.text)
    .text                                    0x08000680   Section        0  usart.o(.text)
    Init_USART1                              0x08000681   Thumb Code    20  usart.o(.text)
    Init_USART2                              0x08000695   Thumb Code    20  usart.o(.text)
    USART1_Interrupts_Config                 0x080006a9   Thumb Code    50  usart.o(.text)
    USART2_Interrupts_Config                 0x080006db   Thumb Code    42  usart.o(.text)
    .text                                    0x08000afc   Section        0  delay.o(.text)
    .text                                    0x08000bd0   Section        0  led.o(.text)
    Gled_Flash                               0x08000c0d   Thumb Code    92  led.o(.text)
    Rled_Flash                               0x08000c69   Thumb Code    92  led.o(.text)
    .text                                    0x08000cec   Section        0  stepmotor.o(.text)
    .text                                    0x08000e88   Section        0  misc.o(.text)
    .text                                    0x08000f88   Section        0  stm32f10x_gpio.o(.text)
    .text                                    0x08001334   Section        0  stm32f10x_rcc.o(.text)
    .text                                    0x08001748   Section        0  stm32f10x_tim.o(.text)
    TI4_Config                               0x08001c59   Thumb Code   138  stm32f10x_tim.o(.text)
    TI3_Config                               0x08001cf9   Thumb Code   134  stm32f10x_tim.o(.text)
    TI2_Config                               0x08001d99   Thumb Code   138  stm32f10x_tim.o(.text)
    TI1_Config                               0x08001e39   Thumb Code   124  stm32f10x_tim.o(.text)
    .text                                    0x08002718   Section        0  stm32f10x_usart.o(.text)
    .text                                    0x08002bc0   Section        0  system_stm32f10x.o(.text)
    SetSysClockTo72                          0x08002bc1   Thumb Code   200  system_stm32f10x.o(.text)
    SetSysClock                              0x08002c89   Thumb Code     8  system_stm32f10x.o(.text)
    .text                                    0x08002da0   Section       36  startup_stm32f10x_md.o(.text)
    .text                                    0x08002dc4   Section       36  init.o(.text)
    i.__0printf$bare                         0x08002de8   Section        0  printfb.o(i.__0printf$bare)
    i.__scatterload_copy                     0x08002df8   Section       14  handlers.o(i.__scatterload_copy)
    i.__scatterload_null                     0x08002e06   Section        2  handlers.o(i.__scatterload_null)
    i.__scatterload_zeroinit                 0x08002e08   Section       14  handlers.o(i.__scatterload_zeroinit)
    i._printf_core                           0x08002e16   Section        0  printfb.o(i._printf_core)
    _printf_core                             0x08002e17   Thumb Code    34  printfb.o(i._printf_core)
    .data                                    0x20000000   Section        4  beep.o(.data)
    retry                                    0x20000000   Data           1  beep.o(.data)
    beep_static                              0x20000001   Data           1  beep.o(.data)
    .data                                    0x20000004   Section        1  stm32f10x_it.o(.data)
    PWM_state                                0x20000004   Data           1  stm32f10x_it.o(.data)
    .data                                    0x20000005   Section        2  usart.o(.data)
    .data                                    0x20000008   Section        4  delay.o(.data)
    fac_us                                   0x20000008   Data           1  delay.o(.data)
    fac_ms                                   0x2000000a   Data           2  delay.o(.data)
    .data                                    0x2000000c   Section        6  led.o(.data)
    retry                                    0x2000000c   Data           1  led.o(.data)
    led_state                                0x2000000d   Data           1  led.o(.data)
    retry                                    0x2000000e   Data           1  led.o(.data)
    led_state                                0x2000000f   Data           1  led.o(.data)
    .data                                    0x20000012   Section       20  stm32f10x_rcc.o(.data)
    APBAHBPrescTable                         0x20000012   Data          16  stm32f10x_rcc.o(.data)
    ADCPrescTable                            0x20000022   Data           4  stm32f10x_rcc.o(.data)
    .data                                    0x20000028   Section       20  system_stm32f10x.o(.data)
    .data                                    0x2000003c   Section        4  stdout.o(.data)
    .bss                                     0x20000040   Section     2068  usart.o(.bss)
    .bss                                     0x20000854   Section       12  stepmotor.o(.bss)
    STACK                                    0x20000860   Section     1024  startup_stm32f10x_md.o(STACK)

    Global Symbols

    Symbol Name                              Value     Ov Type        Size  Object(Section)

    BuildAttributes$$THM_ISAv4$P$D$K$B$S$PE$A:L22UL41UL21$X:L11$S22US41US21$IEEE1$IW$USESV6$~STKCKD$USESV7$~SHL$OSPACE$ROPI$EBA8$MICROLIB$REQ8$PRES8$EABIv2 0x00000000   Number         0  anon$$obj.o ABSOLUTE
    __ARM_use_no_argv                        0x00000000   Number         0  main.o ABSOLUTE
    __decompress                              - Undefined Weak Reference
    _clock_init                               - Undefined Weak Reference
    __Vectors_Size                           0x000000ec   Number         0  startup_stm32f10x_md.o ABSOLUTE
    __Vectors                                0x08000000   Data           4  startup_stm32f10x_md.o(RESET)
    __Vectors_End                            0x080000ec   Data           0  startup_stm32f10x_md.o(RESET)
    __main                                   0x080000ed   Thumb Code     0  entry.o(.ARM.Collect$$$$00000000)
    _main_stk                                0x080000ed   Thumb Code     0  entry2.o(.ARM.Collect$$$$00000001)
    _main_scatterload                        0x080000f1   Thumb Code     0  entry5.o(.ARM.Collect$$$$00000004)
    __main_after_scatterload                 0x080000f5   Thumb Code     0  entry5.o(.ARM.Collect$$$$00000004)
    _main_clock                              0x080000f5   Thumb Code     0  entry7b.o(.ARM.Collect$$$$00000008)
    _main_init                               0x080000f5   Thumb Code     0  entry8.o(.ARM.Collect$$$$00000009)
    BEEP_GPIO_Config                         0x08000101   Thumb Code    44  beep.o(.text)
    Beep                                     0x0800012d   Thumb Code    70  beep.o(.text)
    Beep_LoudNum                             0x08000173   Thumb Code    68  beep.o(.text)
    Beep_Response                            0x080001b7   Thumb Code    64  beep.o(.text)
    delay_ms1                                0x0800020d   Thumb Code    30  main.o(.text)
    main                                     0x0800022b   Thumb Code   186  main.o(.text)
    NMI_Handler                              0x08000309   Thumb Code     2  stm32f10x_it.o(.text)
    HardFault_Handler                        0x0800030b   Thumb Code     4  stm32f10x_it.o(.text)
    MemManage_Handler                        0x0800030f   Thumb Code     4  stm32f10x_it.o(.text)
    BusFault_Handler                         0x08000313   Thumb Code     4  stm32f10x_it.o(.text)
    UsageFault_Handler                       0x08000317   Thumb Code     4  stm32f10x_it.o(.text)
    SVC_Handler                              0x0800031b   Thumb Code     2  stm32f10x_it.o(.text)
    DebugMon_Handler                         0x0800031d   Thumb Code     2  stm32f10x_it.o(.text)
    PendSV_Handler                           0x0800031f   Thumb Code     2  stm32f10x_it.o(.text)
    SysTick_Handler                          0x08000321   Thumb Code     2  stm32f10x_it.o(.text)
    TIM2_IRQHandler                          0x08000323   Thumb Code    30  stm32f10x_it.o(.text)
    TIM3_IRQHandler                          0x08000341   Thumb Code   100  stm32f10x_it.o(.text)
    USART1_IRQHandler                        0x080003a5   Thumb Code    68  stm32f10x_it.o(.text)
    USART2_IRQHandler                        0x080003e9   Thumb Code    68  stm32f10x_it.o(.text)
    TIM2_Config                              0x080004a5   Thumb Code    88  tim.o(.text)
    TIM3_Config                              0x080004fd   Thumb Code    86  tim.o(.text)
    PWM_SetFre                               0x08000553   Thumb Code   112  tim.o(.text)
    TIM3_PWM_Init                            0x080005c3   Thumb Code   170  tim.o(.text)
    USART1_Config                            0x08000705   Thumb Code   164  usart.o(.text)
    USART2_Config                            0x080007a9   Thumb Code   216  usart.o(.text)
    fputc                                    0x08000881   Thumb Code    32  usart.o(.text)
    USART1_Putc                              0x080008a1   Thumb Code    28  usart.o(.text)
    USART1_Puts                              0x080008bd   Thumb Code    38  usart.o(.text)
    USART2_Putc                              0x080008e3   Thumb Code    28  usart.o(.text)
    USART2_Puts                              0x080008ff   Thumb Code    38  usart.o(.text)
    USART1_Do_Tx                             0x08000925   Thumb Code    54  usart.o(.text)
    USART2_Do_Tx                             0x0800095b   Thumb Code    54  usart.o(.text)
    USART1_Do_Rx                             0x08000991   Thumb Code   162  usart.o(.text)
    USART2_Do_Rx                             0x08000a33   Thumb Code   192  usart.o(.text)
    delay_init                               0x08000afd   Thumb Code    42  delay.o(.text)
    delay_us                                 0x08000b27   Thumb Code    76  delay.o(.text)
    delay_ms                                 0x08000b73   Thumb Code    76  delay.o(.text)
    LED_GPIO_Config                          0x08000bd1   Thumb Code    60  led.o(.text)
    Led_Flash                                0x08000cc5   Thumb Code    12  led.o(.text)
    stepmotor_GPIO_Config                    0x08000ced   Thumb Code    70  stepmotor.o(.text)
    Motor_Soft_Start                         0x08000d33   Thumb Code   110  stepmotor.o(.text)
    Motor_Soft_Stop                          0x08000da1   Thumb Code    80  stepmotor.o(.text)
    Motor_Step_Pules                         0x08000df1   Thumb Code   142  stepmotor.o(.text)
    NVIC_PriorityGroupConfig                 0x08000e89   Thumb Code    12  misc.o(.text)
    NVIC_Init                                0x08000e95   Thumb Code   128  misc.o(.text)
    NVIC_SetVectorTable                      0x08000f15   Thumb Code    16  misc.o(.text)
    NVIC_SystemLPConfig                      0x08000f25   Thumb Code    30  misc.o(.text)
    SysTick_CLKSourceConfig                  0x08000f43   Thumb Code    40  misc.o(.text)
    GPIO_DeInit                              0x08000f89   Thumb Code   172  stm32f10x_gpio.o(.text)
    GPIO_AFIODeInit                          0x08001035   Thumb Code    20  stm32f10x_gpio.o(.text)
    GPIO_Init                                0x08001049   Thumb Code   292  stm32f10x_gpio.o(.text)
    GPIO_StructInit                          0x0800116d   Thumb Code    20  stm32f10x_gpio.o(.text)
    GPIO_ReadInputDataBit                    0x08001181   Thumb Code    24  stm32f10x_gpio.o(.text)
    GPIO_ReadInputData                       0x08001199   Thumb Code     8  stm32f10x_gpio.o(.text)
    GPIO_ReadOutputDataBit                   0x080011a1   Thumb Code    24  stm32f10x_gpio.o(.text)
    GPIO_ReadOutputData                      0x080011b9   Thumb Code     8  stm32f10x_gpio.o(.text)
    GPIO_SetBits                             0x080011c1   Thumb Code     4  stm32f10x_gpio.o(.text)
    GPIO_ResetBits                           0x080011c5   Thumb Code     4  stm32f10x_gpio.o(.text)
    GPIO_WriteBit                            0x080011c9   Thumb Code    10  stm32f10x_gpio.o(.text)
    GPIO_Write                               0x080011d3   Thumb Code     4  stm32f10x_gpio.o(.text)
    GPIO_PinLockConfig                       0x080011d7   Thumb Code    20  stm32f10x_gpio.o(.text)
    GPIO_EventOutputConfig                   0x080011eb   Thumb Code    32  stm32f10x_gpio.o(.text)
    GPIO_EventOutputCmd                      0x0800120b   Thumb Code     6  stm32f10x_gpio.o(.text)
    GPIO_PinRemapConfig                      0x08001211   Thumb Code   156  stm32f10x_gpio.o(.text)
    GPIO_EXTILineConfig                      0x080012ad   Thumb Code    84  stm32f10x_gpio.o(.text)
    GPIO_ETH_MediaInterfaceConfig            0x08001301   Thumb Code     6  stm32f10x_gpio.o(.text)
    RCC_DeInit                               0x08001335   Thumb Code    68  stm32f10x_rcc.o(.text)
    RCC_HSEConfig                            0x08001379   Thumb Code    70  stm32f10x_rcc.o(.text)
    RCC_GetFlagStatus                        0x080013bf   Thumb Code    68  stm32f10x_rcc.o(.text)
    RCC_WaitForHSEStartUp                    0x08001403   Thumb Code    56  stm32f10x_rcc.o(.text)
    RCC_AdjustHSICalibrationValue            0x0800143b   Thumb Code    22  stm32f10x_rcc.o(.text)
    RCC_HSICmd                               0x08001451   Thumb Code     6  stm32f10x_rcc.o(.text)
    RCC_PLLConfig                            0x08001457   Thumb Code    28  stm32f10x_rcc.o(.text)
    RCC_PLLCmd                               0x08001473   Thumb Code     6  stm32f10x_rcc.o(.text)
    RCC_SYSCLKConfig                         0x08001479   Thumb Code    22  stm32f10x_rcc.o(.text)
    RCC_GetSYSCLKSource                      0x0800148f   Thumb Code    10  stm32f10x_rcc.o(.text)
    RCC_HCLKConfig                           0x08001499   Thumb Code    22  stm32f10x_rcc.o(.text)
    RCC_PCLK1Config                          0x080014af   Thumb Code    22  stm32f10x_rcc.o(.text)
    RCC_PCLK2Config                          0x080014c5   Thumb Code    22  stm32f10x_rcc.o(.text)
    RCC_ITConfig                             0x080014db   Thumb Code    36  stm32f10x_rcc.o(.text)
    RCC_USBCLKConfig                         0x080014ff   Thumb Code     6  stm32f10x_rcc.o(.text)
    RCC_ADCCLKConfig                         0x08001505   Thumb Code    22  stm32f10x_rcc.o(.text)
    RCC_LSEConfig                            0x0800151b   Thumb Code    50  stm32f10x_rcc.o(.text)
    RCC_LSICmd                               0x0800154d   Thumb Code     6  stm32f10x_rcc.o(.text)
    RCC_RTCCLKConfig                         0x08001553   Thumb Code    14  stm32f10x_rcc.o(.text)
    RCC_RTCCLKCmd                            0x08001561   Thumb Code     6  stm32f10x_rcc.o(.text)
    RCC_GetClocksFreq                        0x08001567   Thumb Code   216  stm32f10x_rcc.o(.text)
    RCC_AHBPeriphClockCmd                    0x0800163f   Thumb Code    30  stm32f10x_rcc.o(.text)
    RCC_APB2PeriphClockCmd                   0x0800165d   Thumb Code    30  stm32f10x_rcc.o(.text)
    RCC_APB1PeriphClockCmd                   0x0800167b   Thumb Code    30  stm32f10x_rcc.o(.text)
    RCC_APB2PeriphResetCmd                   0x08001699   Thumb Code    30  stm32f10x_rcc.o(.text)
    RCC_APB1PeriphResetCmd                   0x080016b7   Thumb Code    30  stm32f10x_rcc.o(.text)
    RCC_BackupResetCmd                       0x080016d5   Thumb Code     6  stm32f10x_rcc.o(.text)
    RCC_ClockSecuritySystemCmd               0x080016db   Thumb Code     6  stm32f10x_rcc.o(.text)
    RCC_MCOConfig                            0x080016e1   Thumb Code     6  stm32f10x_rcc.o(.text)
    RCC_ClearFlag                            0x080016e7   Thumb Code    14  stm32f10x_rcc.o(.text)
    RCC_GetITStatus                          0x080016f5   Thumb Code    26  stm32f10x_rcc.o(.text)
    RCC_ClearITPendingBit                    0x0800170f   Thumb Code    58  stm32f10x_rcc.o(.text)
    TIM_DeInit                               0x08001749   Thumb Code   424  stm32f10x_tim.o(.text)
    TIM_TimeBaseInit                         0x080018f1   Thumb Code   134  stm32f10x_tim.o(.text)
    TIM_OC1Init                              0x08001977   Thumb Code   168  stm32f10x_tim.o(.text)
    TIM_OC2Init                              0x08001a1f   Thumb Code   178  stm32f10x_tim.o(.text)
    TIM_OC3Init                              0x08001ad1   Thumb Code   240  stm32f10x_tim.o(.text)
    TIM_OC4Init                              0x08001bc1   Thumb Code   126  stm32f10x_tim.o(.text)
    TIM_SetIC4Prescaler                      0x08001c3f   Thumb Code    26  stm32f10x_tim.o(.text)
    TIM_SetIC3Prescaler                      0x08001ce3   Thumb Code    22  stm32f10x_tim.o(.text)
    TIM_SetIC2Prescaler                      0x08001d7f   Thumb Code    26  stm32f10x_tim.o(.text)
    TIM_SetIC1Prescaler                      0x08001e23   Thumb Code    22  stm32f10x_tim.o(.text)
    TIM_ICInit                               0x08001eb5   Thumb Code   150  stm32f10x_tim.o(.text)
    TIM_PWMIConfig                           0x08001f4b   Thumb Code   136  stm32f10x_tim.o(.text)
    TIM_BDTRConfig                           0x08001fd3   Thumb Code    66  stm32f10x_tim.o(.text)
    TIM_TimeBaseStructInit                   0x08002015   Thumb Code    20  stm32f10x_tim.o(.text)
    TIM_OCStructInit                         0x08002029   Thumb Code    22  stm32f10x_tim.o(.text)
    TIM_ICStructInit                         0x0800203f   Thumb Code    24  stm32f10x_tim.o(.text)
    TIM_BDTRStructInit                       0x08002057   Thumb Code    20  stm32f10x_tim.o(.text)
    TIM_Cmd                                  0x0800206b   Thumb Code    26  stm32f10x_tim.o(.text)
    TIM_CtrlPWMOutputs                       0x08002085   Thumb Code    30  stm32f10x_tim.o(.text)
    TIM_ITConfig                             0x080020a3   Thumb Code    30  stm32f10x_tim.o(.text)
    TIM_GenerateEvent                        0x080020c1   Thumb Code     4  stm32f10x_tim.o(.text)
    TIM_DMAConfig                            0x080020c5   Thumb Code    10  stm32f10x_tim.o(.text)
    TIM_DMACmd                               0x080020cf   Thumb Code    30  stm32f10x_tim.o(.text)
    TIM_InternalClockConfig                  0x080020ed   Thumb Code    14  stm32f10x_tim.o(.text)
    TIM_SelectInputTrigger                   0x080020fb   Thumb Code    24  stm32f10x_tim.o(.text)
    TIM_ITRxExternalClockConfig              0x08002113   Thumb Code    24  stm32f10x_tim.o(.text)
    TIM_TIxExternalClockConfig               0x0800212b   Thumb Code    62  stm32f10x_tim.o(.text)
    TIM_ETRConfig                            0x08002169   Thumb Code    32  stm32f10x_tim.o(.text)
    TIM_ETRClockMode1Config                  0x08002189   Thumb Code    60  stm32f10x_tim.o(.text)
    TIM_ETRClockMode2Config                  0x080021c5   Thumb Code    32  stm32f10x_tim.o(.text)
    TIM_PrescalerConfig                      0x080021e5   Thumb Code     6  stm32f10x_tim.o(.text)
    TIM_CounterModeConfig                    0x080021eb   Thumb Code    24  stm32f10x_tim.o(.text)
    TIM_EncoderInterfaceConfig               0x08002203   Thumb Code    78  stm32f10x_tim.o(.text)
    TIM_ForcedOC1Config                      0x08002251   Thumb Code    24  stm32f10x_tim.o(.text)
    TIM_ForcedOC2Config                      0x08002269   Thumb Code    28  stm32f10x_tim.o(.text)
    TIM_ForcedOC3Config                      0x08002285   Thumb Code    24  stm32f10x_tim.o(.text)
    TIM_ForcedOC4Config                      0x0800229d   Thumb Code    28  stm32f10x_tim.o(.text)
    TIM_ARRPreloadConfig                     0x080022b9   Thumb Code    26  stm32f10x_tim.o(.text)
    TIM_SelectCOM                            0x080022d3   Thumb Code    26  stm32f10x_tim.o(.text)
    TIM_SelectCCDMA                          0x080022ed   Thumb Code    26  stm32f10x_tim.o(.text)
    TIM_CCPreloadControl                     0x08002307   Thumb Code    26  stm32f10x_tim.o(.text)
    TIM_OC1PreloadConfig                     0x08002321   Thumb Code    24  stm32f10x_tim.o(.text)
    TIM_OC2PreloadConfig                     0x08002339   Thumb Code    28  stm32f10x_tim.o(.text)
    TIM_OC3PreloadConfig                     0x08002355   Thumb Code    24  stm32f10x_tim.o(.text)
    TIM_OC4PreloadConfig                     0x0800236d   Thumb Code    28  stm32f10x_tim.o(.text)
    TIM_OC1FastConfig                        0x08002389   Thumb Code    24  stm32f10x_tim.o(.text)
    TIM_OC2FastConfig                        0x080023a1   Thumb Code    28  stm32f10x_tim.o(.text)
    TIM_OC3FastConfig                        0x080023bd   Thumb Code    24  stm32f10x_tim.o(.text)
    TIM_OC4FastConfig                        0x080023d5   Thumb Code    28  stm32f10x_tim.o(.text)
    TIM_ClearOC1Ref                          0x080023f1   Thumb Code    24  stm32f10x_tim.o(.text)
    TIM_ClearOC2Ref                          0x08002409   Thumb Code    24  stm32f10x_tim.o(.text)
    TIM_ClearOC3Ref                          0x08002421   Thumb Code    24  stm32f10x_tim.o(.text)
    TIM_ClearOC4Ref                          0x08002439   Thumb Code    24  stm32f10x_tim.o(.text)
    TIM_OC1PolarityConfig                    0x08002451   Thumb Code    24  stm32f10x_tim.o(.text)
    TIM_OC1NPolarityConfig                   0x08002469   Thumb Code    24  stm32f10x_tim.o(.text)
    TIM_OC2PolarityConfig                    0x08002481   Thumb Code    28  stm32f10x_tim.o(.text)
    TIM_OC2NPolarityConfig                   0x0800249d   Thumb Code    28  stm32f10x_tim.o(.text)
    TIM_OC3PolarityConfig                    0x080024b9   Thumb Code    28  stm32f10x_tim.o(.text)
    TIM_OC3NPolarityConfig                   0x080024d5   Thumb Code    28  stm32f10x_tim.o(.text)
    TIM_OC4PolarityConfig                    0x080024f1   Thumb Code    28  stm32f10x_tim.o(.text)
    TIM_CCxCmd                               0x0800250d   Thumb Code    46  stm32f10x_tim.o(.text)
    TIM_CCxNCmd                              0x0800253b   Thumb Code    46  stm32f10x_tim.o(.text)
    TIM_SelectOCxM                           0x08002569   Thumb Code   100  stm32f10x_tim.o(.text)
    TIM_UpdateDisableConfig                  0x080025cd   Thumb Code    26  stm32f10x_tim.o(.text)
    TIM_UpdateRequestConfig                  0x080025e7   Thumb Code    26  stm32f10x_tim.o(.text)
    TIM_SelectHallSensor                     0x08002601   Thumb Code    26  stm32f10x_tim.o(.text)
    TIM_SelectOnePulseMode                   0x0800261b   Thumb Code    22  stm32f10x_tim.o(.text)
    TIM_SelectOutputTrigger                  0x08002631   Thumb Code    22  stm32f10x_tim.o(.text)
    TIM_SelectSlaveMode                      0x08002647   Thumb Code    22  stm32f10x_tim.o(.text)
    TIM_SelectMasterSlaveMode                0x0800265d   Thumb Code    22  stm32f10x_tim.o(.text)
    TIM_SetCounter                           0x08002673   Thumb Code     4  stm32f10x_tim.o(.text)
    TIM_SetAutoreload                        0x08002677   Thumb Code     4  stm32f10x_tim.o(.text)
    TIM_SetCompare1                          0x0800267b   Thumb Code     4  stm32f10x_tim.o(.text)
    TIM_SetCompare2                          0x0800267f   Thumb Code     4  stm32f10x_tim.o(.text)
    TIM_SetCompare3                          0x08002683   Thumb Code     4  stm32f10x_tim.o(.text)
    TIM_SetCompare4                          0x08002687   Thumb Code     6  stm32f10x_tim.o(.text)
    TIM_SetClockDivision                     0x0800268d   Thumb Code    22  stm32f10x_tim.o(.text)
    TIM_GetCapture1                          0x080026a3   Thumb Code     6  stm32f10x_tim.o(.text)
    TIM_GetCapture2                          0x080026a9   Thumb Code     6  stm32f10x_tim.o(.text)
    TIM_GetCapture3                          0x080026af   Thumb Code     6  stm32f10x_tim.o(.text)
    TIM_GetCapture4                          0x080026b5   Thumb Code     8  stm32f10x_tim.o(.text)
    TIM_GetCounter                           0x080026bd   Thumb Code     6  stm32f10x_tim.o(.text)
    TIM_GetPrescaler                         0x080026c3   Thumb Code     6  stm32f10x_tim.o(.text)
    TIM_GetFlagStatus                        0x080026c9   Thumb Code    24  stm32f10x_tim.o(.text)
    TIM_ClearFlag                            0x080026e1   Thumb Code     8  stm32f10x_tim.o(.text)
    TIM_GetITStatus                          0x080026e9   Thumb Code    40  stm32f10x_tim.o(.text)
    TIM_ClearITPendingBit                    0x08002711   Thumb Code     8  stm32f10x_tim.o(.text)
    USART_DeInit                             0x08002719   Thumb Code   134  stm32f10x_usart.o(.text)
    USART_Init                               0x0800279f   Thumb Code   250  stm32f10x_usart.o(.text)
    USART_StructInit                         0x08002899   Thumb Code    30  stm32f10x_usart.o(.text)
    USART_ClockInit                          0x080028b7   Thumb Code    46  stm32f10x_usart.o(.text)
    USART_ClockStructInit                    0x080028e5   Thumb Code    14  stm32f10x_usart.o(.text)
    USART_Cmd                                0x080028f3   Thumb Code    26  stm32f10x_usart.o(.text)
    USART_ITConfig                           0x0800290d   Thumb Code    88  stm32f10x_usart.o(.text)
    USART_DMACmd                             0x08002965   Thumb Code    30  stm32f10x_usart.o(.text)
    USART_SetAddress                         0x08002983   Thumb Code    22  stm32f10x_usart.o(.text)
    USART_WakeUpConfig                       0x08002999   Thumb Code    22  stm32f10x_usart.o(.text)
    USART_ReceiverWakeUpCmd                  0x080029af   Thumb Code    26  stm32f10x_usart.o(.text)
    USART_LINBreakDetectLengthConfig         0x080029c9   Thumb Code    22  stm32f10x_usart.o(.text)
    USART_LINCmd                             0x080029df   Thumb Code    26  stm32f10x_usart.o(.text)
    USART_SendData                           0x080029f9   Thumb Code     8  stm32f10x_usart.o(.text)
    USART_ReceiveData                        0x08002a01   Thumb Code    10  stm32f10x_usart.o(.text)
    USART_SendBreak                          0x08002a0b   Thumb Code    10  stm32f10x_usart.o(.text)
    USART_SetGuardTime                       0x08002a15   Thumb Code    16  stm32f10x_usart.o(.text)
    USART_SetPrescaler                       0x08002a25   Thumb Code    18  stm32f10x_usart.o(.text)
    USART_SmartCardCmd                       0x08002a37   Thumb Code    26  stm32f10x_usart.o(.text)
    USART_SmartCardNACKCmd                   0x08002a51   Thumb Code    26  stm32f10x_usart.o(.text)
    USART_HalfDuplexCmd                      0x08002a6b   Thumb Code    26  stm32f10x_usart.o(.text)
    USART_OverSampling8Cmd                   0x08002a85   Thumb Code    22  stm32f10x_usart.o(.text)
    USART_OneBitMethodCmd                    0x08002a9b   Thumb Code    26  stm32f10x_usart.o(.text)
    USART_IrDAConfig                         0x08002ab5   Thumb Code    22  stm32f10x_usart.o(.text)
    USART_IrDACmd                            0x08002acb   Thumb Code    26  stm32f10x_usart.o(.text)
    USART_GetFlagStatus                      0x08002ae5   Thumb Code    54  stm32f10x_usart.o(.text)
    USART_ClearFlag                          0x08002b1b   Thumb Code    20  stm32f10x_usart.o(.text)
    USART_GetITStatus                        0x08002b2f   Thumb Code   104  stm32f10x_usart.o(.text)
    USART_ClearITPendingBit                  0x08002b97   Thumb Code    40  stm32f10x_usart.o(.text)
    SystemInit                               0x08002c91   Thumb Code    82  system_stm32f10x.o(.text)
    SystemCoreClockUpdate                    0x08002ce3   Thumb Code   154  system_stm32f10x.o(.text)
    Reset_Handler                            0x08002da1   Thumb Code     8  startup_stm32f10x_md.o(.text)
    ADC1_2_IRQHandler                        0x08002dbb   Thumb Code     0  startup_stm32f10x_md.o(.text)
    CAN1_RX1_IRQHandler                      0x08002dbb   Thumb Code     0  startup_stm32f10x_md.o(.text)
    CAN1_SCE_IRQHandler                      0x08002dbb   Thumb Code     0  startup_stm32f10x_md.o(.text)
    DMA1_Channel1_IRQHandler                 0x08002dbb   Thumb Code     0  startup_stm32f10x_md.o(.text)
    DMA1_Channel2_IRQHandler                 0x08002dbb   Thumb Code     0  startup_stm32f10x_md.o(.text)
    DMA1_Channel3_IRQHandler                 0x08002dbb   Thumb Code     0  startup_stm32f10x_md.o(.text)
    DMA1_Channel4_IRQHandler                 0x08002dbb   Thumb Code     0  startup_stm32f10x_md.o(.text)
    DMA1_Channel5_IRQHandler                 0x08002dbb   Thumb Code     0  startup_stm32f10x_md.o(.text)
    DMA1_Channel6_IRQHandler                 0x08002dbb   Thumb Code     0  startup_stm32f10x_md.o(.text)
    DMA1_Channel7_IRQHandler                 0x08002dbb   Thumb Code     0  startup_stm32f10x_md.o(.text)
    EXTI0_IRQHandler                         0x08002dbb   Thumb Code     0  startup_stm32f10x_md.o(.text)
    EXTI15_10_IRQHandler                     0x08002dbb   Thumb Code     0  startup_stm32f10x_md.o(.text)
    EXTI1_IRQHandler                         0x08002dbb   Thumb Code     0  startup_stm32f10x_md.o(.text)
    EXTI2_IRQHandler                         0x08002dbb   Thumb Code     0  startup_stm32f10x_md.o(.text)
    EXTI3_IRQHandler                         0x08002dbb   Thumb Code     0  startup_stm32f10x_md.o(.text)
    EXTI4_IRQHandler                         0x08002dbb   Thumb Code     0  startup_stm32f10x_md.o(.text)
    EXTI9_5_IRQHandler                       0x08002dbb   Thumb Code     0  startup_stm32f10x_md.o(.text)
    FLASH_IRQHandler                         0x08002dbb   Thumb Code     0  startup_stm32f10x_md.o(.text)
    I2C1_ER_IRQHandler                       0x08002dbb   Thumb Code     0  startup_stm32f10x_md.o(.text)
    I2C1_EV_IRQHandler                       0x08002dbb   Thumb Code     0  startup_stm32f10x_md.o(.text)
    I2C2_ER_IRQHandler                       0x08002dbb   Thumb Code     0  startup_stm32f10x_md.o(.text)
    I2C2_EV_IRQHandler                       0x08002dbb   Thumb Code     0  startup_stm32f10x_md.o(.text)
    PVD_IRQHandler                           0x08002dbb   Thumb Code     0  startup_stm32f10x_md.o(.text)
    RCC_IRQHandler                           0x08002dbb   Thumb Code     0  startup_stm32f10x_md.o(.text)
    RTCAlarm_IRQHandler                      0x08002dbb   Thumb Code     0  startup_stm32f10x_md.o(.text)
    RTC_IRQHandler                           0x08002dbb   Thumb Code     0  startup_stm32f10x_md.o(.text)
    SPI1_IRQHandler                          0x08002dbb   Thumb Code     0  startup_stm32f10x_md.o(.text)
    SPI2_IRQHandler                          0x08002dbb   Thumb Code     0  startup_stm32f10x_md.o(.text)
    TAMPER_IRQHandler                        0x08002dbb   Thumb Code     0  startup_stm32f10x_md.o(.text)
    TIM1_BRK_IRQHandler                      0x08002dbb   Thumb Code     0  startup_stm32f10x_md.o(.text)
    TIM1_CC_IRQHandler                       0x08002dbb   Thumb Code     0  startup_stm32f10x_md.o(.text)
    TIM1_TRG_COM_IRQHandler                  0x08002dbb   Thumb Code     0  startup_stm32f10x_md.o(.text)
    TIM1_UP_IRQHandler                       0x08002dbb   Thumb Code     0  startup_stm32f10x_md.o(.text)
    TIM4_IRQHandler                          0x08002dbb   Thumb Code     0  startup_stm32f10x_md.o(.text)
    USART3_IRQHandler                        0x08002dbb   Thumb Code     0  startup_stm32f10x_md.o(.text)
    USBWakeUp_IRQHandler                     0x08002dbb   Thumb Code     0  startup_stm32f10x_md.o(.text)
    USB_HP_CAN1_TX_IRQHandler                0x08002dbb   Thumb Code     0  startup_stm32f10x_md.o(.text)
    USB_LP_CAN1_RX0_IRQHandler               0x08002dbb   Thumb Code     0  startup_stm32f10x_md.o(.text)
    WWDG_IRQHandler                          0x08002dbb   Thumb Code     0  startup_stm32f10x_md.o(.text)
    __scatterload                            0x08002dc5   Thumb Code    28  init.o(.text)
    __scatterload_rt2                        0x08002dc5   Thumb Code     0  init.o(.text)
    __0printf$bare                           0x08002de9   Thumb Code     8  printfb.o(i.__0printf$bare)
    __1printf$bare                           0x08002de9   Thumb Code     0  printfb.o(i.__0printf$bare)
    __2printf                                0x08002de9   Thumb Code     0  printfb.o(i.__0printf$bare)
    __scatterload_copy                       0x08002df9   Thumb Code    14  handlers.o(i.__scatterload_copy)
    __scatterload_null                       0x08002e07   Thumb Code     2  handlers.o(i.__scatterload_null)
    __scatterload_zeroinit                   0x08002e09   Thumb Code    14  handlers.o(i.__scatterload_zeroinit)
    Region$$Table$$Base                      0x08002e38   Number         0  anon$$obj.o(Region$$Table)
    Region$$Table$$Limit                     0x08002e58   Number         0  anon$$obj.o(Region$$Table)
    Beep_Time                                0x20000002   Data           1  beep.o(.data)
    Beep_Num                                 0x20000003   Data           1  beep.o(.data)
    Auto_Frame_Time1                         0x20000005   Data           1  usart.o(.data)
    Auto_Frame_Time2                         0x20000006   Data           1  usart.o(.data)
    Gled_Num                                 0x20000010   Data           1  led.o(.data)
    Rled_Num                                 0x20000011   Data           1  led.o(.data)
    SystemCoreClock                          0x20000028   Data           4  system_stm32f10x.o(.data)
    AHBPrescTable                            0x2000002c   Data          16  system_stm32f10x.o(.data)
    __stdout                                 0x2000003c   Data           4  stdout.o(.data)
    Usart1_Control_Data                      0x20000040   Data        1034  usart.o(.bss)
    Usart2_Control_Data                      0x2000044a   Data        1034  usart.o(.bss)
    Step_Motor                               0x20000854   Data          12  stepmotor.o(.bss)
    __initial_sp                             0x20000c60   Data           0  startup_stm32f10x_md.o(STACK)



==============================================================================

Memory Map of the image

  Image Entry point : 0x080000ed

  Load Region LR_IROM1 (Base: 0x08000000, Size: 0x00002e98, Max: 0x00010000, ABSOLUTE)

    Execution Region ER_IROM1 (Base: 0x08000000, Size: 0x00002e58, Max: 0x00010000, ABSOLUTE)

    Base Addr    Size         Type   Attr      Idx    E Section Name        Object

    0x08000000   0x000000ec   Data   RO          387    RESET               startup_stm32f10x_md.o
    0x080000ec   0x00000000   Code   RO          392  * .ARM.Collect$$$$00000000  mc_w.l(entry.o)
    0x080000ec   0x00000004   Code   RO          655    .ARM.Collect$$$$00000001  mc_w.l(entry2.o)
    0x080000f0   0x00000004   Code   RO          658    .ARM.Collect$$$$00000004  mc_w.l(entry5.o)
    0x080000f4   0x00000000   Code   RO          660    .ARM.Collect$$$$00000008  mc_w.l(entry7b.o)
    0x080000f4   0x00000008   Code   RO          661    .ARM.Collect$$$$00000009  mc_w.l(entry8.o)
    0x080000fc   0x00000004   Code   RO          656    .ARM.Collect$$$$00002712  mc_w.l(entry2.o)
    0x08000100   0x0000010c   Code   RO            1    .text               beep.o
    0x0800020c   0x000000fc   Code   RO          114    .text               main.o
    0x08000308   0x0000013c   Code   RO          129    .text               stm32f10x_it.o
    0x08000444   0x0000023c   Code   RO          145    .text               tim.o
    0x08000680   0x0000047c   Code   RO          157    .text               usart.o
    0x08000afc   0x000000d4   Code   RO          177    .text               delay.o
    0x08000bd0   0x0000011c   Code   RO          191    .text               led.o
    0x08000cec   0x0000019c   Code   RO          209    .text               stepmotor.o
    0x08000e88   0x00000100   Code   RO          228    .text               misc.o
    0x08000f88   0x000003ac   Code   RO          267    .text               stm32f10x_gpio.o
    0x08001334   0x00000414   Code   RO          291    .text               stm32f10x_rcc.o
    0x08001748   0x00000fd0   Code   RO          332    .text               stm32f10x_tim.o
    0x08002718   0x000004a6   Code   RO          344    .text               stm32f10x_usart.o
    0x08002bbe   0x00000002   PAD
    0x08002bc0   0x000001e0   Code   RO          367    .text               system_stm32f10x.o
    0x08002da0   0x00000024   Code   RO          388    .text               startup_stm32f10x_md.o
    0x08002dc4   0x00000024   Code   RO          678    .text               mc_w.l(init.o)
    0x08002de8   0x00000010   Code   RO          396    i.__0printf$bare    mc_w.l(printfb.o)
    0x08002df8   0x0000000e   Code   RO          690    i.__scatterload_copy  mc_w.l(handlers.o)
    0x08002e06   0x00000002   Code   RO          691    i.__scatterload_null  mc_w.l(handlers.o)
    0x08002e08   0x0000000e   Code   RO          692    i.__scatterload_zeroinit  mc_w.l(handlers.o)
    0x08002e16   0x00000022   Code   RO          403    i._printf_core      mc_w.l(printfb.o)
    0x08002e38   0x00000020   Data   RO          688    Region$$Table       anon$$obj.o


    Execution Region RW_IRAM1 (Base: 0x20000000, Size: 0x00000c60, Max: 0x00005000, ABSOLUTE)

    Base Addr    Size         Type   Attr      Idx    E Section Name        Object

    0x20000000   0x00000004   Data   RW            2    .data               beep.o
    0x20000004   0x00000001   Data   RW          130    .data               stm32f10x_it.o
    0x20000005   0x00000002   Data   RW          159    .data               usart.o
    0x20000007   0x00000001   PAD
    0x20000008   0x00000004   Data   RW          178    .data               delay.o
    0x2000000c   0x00000006   Data   RW          192    .data               led.o
    0x20000012   0x00000014   Data   RW          292    .data               stm32f10x_rcc.o
    0x20000026   0x00000002   PAD
    0x20000028   0x00000014   Data   RW          368    .data               system_stm32f10x.o
    0x2000003c   0x00000004   Data   RW          662    .data               mc_w.l(stdout.o)
    0x20000040   0x00000814   Zero   RW          158    .bss                usart.o
    0x20000854   0x0000000c   Zero   RW          210    .bss                stepmotor.o
    0x20000860   0x00000400   Zero   RW          385    STACK               startup_stm32f10x_md.o


==============================================================================

Image component sizes


      Code (inc. data)   RO Data    RW Data    ZI Data      Debug   Object Name

       268         22          0          4          0     254640   beep.o
         0          0          0          0          0         32   core_cm3.o
       212         18          0          4          0        891   delay.o
       284         28          0          6          0       1092   led.o
       252         36          0          0          0        661   main.o
       256         30          0          0          0       1781   misc.o
        36          8        236          0       1024        768   startup_stm32f10x_md.o
       412         10          0          0         12       3291   stepmotor.o
       940         46          0          0          0       5757   stm32f10x_gpio.o
       316         24          0          1          0       1854   stm32f10x_it.o
      1044         52          0         20          0       8900   stm32f10x_rcc.o
      4048         86          0          0          0      23044   stm32f10x_tim.o
      1190         22          0          0          0       8480   stm32f10x_usart.o
       480         36          0         20          0       1663   system_stm32f10x.o
       572         20          0          0          0       1667   tim.o
      1148         40          0          2       2068       4825   usart.o

    ----------------------------------------------------------------------
     11460        478        268         60       3104     319346   Object Totals
         0          0         32          0          0          0   (incl. Generated)
         2          0          0          3          0          0   (incl. Padding)

    ----------------------------------------------------------------------

      Code (inc. data)   RO Data    RW Data    ZI Data      Debug   Library Member Name

         0          0          0          0          0          0   entry.o
         8          4          0          0          0          0   entry2.o
         4          0          0          0          0          0   entry5.o
         0          0          0          0          0          0   entry7b.o
         8          4          0          0          0          0   entry8.o
        30          0          0          0          0          0   handlers.o
        36          8          0          0          0         68   init.o
        50          8          0          0          0        152   printfb.o
         0          0          0          4          0          0   stdout.o

    ----------------------------------------------------------------------
       136         24          0          4          0        220   Library Totals
         0          0          0          0          0          0   (incl. Padding)

    ----------------------------------------------------------------------

      Code (inc. data)   RO Data    RW Data    ZI Data      Debug   Library Name

       136         24          0          4          0        220   mc_w.l

    ----------------------------------------------------------------------
       136         24          0          4          0        220   Library Totals

    ----------------------------------------------------------------------

==============================================================================


      Code (inc. data)   RO Data    RW Data    ZI Data      Debug   

     11596        502        268         64       3104     318266   Grand Totals
     11596        502        268         64       3104     318266   ELF Image Totals
     11596        502        268         64          0          0   ROM Totals

==============================================================================

    Total RO  Size (Code + RO Data)                11864 (  11.59kB)
    Total RW  Size (RW Data + ZI Data)              3168 (   3.09kB)
    Total ROM Size (Code + RO Data + RW Data)      11928 (  11.65kB)

==============================================================================

