ARM Linker, 5.03 [Build 24] [MDK-ARM Professional]

==============================================================================

Section Cross References

    main.o(.text) refers to delay.o(.text) for delay_init
    main.o(.text) refers to led.o(.text) for LED_GPIO_Config
    main.o(.text) refers to roll_pater_control.o(.text) for Roll_Pater_Config
    main.o(.text) refers to exti.o(.text) for EXTIX_Init
    main.o(.text) refers to usart.o(.text) for USART1_Config
    main.o(.text) refers to tim.o(.text) for TIM2_Config
    stm32f10x_it.o(.text) refers to stm32f10x_tim.o(.text) for TIM_GetITStatus
    stm32f10x_it.o(.text) refers to led.o(.text) for Led_Flash
    stm32f10x_it.o(.text) refers to key.o(.text) for Key_Scan
    stm32f10x_it.o(.text) refers to exti.o(.text) for Device_Send_Actual_IRQTimer
    stm32f10x_it.o(.text) refers to stm32f10x_usart.o(.text) for USART_GetFlagStatus
    stm32f10x_it.o(.text) refers to usart.o(.text) for USART1_Do_Rx
    stm32f10x_it.o(.text) refers to stm32f10x_it.o(.data) for key
    stm32f10x_it.o(.text) refers to key.o(.data) for Key_ScanNum
    stm32f10x_it.o(.text) refers to usart.o(.bss) for Usart1_Control_Data
    stm32f10x_it.o(.text) refers to usart.o(.data) for Auto_Frame_Time1
    tim.o(.text) refers to misc.o(.text) for NVIC_PriorityGroupConfig
    tim.o(.text) refers to stm32f10x_rcc.o(.text) for RCC_APB1PeriphClockCmd
    tim.o(.text) refers to stm32f10x_tim.o(.text) for TIM_DeInit
    usart.o(.text) refers to misc.o(.text) for NVIC_PriorityGroupConfig
    usart.o(.text) refers to stm32f10x_rcc.o(.text) for RCC_APB2PeriphClockCmd
    usart.o(.text) refers to stm32f10x_gpio.o(.text) for GPIO_Init
    usart.o(.text) refers to stm32f10x_usart.o(.text) for USART_Init
    usart.o(.text) refers to crc16.o(.text) for CRC_GetCCITT
    usart.o(.text) refers to usart.o(.bss) for Usart1_Control_Data
    usart.o(.text) refers to usart.o(.data) for Auto_Frame_Time1
    crc16.o(.text) refers to crc16.o(.constdata) for g_McRctable_16
    led.o(.text) refers to stm32f10x_rcc.o(.text) for RCC_APB2PeriphClockCmd
    led.o(.text) refers to stm32f10x_gpio.o(.text) for GPIO_Init
    led.o(.text) refers to led.o(.data) for Gled_Num
    delay.o(.text) refers to misc.o(.text) for SysTick_CLKSourceConfig
    delay.o(.text) refers to system_stm32f10x.o(.data) for SystemCoreClock
    delay.o(.text) refers to delay.o(.data) for fac_us
    roll_pater_control.o(.text) refers to stm32f10x_rcc.o(.text) for RCC_APB2PeriphClockCmd
    roll_pater_control.o(.text) refers to stm32f10x_gpio.o(.text) for GPIO_Init
    roll_pater_control.o(.text) refers to delay.o(.text) for delay_ms
    roll_pater_control.o(.text) refers to usart.o(.bss) for Channel
    roll_pater_control.o(.text) refers to usart.o(.data) for MCU_State
    roll_pater_control.o(.text) refers to key.o(.data) for Key_ScanNum
    exti.o(.text) refers to stm32f10x_rcc.o(.text) for RCC_APB2PeriphClockCmd
    exti.o(.text) refers to stm32f10x_gpio.o(.text) for GPIO_EXTILineConfig
    exti.o(.text) refers to stm32f10x_exti.o(.text) for EXTI_Init
    exti.o(.text) refers to misc.o(.text) for NVIC_Init
    exti.o(.text) refers to usart.o(.data) for MCU_State
    exti.o(.text) refers to usart.o(.bss) for Channel
    exti.o(.text) refers to delay.o(.text) for delay_ms
    key.o(.text) refers to stm32f10x_gpio.o(.text) for GPIO_ReadInputDataBit
    key.o(.text) refers to key.o(.data) for key1_triggerstate
    stm32f10x_bkp.o(.text) refers to stm32f10x_rcc.o(.text) for RCC_BackupResetCmd
    stm32f10x_gpio.o(.text) refers to stm32f10x_rcc.o(.text) for RCC_APB2PeriphResetCmd
    stm32f10x_pwr.o(.text) refers to stm32f10x_rcc.o(.text) for RCC_APB1PeriphResetCmd
    stm32f10x_rcc.o(.text) refers to stm32f10x_rcc.o(.data) for APBAHBPrescTable
    stm32f10x_tim.o(.text) refers to stm32f10x_rcc.o(.text) for RCC_APB2PeriphResetCmd
    stm32f10x_usart.o(.text) refers to stm32f10x_rcc.o(.text) for RCC_APB2PeriphResetCmd
    system_stm32f10x.o(.text) refers to system_stm32f10x.o(.data) for SystemCoreClock
    startup_stm32f10x_hd.o(RESET) refers to startup_stm32f10x_hd.o(STACK) for __initial_sp
    startup_stm32f10x_hd.o(RESET) refers to startup_stm32f10x_hd.o(.text) for Reset_Handler
    startup_stm32f10x_hd.o(RESET) refers to stm32f10x_it.o(.text) for NMI_Handler
    startup_stm32f10x_hd.o(RESET) refers to exti.o(.text) for EXTI0_IRQHandler
    startup_stm32f10x_hd.o(.text) refers to system_stm32f10x.o(.text) for SystemInit
    startup_stm32f10x_hd.o(.text) refers to entry.o(.ARM.Collect$$$$00000000) for __main
    entry.o(.ARM.Collect$$$$00000000) refers (Special) to entry10a.o(.ARM.Collect$$$$0000000D) for __rt_final_cpp
    entry.o(.ARM.Collect$$$$00000000) refers (Special) to entry11a.o(.ARM.Collect$$$$0000000F) for __rt_final_exit
    entry.o(.ARM.Collect$$$$00000000) refers (Special) to entry7b.o(.ARM.Collect$$$$00000008) for _main_clock
    entry.o(.ARM.Collect$$$$00000000) refers (Special) to entry8b.o(.ARM.Collect$$$$0000000A) for _main_cpp_init
    entry.o(.ARM.Collect$$$$00000000) refers (Special) to entry9a.o(.ARM.Collect$$$$0000000B) for _main_init
    entry.o(.ARM.Collect$$$$00000000) refers (Special) to entry5.o(.ARM.Collect$$$$00000004) for _main_scatterload
    entry.o(.ARM.Collect$$$$00000000) refers (Special) to entry2.o(.ARM.Collect$$$$00000001) for _main_stk
    entry2.o(.ARM.Collect$$$$00000001) refers to entry2.o(.ARM.Collect$$$$00002712) for __lit__00000000
    entry2.o(.ARM.Collect$$$$00002712) refers to startup_stm32f10x_hd.o(STACK) for __initial_sp
    entry2.o(__vectab_stack_and_reset_area) refers to startup_stm32f10x_hd.o(STACK) for __initial_sp
    entry2.o(__vectab_stack_and_reset_area) refers to entry.o(.ARM.Collect$$$$00000000) for __main
    entry5.o(.ARM.Collect$$$$00000004) refers to init.o(.text) for __scatterload
    entry9a.o(.ARM.Collect$$$$0000000B) refers to main.o(.text) for main
    entry9b.o(.ARM.Collect$$$$0000000C) refers to main.o(.text) for main
    init.o(.text) refers to entry5.o(.ARM.Collect$$$$00000004) for __main_after_scatterload


==============================================================================

Removing Unused input sections from the image.

    Removing stm32f10x_bkp.o(.text), (196 bytes).
    Removing stm32f10x_pwr.o(.text), (204 bytes).
    Removing stm32f10x_rtc.o(.text), (324 bytes).
    Removing stm32f10x_sdio.o(.text), (472 bytes).
    Removing core_cm3.o(.emb_text), (32 bytes).
    Removing startup_stm32f10x_hd.o(HEAP), (512 bytes).

6 unused section(s) (total 1740 bytes) removed from the image.

==============================================================================

Image Symbol Table

    Local Symbols

    Symbol Name                              Value     Ov Type        Size  Object(Section)

    ../clib/microlib/init/entry.s            0x00000000   Number         0  entry9a.o ABSOLUTE
    ../clib/microlib/init/entry.s            0x00000000   Number         0  entry8b.o ABSOLUTE
    ../clib/microlib/init/entry.s            0x00000000   Number         0  entry9b.o ABSOLUTE
    ../clib/microlib/init/entry.s            0x00000000   Number         0  entry.o ABSOLUTE
    ../clib/microlib/init/entry.s            0x00000000   Number         0  entry10a.o ABSOLUTE
    ../clib/microlib/init/entry.s            0x00000000   Number         0  entry8a.o ABSOLUTE
    ../clib/microlib/init/entry.s            0x00000000   Number         0  entry10b.o ABSOLUTE
    ../clib/microlib/init/entry.s            0x00000000   Number         0  entry11a.o ABSOLUTE
    ../clib/microlib/init/entry.s            0x00000000   Number         0  entry11b.o ABSOLUTE
    ../clib/microlib/init/entry.s            0x00000000   Number         0  entry7b.o ABSOLUTE
    ../clib/microlib/init/entry.s            0x00000000   Number         0  entry7a.o ABSOLUTE
    ../clib/microlib/init/entry.s            0x00000000   Number         0  entry5.o ABSOLUTE
    ../clib/microlib/init/entry.s            0x00000000   Number         0  entry2.o ABSOLUTE
    ..\BSP\EXTI\exti.c                       0x00000000   Number         0  exti.o ABSOLUTE
    ..\Libraries\CMSIS\core_cm3.c            0x00000000   Number         0  core_cm3.o ABSOLUTE
    ..\Libraries\CMSIS\startup\arm\startup_stm32f10x_hd.s 0x00000000   Number         0  startup_stm32f10x_hd.o ABSOLUTE
    ..\Libraries\CMSIS\system_stm32f10x.c    0x00000000   Number         0  system_stm32f10x.o ABSOLUTE
    ..\Libraries\STM32F10x_StdPeriph_Driver\src\misc.c 0x00000000   Number         0  misc.o ABSOLUTE
    ..\Libraries\STM32F10x_StdPeriph_Driver\src\stm32f10x_bkp.c 0x00000000   Number         0  stm32f10x_bkp.o ABSOLUTE
    ..\Libraries\STM32F10x_StdPeriph_Driver\src\stm32f10x_exti.c 0x00000000   Number         0  stm32f10x_exti.o ABSOLUTE
    ..\Libraries\STM32F10x_StdPeriph_Driver\src\stm32f10x_gpio.c 0x00000000   Number         0  stm32f10x_gpio.o ABSOLUTE
    ..\Libraries\STM32F10x_StdPeriph_Driver\src\stm32f10x_pwr.c 0x00000000   Number         0  stm32f10x_pwr.o ABSOLUTE
    ..\Libraries\STM32F10x_StdPeriph_Driver\src\stm32f10x_rcc.c 0x00000000   Number         0  stm32f10x_rcc.o ABSOLUTE
    ..\Libraries\STM32F10x_StdPeriph_Driver\src\stm32f10x_rtc.c 0x00000000   Number         0  stm32f10x_rtc.o ABSOLUTE
    ..\Libraries\STM32F10x_StdPeriph_Driver\src\stm32f10x_sdio.c 0x00000000   Number         0  stm32f10x_sdio.o ABSOLUTE
    ..\Libraries\STM32F10x_StdPeriph_Driver\src\stm32f10x_tim.c 0x00000000   Number         0  stm32f10x_tim.o ABSOLUTE
    ..\Libraries\STM32F10x_StdPeriph_Driver\src\stm32f10x_usart.c 0x00000000   Number         0  stm32f10x_usart.o ABSOLUTE
    ..\USER\TIM.C                            0x00000000   Number         0  tim.o ABSOLUTE
    ..\USER\crc16.c                          0x00000000   Number         0  crc16.o ABSOLUTE
    ..\USER\delay\delay.c                    0x00000000   Number         0  delay.o ABSOLUTE
    ..\USER\key.c                            0x00000000   Number         0  key.o ABSOLUTE
    ..\USER\led\led.c                        0x00000000   Number         0  led.o ABSOLUTE
    ..\USER\main.c                           0x00000000   Number         0  main.o ABSOLUTE
    ..\USER\roll_pater_control.c             0x00000000   Number         0  roll_pater_control.o ABSOLUTE
    ..\USER\stm32f10x_it.c                   0x00000000   Number         0  stm32f10x_it.o ABSOLUTE
    ..\USER\usart.c                          0x00000000   Number         0  usart.o ABSOLUTE
    ..\\Libraries\\CMSIS\\core_cm3.c         0x00000000   Number         0  core_cm3.o ABSOLUTE
    dc.s                                     0x00000000   Number         0  dc.o ABSOLUTE
    handlers.s                               0x00000000   Number         0  handlers.o ABSOLUTE
    init.s                                   0x00000000   Number         0  init.o ABSOLUTE
    RESET                                    0x08000000   Section      304  startup_stm32f10x_hd.o(RESET)
    .ARM.Collect$$$$00000000                 0x08000130   Section        0  entry.o(.ARM.Collect$$$$00000000)
    .ARM.Collect$$$$00000001                 0x08000130   Section        4  entry2.o(.ARM.Collect$$$$00000001)
    .ARM.Collect$$$$00000004                 0x08000134   Section        4  entry5.o(.ARM.Collect$$$$00000004)
    .ARM.Collect$$$$00000008                 0x08000138   Section        0  entry7b.o(.ARM.Collect$$$$00000008)
    .ARM.Collect$$$$0000000A                 0x08000138   Section        0  entry8b.o(.ARM.Collect$$$$0000000A)
    .ARM.Collect$$$$0000000B                 0x08000138   Section        8  entry9a.o(.ARM.Collect$$$$0000000B)
    .ARM.Collect$$$$0000000D                 0x08000140   Section        0  entry10a.o(.ARM.Collect$$$$0000000D)
    .ARM.Collect$$$$0000000F                 0x08000140   Section        0  entry11a.o(.ARM.Collect$$$$0000000F)
    .ARM.Collect$$$$00002712                 0x08000140   Section        4  entry2.o(.ARM.Collect$$$$00002712)
    __lit__00000000                          0x08000140   Data           4  entry2.o(.ARM.Collect$$$$00002712)
    .text                                    0x08000144   Section        0  main.o(.text)
    .text                                    0x08000194   Section        0  stm32f10x_it.o(.text)
    .text                                    0x08000290   Section        0  tim.o(.text)
    TIM2_Interrupts_Config                   0x08000291   Thumb Code    42  tim.o(.text)
    TIM3_Interrupts_Config                   0x080002bb   Thumb Code    38  tim.o(.text)
    TIM4_Interrupts_Config                   0x080002e1   Thumb Code    42  tim.o(.text)
    .text                                    0x08000404   Section        0  usart.o(.text)
    Init_USART1                              0x08000405   Thumb Code    18  usart.o(.text)
    USART1_Interrupts_Config                 0x08000417   Thumb Code    40  usart.o(.text)
    USART2_Interrupts_Config                 0x0800043f   Thumb Code    40  usart.o(.text)
    SLAVE_Rec_Comm                           0x0800071f   Thumb Code   770  usart.o(.text)
    Host_Rec_Comm                            0x08000a21   Thumb Code    98  usart.o(.text)
    Execute_Host_Comm                        0x08000a83   Thumb Code   202  usart.o(.text)
    .text                                    0x08000b9c   Section        0  crc16.o(.text)
    GetCrc_16                                0x08000b9d   Thumb Code    34  crc16.o(.text)
    crc16_ccitt                              0x08000bbf   Thumb Code    76  crc16.o(.text)
    .text                                    0x08000c34   Section        0  led.o(.text)
    Gled_Flash                               0x08000c63   Thumb Code    82  led.o(.text)
    Rled_Flash                               0x08000cb5   Thumb Code    82  led.o(.text)
    .text                                    0x08000d9c   Section        0  delay.o(.text)
    .text                                    0x08000e6c   Section        0  roll_pater_control.o(.text)
    Send_Medicine1_Config                    0x08000e6d   Thumb Code   122  roll_pater_control.o(.text)
    Send_Medicine2_Config                    0x08000ee7   Thumb Code   124  roll_pater_control.o(.text)
    Send_Medicine3_Config                    0x08000f63   Thumb Code   122  roll_pater_control.o(.text)
    Send_Medicine4_Config                    0x08000fdd   Thumb Code   122  roll_pater_control.o(.text)
    CH_Param_Init                            0x08001057   Thumb Code    18  roll_pater_control.o(.text)
    Param_Init                               0x08001069   Thumb Code    88  roll_pater_control.o(.text)
    .text                                    0x08001420   Section        0  exti.o(.text)
    EXTIX0_Init                              0x08001421   Thumb Code   112  exti.o(.text)
    EXTIX3_Init                              0x08001491   Thumb Code   118  exti.o(.text)
    EXTIX4_Init                              0x08001507   Thumb Code   118  exti.o(.text)
    EXTIX9_5_Init                            0x0800157d   Thumb Code   122  exti.o(.text)
    EXTIX15_10_Init                          0x080015f7   Thumb Code   130  exti.o(.text)
    Motor1_pulse_IRQTimer                    0x08001679   Thumb Code   100  exti.o(.text)
    Motor2_pulse_IRQTimer                    0x080016dd   Thumb Code   102  exti.o(.text)
    Motor3_pulse_IRQTimer                    0x08001743   Thumb Code   124  exti.o(.text)
    Motor4_pulse_IRQTimer                    0x080017bf   Thumb Code   146  exti.o(.text)
    Device1_Send_Actual_IRQTimer             0x08001851   Thumb Code    60  exti.o(.text)
    Device2_Send_Actual_IRQTimer             0x0800188d   Thumb Code    62  exti.o(.text)
    Device3_Send_Actual_IRQTimer             0x080018cb   Thumb Code    78  exti.o(.text)
    Device4_Send_Actual_IRQTimer             0x08001919   Thumb Code    76  exti.o(.text)
    .text                                    0x08001b44   Section        0  key.o(.text)
    .text                                    0x08001d00   Section        0  misc.o(.text)
    .text                                    0x08001ddc   Section        0  stm32f10x_exti.o(.text)
    .text                                    0x08001ef8   Section        0  stm32f10x_gpio.o(.text)
    .text                                    0x08002250   Section        0  stm32f10x_rcc.o(.text)
    .text                                    0x080025f4   Section        0  stm32f10x_tim.o(.text)
    TI4_Config                               0x08002a9b   Thumb Code   130  stm32f10x_tim.o(.text)
    TI3_Config                               0x08002b2f   Thumb Code   122  stm32f10x_tim.o(.text)
    TI2_Config                               0x08002bc3   Thumb Code   130  stm32f10x_tim.o(.text)
    TI1_Config                               0x08002c57   Thumb Code   108  stm32f10x_tim.o(.text)
    .text                                    0x08003410   Section        0  stm32f10x_usart.o(.text)
    .text                                    0x08003818   Section        0  system_stm32f10x.o(.text)
    SetSysClockTo72                          0x08003819   Thumb Code   212  system_stm32f10x.o(.text)
    SetSysClock                              0x080038ed   Thumb Code     8  system_stm32f10x.o(.text)
    .text                                    0x080039f4   Section       36  startup_stm32f10x_hd.o(.text)
    .text                                    0x08003a18   Section       36  init.o(.text)
    i.__scatterload_copy                     0x08003a3c   Section       14  handlers.o(i.__scatterload_copy)
    i.__scatterload_null                     0x08003a4a   Section        2  handlers.o(i.__scatterload_null)
    i.__scatterload_zeroinit                 0x08003a4c   Section       14  handlers.o(i.__scatterload_zeroinit)
    .constdata                               0x08003a5a   Section      512  crc16.o(.constdata)
    .data                                    0x20000000   Section        1  stm32f10x_it.o(.data)
    key                                      0x20000000   Data           1  stm32f10x_it.o(.data)
    .data                                    0x20000002   Section       12  usart.o(.data)
    .data                                    0x2000000e   Section       12  led.o(.data)
    retry                                    0x2000000e   Data           1  led.o(.data)
    led_state                                0x2000000f   Data           1  led.o(.data)
    retry                                    0x20000010   Data           1  led.o(.data)
    led_state                                0x20000011   Data           1  led.o(.data)
    gled_light_time                          0x20000012   Data           2  led.o(.data)
    rled_light_time                          0x20000014   Data           2  led.o(.data)
    .data                                    0x2000001a   Section        4  delay.o(.data)
    fac_us                                   0x2000001a   Data           1  delay.o(.data)
    fac_ms                                   0x2000001c   Data           2  delay.o(.data)
    .data                                    0x2000001e   Section       13  key.o(.data)
    key1_triggerstate                        0x2000001e   Data           1  key.o(.data)
    key2_triggerstate                        0x2000001f   Data           1  key.o(.data)
    key3_triggerstate                        0x20000020   Data           1  key.o(.data)
    key4_triggerstate                        0x20000021   Data           1  key.o(.data)
    key1_timercount                          0x20000022   Data           2  key.o(.data)
    key2_timercount                          0x20000024   Data           2  key.o(.data)
    key3_timercount                          0x20000026   Data           2  key.o(.data)
    key4_timercount                          0x20000028   Data           2  key.o(.data)
    .data                                    0x2000002b   Section       20  stm32f10x_rcc.o(.data)
    APBAHBPrescTable                         0x2000002b   Data          16  stm32f10x_rcc.o(.data)
    ADCPrescTable                            0x2000003b   Data           4  stm32f10x_rcc.o(.data)
    .data                                    0x20000040   Section       20  system_stm32f10x.o(.data)
    .bss                                     0x20000054   Section     1144  usart.o(.bss)
    STACK                                    0x200004d0   Section     1024  startup_stm32f10x_hd.o(STACK)

    Global Symbols

    Symbol Name                              Value     Ov Type        Size  Object(Section)

    BuildAttributes$$THM_ISAv4$P$D$K$B$S$PE$A:L22UL41UL21$X:L11$S22US41US21$IEEE1$IW$USESV6$~STKCKD$USESV7$~SHL$OSPACE$EBA8$MICROLIB$REQ8$PRES8$EABIv2 0x00000000   Number         0  anon$$obj.o ABSOLUTE
    __ARM_use_no_argv                        0x00000000   Number         0  main.o ABSOLUTE
    __cpp_initialize__aeabi_                  - Undefined Weak Reference
    __cxa_finalize                            - Undefined Weak Reference
    __decompress                              - Undefined Weak Reference
    _clock_init                               - Undefined Weak Reference
    _microlib_exit                            - Undefined Weak Reference
    __Vectors_Size                           0x00000130   Number         0  startup_stm32f10x_hd.o ABSOLUTE
    __Vectors                                0x08000000   Data           4  startup_stm32f10x_hd.o(RESET)
    __Vectors_End                            0x08000130   Data           0  startup_stm32f10x_hd.o(RESET)
    __main                                   0x08000131   Thumb Code     0  entry.o(.ARM.Collect$$$$00000000)
    _main_stk                                0x08000131   Thumb Code     0  entry2.o(.ARM.Collect$$$$00000001)
    _main_scatterload                        0x08000135   Thumb Code     0  entry5.o(.ARM.Collect$$$$00000004)
    __main_after_scatterload                 0x08000139   Thumb Code     0  entry5.o(.ARM.Collect$$$$00000004)
    _main_clock                              0x08000139   Thumb Code     0  entry7b.o(.ARM.Collect$$$$00000008)
    _main_cpp_init                           0x08000139   Thumb Code     0  entry8b.o(.ARM.Collect$$$$0000000A)
    _main_init                               0x08000139   Thumb Code     0  entry9a.o(.ARM.Collect$$$$0000000B)
    __rt_final_cpp                           0x08000141   Thumb Code     0  entry10a.o(.ARM.Collect$$$$0000000D)
    __rt_final_exit                          0x08000141   Thumb Code     0  entry11a.o(.ARM.Collect$$$$0000000F)
    delay_ms1                                0x08000145   Thumb Code    26  main.o(.text)
    main                                     0x0800015f   Thumb Code    52  main.o(.text)
    NMI_Handler                              0x08000195   Thumb Code     2  stm32f10x_it.o(.text)
    HardFault_Handler                        0x08000197   Thumb Code     4  stm32f10x_it.o(.text)
    MemManage_Handler                        0x0800019b   Thumb Code     4  stm32f10x_it.o(.text)
    BusFault_Handler                         0x0800019f   Thumb Code     4  stm32f10x_it.o(.text)
    UsageFault_Handler                       0x080001a3   Thumb Code     4  stm32f10x_it.o(.text)
    SVC_Handler                              0x080001a7   Thumb Code     2  stm32f10x_it.o(.text)
    DebugMon_Handler                         0x080001a9   Thumb Code     2  stm32f10x_it.o(.text)
    PendSV_Handler                           0x080001ab   Thumb Code     2  stm32f10x_it.o(.text)
    SysTick_Handler                          0x080001ad   Thumb Code     2  stm32f10x_it.o(.text)
    TIM2_IRQHandler                          0x080001af   Thumb Code    56  stm32f10x_it.o(.text)
    TIM3_IRQHandler                          0x080001e7   Thumb Code    78  stm32f10x_it.o(.text)
    USART1_IRQHandler                        0x08000235   Thumb Code    68  stm32f10x_it.o(.text)
    TIM2_Config                              0x0800030b   Thumb Code    84  tim.o(.text)
    TIM3_Config                              0x0800035f   Thumb Code    80  tim.o(.text)
    TIM4_Config                              0x080003af   Thumb Code    78  tim.o(.text)
    USART1_Config                            0x08000467   Thumb Code   154  usart.o(.text)
    USART2_Config                            0x08000501   Thumb Code   190  usart.o(.text)
    fputc                                    0x080005bf   Thumb Code    32  usart.o(.text)
    USART1_Putc                              0x080005df   Thumb Code    28  usart.o(.text)
    USART1_Puts                              0x080005fb   Thumb Code    38  usart.o(.text)
    USART2_Putc                              0x08000621   Thumb Code    28  usart.o(.text)
    USART2_Puts                              0x0800063d   Thumb Code    38  usart.o(.text)
    USART1_Do_Tx                             0x08000663   Thumb Code    50  usart.o(.text)
    USART1_Do_Rx                             0x08000695   Thumb Code   138  usart.o(.text)
    Respond_Host_Comm                        0x08000b4d   Thumb Code    40  usart.o(.text)
    CRC_GetModbus16                          0x08000c0b   Thumb Code    22  crc16.o(.text)
    CRC_GetCCITT                             0x08000c21   Thumb Code    16  crc16.o(.text)
    LED_GPIO_Config                          0x08000c35   Thumb Code    46  led.o(.text)
    Led_Flash                                0x08000d07   Thumb Code   104  led.o(.text)
    delay_init                               0x08000d9d   Thumb Code    50  delay.o(.text)
    delay_us                                 0x08000dcf   Thumb Code    70  delay.o(.text)
    delay_ms                                 0x08000e15   Thumb Code    70  delay.o(.text)
    Roll_Pater_Config                        0x080010c1   Thumb Code    24  roll_pater_control.o(.text)
    Roll_Pater_Motor_Run                     0x080010d9   Thumb Code   456  roll_pater_control.o(.text)
    CH_Key_Control                           0x080012a1   Thumb Code   254  roll_pater_control.o(.text)
    CH_Light_Control                         0x0800139f   Thumb Code   112  roll_pater_control.o(.text)
    EXTIX_Init                               0x08001965   Thumb Code    24  exti.o(.text)
    EXTI0_IRQHandler                         0x0800197d   Thumb Code    48  exti.o(.text)
    EXTI3_IRQHandler                         0x080019ad   Thumb Code    50  exti.o(.text)
    EXTI4_IRQHandler                         0x080019df   Thumb Code    40  exti.o(.text)
    EXTI9_5_IRQHandler                       0x08001a07   Thumb Code   114  exti.o(.text)
    EXTI15_10_IRQHandler                     0x08001a79   Thumb Code   152  exti.o(.text)
    Motor_pulse_IRQTimer                     0x08001b11   Thumb Code    20  exti.o(.text)
    Device_Send_Actual_IRQTimer              0x08001b25   Thumb Code    20  exti.o(.text)
    Key_Scan                                 0x08001b45   Thumb Code   404  key.o(.text)
    NVIC_PriorityGroupConfig                 0x08001d01   Thumb Code    10  misc.o(.text)
    NVIC_Init                                0x08001d0b   Thumb Code   102  misc.o(.text)
    NVIC_SetVectorTable                      0x08001d71   Thumb Code    14  misc.o(.text)
    NVIC_SystemLPConfig                      0x08001d7f   Thumb Code    34  misc.o(.text)
    SysTick_CLKSourceConfig                  0x08001da1   Thumb Code    40  misc.o(.text)
    EXTI_DeInit                              0x08001ddd   Thumb Code    28  stm32f10x_exti.o(.text)
    EXTI_Init                                0x08001df9   Thumb Code   142  stm32f10x_exti.o(.text)
    EXTI_StructInit                          0x08001e87   Thumb Code    16  stm32f10x_exti.o(.text)
    EXTI_GenerateSWInterrupt                 0x08001e97   Thumb Code    16  stm32f10x_exti.o(.text)
    EXTI_GetFlagStatus                       0x08001ea7   Thumb Code    22  stm32f10x_exti.o(.text)
    EXTI_ClearFlag                           0x08001ebd   Thumb Code     8  stm32f10x_exti.o(.text)
    EXTI_GetITStatus                         0x08001ec5   Thumb Code    34  stm32f10x_exti.o(.text)
    EXTI_ClearITPendingBit                   0x08001ee7   Thumb Code     8  stm32f10x_exti.o(.text)
    GPIO_DeInit                              0x08001ef9   Thumb Code   172  stm32f10x_gpio.o(.text)
    GPIO_AFIODeInit                          0x08001fa5   Thumb Code    20  stm32f10x_gpio.o(.text)
    GPIO_Init                                0x08001fb9   Thumb Code   274  stm32f10x_gpio.o(.text)
    GPIO_StructInit                          0x080020cb   Thumb Code    16  stm32f10x_gpio.o(.text)
    GPIO_ReadInputDataBit                    0x080020db   Thumb Code    18  stm32f10x_gpio.o(.text)
    GPIO_ReadInputData                       0x080020ed   Thumb Code     8  stm32f10x_gpio.o(.text)
    GPIO_ReadOutputDataBit                   0x080020f5   Thumb Code    18  stm32f10x_gpio.o(.text)
    GPIO_ReadOutputData                      0x08002107   Thumb Code     8  stm32f10x_gpio.o(.text)
    GPIO_SetBits                             0x0800210f   Thumb Code     4  stm32f10x_gpio.o(.text)
    GPIO_ResetBits                           0x08002113   Thumb Code     4  stm32f10x_gpio.o(.text)
    GPIO_WriteBit                            0x08002117   Thumb Code    10  stm32f10x_gpio.o(.text)
    GPIO_Write                               0x08002121   Thumb Code     4  stm32f10x_gpio.o(.text)
    GPIO_PinLockConfig                       0x08002125   Thumb Code    18  stm32f10x_gpio.o(.text)
    GPIO_EventOutputConfig                   0x08002137   Thumb Code    26  stm32f10x_gpio.o(.text)
    GPIO_EventOutputCmd                      0x08002151   Thumb Code     6  stm32f10x_gpio.o(.text)
    GPIO_PinRemapConfig                      0x08002157   Thumb Code   138  stm32f10x_gpio.o(.text)
    GPIO_EXTILineConfig                      0x080021e1   Thumb Code    66  stm32f10x_gpio.o(.text)
    GPIO_ETH_MediaInterfaceConfig            0x08002223   Thumb Code     6  stm32f10x_gpio.o(.text)
    RCC_DeInit                               0x08002251   Thumb Code    64  stm32f10x_rcc.o(.text)
    RCC_HSEConfig                            0x08002291   Thumb Code    70  stm32f10x_rcc.o(.text)
    RCC_GetFlagStatus                        0x080022d7   Thumb Code    56  stm32f10x_rcc.o(.text)
    RCC_WaitForHSEStartUp                    0x0800230f   Thumb Code    56  stm32f10x_rcc.o(.text)
    RCC_AdjustHSICalibrationValue            0x08002347   Thumb Code    20  stm32f10x_rcc.o(.text)
    RCC_HSICmd                               0x0800235b   Thumb Code     6  stm32f10x_rcc.o(.text)
    RCC_PLLConfig                            0x08002361   Thumb Code    24  stm32f10x_rcc.o(.text)
    RCC_PLLCmd                               0x08002379   Thumb Code     6  stm32f10x_rcc.o(.text)
    RCC_SYSCLKConfig                         0x0800237f   Thumb Code    18  stm32f10x_rcc.o(.text)
    RCC_GetSYSCLKSource                      0x08002391   Thumb Code    10  stm32f10x_rcc.o(.text)
    RCC_HCLKConfig                           0x0800239b   Thumb Code    18  stm32f10x_rcc.o(.text)
    RCC_PCLK1Config                          0x080023ad   Thumb Code    18  stm32f10x_rcc.o(.text)
    RCC_PCLK2Config                          0x080023bf   Thumb Code    20  stm32f10x_rcc.o(.text)
    RCC_ITConfig                             0x080023d3   Thumb Code    26  stm32f10x_rcc.o(.text)
    RCC_USBCLKConfig                         0x080023ed   Thumb Code     6  stm32f10x_rcc.o(.text)
    RCC_ADCCLKConfig                         0x080023f3   Thumb Code    18  stm32f10x_rcc.o(.text)
    RCC_LSEConfig                            0x08002405   Thumb Code    44  stm32f10x_rcc.o(.text)
    RCC_LSICmd                               0x08002431   Thumb Code     6  stm32f10x_rcc.o(.text)
    RCC_RTCCLKConfig                         0x08002437   Thumb Code    12  stm32f10x_rcc.o(.text)
    RCC_RTCCLKCmd                            0x08002443   Thumb Code     8  stm32f10x_rcc.o(.text)
    RCC_GetClocksFreq                        0x0800244b   Thumb Code   192  stm32f10x_rcc.o(.text)
    RCC_AHBPeriphClockCmd                    0x0800250b   Thumb Code    26  stm32f10x_rcc.o(.text)
    RCC_APB2PeriphClockCmd                   0x08002525   Thumb Code    26  stm32f10x_rcc.o(.text)
    RCC_APB1PeriphClockCmd                   0x0800253f   Thumb Code    26  stm32f10x_rcc.o(.text)
    RCC_APB2PeriphResetCmd                   0x08002559   Thumb Code    26  stm32f10x_rcc.o(.text)
    RCC_APB1PeriphResetCmd                   0x08002573   Thumb Code    26  stm32f10x_rcc.o(.text)
    RCC_BackupResetCmd                       0x0800258d   Thumb Code     8  stm32f10x_rcc.o(.text)
    RCC_ClockSecuritySystemCmd               0x08002595   Thumb Code     6  stm32f10x_rcc.o(.text)
    RCC_MCOConfig                            0x0800259b   Thumb Code     6  stm32f10x_rcc.o(.text)
    RCC_ClearFlag                            0x080025a1   Thumb Code    14  stm32f10x_rcc.o(.text)
    RCC_GetITStatus                          0x080025af   Thumb Code    20  stm32f10x_rcc.o(.text)
    RCC_ClearITPendingBit                    0x080025c3   Thumb Code     6  stm32f10x_rcc.o(.text)
    TIM_DeInit                               0x080025f5   Thumb Code   424  stm32f10x_tim.o(.text)
    TIM_TimeBaseInit                         0x0800279d   Thumb Code   122  stm32f10x_tim.o(.text)
    TIM_OC1Init                              0x08002817   Thumb Code   132  stm32f10x_tim.o(.text)
    TIM_OC2Init                              0x0800289b   Thumb Code   154  stm32f10x_tim.o(.text)
    TIM_OC3Init                              0x08002935   Thumb Code   150  stm32f10x_tim.o(.text)
    TIM_OC4Init                              0x080029cb   Thumb Code   182  stm32f10x_tim.o(.text)
    TIM_SetIC4Prescaler                      0x08002a81   Thumb Code    26  stm32f10x_tim.o(.text)
    TIM_SetIC3Prescaler                      0x08002b1d   Thumb Code    18  stm32f10x_tim.o(.text)
    TIM_SetIC2Prescaler                      0x08002ba9   Thumb Code    26  stm32f10x_tim.o(.text)
    TIM_SetIC1Prescaler                      0x08002c45   Thumb Code    18  stm32f10x_tim.o(.text)
    TIM_ICInit                               0x08002cc3   Thumb Code   150  stm32f10x_tim.o(.text)
    TIM_PWMIConfig                           0x08002d59   Thumb Code   124  stm32f10x_tim.o(.text)
    TIM_BDTRConfig                           0x08002dd5   Thumb Code    32  stm32f10x_tim.o(.text)
    TIM_TimeBaseStructInit                   0x08002df5   Thumb Code    18  stm32f10x_tim.o(.text)
    TIM_OCStructInit                         0x08002e07   Thumb Code    20  stm32f10x_tim.o(.text)
    TIM_ICStructInit                         0x08002e1b   Thumb Code    18  stm32f10x_tim.o(.text)
    TIM_BDTRStructInit                       0x08002e2d   Thumb Code    40  stm32f10x_tim.o(.text)
    TIM_Cmd                                  0x08002e55   Thumb Code    24  stm32f10x_tim.o(.text)
    TIM_CtrlPWMOutputs                       0x08002e6d   Thumb Code    30  stm32f10x_tim.o(.text)
    TIM_ITConfig                             0x08002e8b   Thumb Code    18  stm32f10x_tim.o(.text)
    TIM_GenerateEvent                        0x08002e9d   Thumb Code     4  stm32f10x_tim.o(.text)
    TIM_DMAConfig                            0x08002ea1   Thumb Code    10  stm32f10x_tim.o(.text)
    TIM_DMACmd                               0x08002eab   Thumb Code    18  stm32f10x_tim.o(.text)
    TIM_InternalClockConfig                  0x08002ebd   Thumb Code    12  stm32f10x_tim.o(.text)
    TIM_SelectInputTrigger                   0x08002ec9   Thumb Code    18  stm32f10x_tim.o(.text)
    TIM_ITRxExternalClockConfig              0x08002edb   Thumb Code    24  stm32f10x_tim.o(.text)
    TIM_TIxExternalClockConfig               0x08002ef3   Thumb Code    62  stm32f10x_tim.o(.text)
    TIM_ETRConfig                            0x08002f31   Thumb Code    28  stm32f10x_tim.o(.text)
    TIM_ETRClockMode1Config                  0x08002f4d   Thumb Code    54  stm32f10x_tim.o(.text)
    TIM_ETRClockMode2Config                  0x08002f83   Thumb Code    32  stm32f10x_tim.o(.text)
    TIM_PrescalerConfig                      0x08002fa3   Thumb Code     6  stm32f10x_tim.o(.text)
    TIM_CounterModeConfig                    0x08002fa9   Thumb Code    18  stm32f10x_tim.o(.text)
    TIM_EncoderInterfaceConfig               0x08002fbb   Thumb Code    66  stm32f10x_tim.o(.text)
    TIM_ForcedOC1Config                      0x08002ffd   Thumb Code    18  stm32f10x_tim.o(.text)
    TIM_ForcedOC2Config                      0x0800300f   Thumb Code    26  stm32f10x_tim.o(.text)
    TIM_ForcedOC3Config                      0x08003029   Thumb Code    18  stm32f10x_tim.o(.text)
    TIM_ForcedOC4Config                      0x0800303b   Thumb Code    26  stm32f10x_tim.o(.text)
    TIM_ARRPreloadConfig                     0x08003055   Thumb Code    24  stm32f10x_tim.o(.text)
    TIM_SelectCOM                            0x0800306d   Thumb Code    24  stm32f10x_tim.o(.text)
    TIM_SelectCCDMA                          0x08003085   Thumb Code    24  stm32f10x_tim.o(.text)
    TIM_CCPreloadControl                     0x0800309d   Thumb Code    24  stm32f10x_tim.o(.text)
    TIM_OC1PreloadConfig                     0x080030b5   Thumb Code    18  stm32f10x_tim.o(.text)
    TIM_OC2PreloadConfig                     0x080030c7   Thumb Code    26  stm32f10x_tim.o(.text)
    TIM_OC3PreloadConfig                     0x080030e1   Thumb Code    18  stm32f10x_tim.o(.text)
    TIM_OC4PreloadConfig                     0x080030f3   Thumb Code    26  stm32f10x_tim.o(.text)
    TIM_OC1FastConfig                        0x0800310d   Thumb Code    18  stm32f10x_tim.o(.text)
    TIM_OC2FastConfig                        0x0800311f   Thumb Code    26  stm32f10x_tim.o(.text)
    TIM_OC3FastConfig                        0x08003139   Thumb Code    18  stm32f10x_tim.o(.text)
    TIM_OC4FastConfig                        0x0800314b   Thumb Code    26  stm32f10x_tim.o(.text)
    TIM_ClearOC1Ref                          0x08003165   Thumb Code    18  stm32f10x_tim.o(.text)
    TIM_ClearOC2Ref                          0x08003177   Thumb Code    24  stm32f10x_tim.o(.text)
    TIM_ClearOC3Ref                          0x0800318f   Thumb Code    18  stm32f10x_tim.o(.text)
    TIM_ClearOC4Ref                          0x080031a1   Thumb Code    24  stm32f10x_tim.o(.text)
    TIM_OC1PolarityConfig                    0x080031b9   Thumb Code    18  stm32f10x_tim.o(.text)
    TIM_OC1NPolarityConfig                   0x080031cb   Thumb Code    18  stm32f10x_tim.o(.text)
    TIM_OC2PolarityConfig                    0x080031dd   Thumb Code    26  stm32f10x_tim.o(.text)
    TIM_OC2NPolarityConfig                   0x080031f7   Thumb Code    26  stm32f10x_tim.o(.text)
    TIM_OC3PolarityConfig                    0x08003211   Thumb Code    26  stm32f10x_tim.o(.text)
    TIM_OC3NPolarityConfig                   0x0800322b   Thumb Code    26  stm32f10x_tim.o(.text)
    TIM_OC4PolarityConfig                    0x08003245   Thumb Code    26  stm32f10x_tim.o(.text)
    TIM_CCxCmd                               0x0800325f   Thumb Code    30  stm32f10x_tim.o(.text)
    TIM_CCxNCmd                              0x0800327d   Thumb Code    30  stm32f10x_tim.o(.text)
    TIM_SelectOCxM                           0x0800329b   Thumb Code    82  stm32f10x_tim.o(.text)
    TIM_UpdateDisableConfig                  0x080032ed   Thumb Code    24  stm32f10x_tim.o(.text)
    TIM_UpdateRequestConfig                  0x08003305   Thumb Code    24  stm32f10x_tim.o(.text)
    TIM_SelectHallSensor                     0x0800331d   Thumb Code    24  stm32f10x_tim.o(.text)
    TIM_SelectOnePulseMode                   0x08003335   Thumb Code    18  stm32f10x_tim.o(.text)
    TIM_SelectOutputTrigger                  0x08003347   Thumb Code    18  stm32f10x_tim.o(.text)
    TIM_SelectSlaveMode                      0x08003359   Thumb Code    18  stm32f10x_tim.o(.text)
    TIM_SelectMasterSlaveMode                0x0800336b   Thumb Code    18  stm32f10x_tim.o(.text)
    TIM_SetCounter                           0x0800337d   Thumb Code     4  stm32f10x_tim.o(.text)
    TIM_SetAutoreload                        0x08003381   Thumb Code     4  stm32f10x_tim.o(.text)
    TIM_SetCompare1                          0x08003385   Thumb Code     4  stm32f10x_tim.o(.text)
    TIM_SetCompare2                          0x08003389   Thumb Code     4  stm32f10x_tim.o(.text)
    TIM_SetCompare3                          0x0800338d   Thumb Code     4  stm32f10x_tim.o(.text)
    TIM_SetCompare4                          0x08003391   Thumb Code     6  stm32f10x_tim.o(.text)
    TIM_SetClockDivision                     0x08003397   Thumb Code    18  stm32f10x_tim.o(.text)
    TIM_GetCapture1                          0x080033a9   Thumb Code     6  stm32f10x_tim.o(.text)
    TIM_GetCapture2                          0x080033af   Thumb Code     6  stm32f10x_tim.o(.text)
    TIM_GetCapture3                          0x080033b5   Thumb Code     6  stm32f10x_tim.o(.text)
    TIM_GetCapture4                          0x080033bb   Thumb Code     8  stm32f10x_tim.o(.text)
    TIM_GetCounter                           0x080033c3   Thumb Code     6  stm32f10x_tim.o(.text)
    TIM_GetPrescaler                         0x080033c9   Thumb Code     6  stm32f10x_tim.o(.text)
    TIM_GetFlagStatus                        0x080033cf   Thumb Code    18  stm32f10x_tim.o(.text)
    TIM_ClearFlag                            0x080033e1   Thumb Code     6  stm32f10x_tim.o(.text)
    TIM_GetITStatus                          0x080033e7   Thumb Code    34  stm32f10x_tim.o(.text)
    TIM_ClearITPendingBit                    0x08003409   Thumb Code     6  stm32f10x_tim.o(.text)
    USART_DeInit                             0x08003411   Thumb Code   134  stm32f10x_usart.o(.text)
    USART_Init                               0x08003497   Thumb Code   210  stm32f10x_usart.o(.text)
    USART_StructInit                         0x08003569   Thumb Code    24  stm32f10x_usart.o(.text)
    USART_ClockInit                          0x08003581   Thumb Code    34  stm32f10x_usart.o(.text)
    USART_ClockStructInit                    0x080035a3   Thumb Code    12  stm32f10x_usart.o(.text)
    USART_Cmd                                0x080035af   Thumb Code    24  stm32f10x_usart.o(.text)
    USART_ITConfig                           0x080035c7   Thumb Code    74  stm32f10x_usart.o(.text)
    USART_DMACmd                             0x08003611   Thumb Code    18  stm32f10x_usart.o(.text)
    USART_SetAddress                         0x08003623   Thumb Code    18  stm32f10x_usart.o(.text)
    USART_WakeUpConfig                       0x08003635   Thumb Code    18  stm32f10x_usart.o(.text)
    USART_ReceiverWakeUpCmd                  0x08003647   Thumb Code    24  stm32f10x_usart.o(.text)
    USART_LINBreakDetectLengthConfig         0x0800365f   Thumb Code    18  stm32f10x_usart.o(.text)
    USART_LINCmd                             0x08003671   Thumb Code    24  stm32f10x_usart.o(.text)
    USART_SendData                           0x08003689   Thumb Code     8  stm32f10x_usart.o(.text)
    USART_ReceiveData                        0x08003691   Thumb Code    10  stm32f10x_usart.o(.text)
    USART_SendBreak                          0x0800369b   Thumb Code    10  stm32f10x_usart.o(.text)
    USART_SetGuardTime                       0x080036a5   Thumb Code    16  stm32f10x_usart.o(.text)
    USART_SetPrescaler                       0x080036b5   Thumb Code    16  stm32f10x_usart.o(.text)
    USART_SmartCardCmd                       0x080036c5   Thumb Code    24  stm32f10x_usart.o(.text)
    USART_SmartCardNACKCmd                   0x080036dd   Thumb Code    24  stm32f10x_usart.o(.text)
    USART_HalfDuplexCmd                      0x080036f5   Thumb Code    24  stm32f10x_usart.o(.text)
    USART_OverSampling8Cmd                   0x0800370d   Thumb Code    22  stm32f10x_usart.o(.text)
    USART_OneBitMethodCmd                    0x08003723   Thumb Code    24  stm32f10x_usart.o(.text)
    USART_IrDAConfig                         0x0800373b   Thumb Code    18  stm32f10x_usart.o(.text)
    USART_IrDACmd                            0x0800374d   Thumb Code    24  stm32f10x_usart.o(.text)
    USART_GetFlagStatus                      0x08003765   Thumb Code    26  stm32f10x_usart.o(.text)
    USART_ClearFlag                          0x0800377f   Thumb Code    18  stm32f10x_usart.o(.text)
    USART_GetITStatus                        0x08003791   Thumb Code    84  stm32f10x_usart.o(.text)
    USART_ClearITPendingBit                  0x080037e5   Thumb Code    52  stm32f10x_usart.o(.text)
    SystemInit                               0x080038f5   Thumb Code    78  system_stm32f10x.o(.text)
    SystemCoreClockUpdate                    0x08003943   Thumb Code   142  system_stm32f10x.o(.text)
    Reset_Handler                            0x080039f5   Thumb Code     8  startup_stm32f10x_hd.o(.text)
    ADC1_2_IRQHandler                        0x08003a0f   Thumb Code     0  startup_stm32f10x_hd.o(.text)
    ADC3_IRQHandler                          0x08003a0f   Thumb Code     0  startup_stm32f10x_hd.o(.text)
    CAN1_RX1_IRQHandler                      0x08003a0f   Thumb Code     0  startup_stm32f10x_hd.o(.text)
    CAN1_SCE_IRQHandler                      0x08003a0f   Thumb Code     0  startup_stm32f10x_hd.o(.text)
    DMA1_Channel1_IRQHandler                 0x08003a0f   Thumb Code     0  startup_stm32f10x_hd.o(.text)
    DMA1_Channel2_IRQHandler                 0x08003a0f   Thumb Code     0  startup_stm32f10x_hd.o(.text)
    DMA1_Channel3_IRQHandler                 0x08003a0f   Thumb Code     0  startup_stm32f10x_hd.o(.text)
    DMA1_Channel4_IRQHandler                 0x08003a0f   Thumb Code     0  startup_stm32f10x_hd.o(.text)
    DMA1_Channel5_IRQHandler                 0x08003a0f   Thumb Code     0  startup_stm32f10x_hd.o(.text)
    DMA1_Channel6_IRQHandler                 0x08003a0f   Thumb Code     0  startup_stm32f10x_hd.o(.text)
    DMA1_Channel7_IRQHandler                 0x08003a0f   Thumb Code     0  startup_stm32f10x_hd.o(.text)
    DMA2_Channel1_IRQHandler                 0x08003a0f   Thumb Code     0  startup_stm32f10x_hd.o(.text)
    DMA2_Channel2_IRQHandler                 0x08003a0f   Thumb Code     0  startup_stm32f10x_hd.o(.text)
    DMA2_Channel3_IRQHandler                 0x08003a0f   Thumb Code     0  startup_stm32f10x_hd.o(.text)
    DMA2_Channel4_5_IRQHandler               0x08003a0f   Thumb Code     0  startup_stm32f10x_hd.o(.text)
    EXTI1_IRQHandler                         0x08003a0f   Thumb Code     0  startup_stm32f10x_hd.o(.text)
    EXTI2_IRQHandler                         0x08003a0f   Thumb Code     0  startup_stm32f10x_hd.o(.text)
    FLASH_IRQHandler                         0x08003a0f   Thumb Code     0  startup_stm32f10x_hd.o(.text)
    FSMC_IRQHandler                          0x08003a0f   Thumb Code     0  startup_stm32f10x_hd.o(.text)
    I2C1_ER_IRQHandler                       0x08003a0f   Thumb Code     0  startup_stm32f10x_hd.o(.text)
    I2C1_EV_IRQHandler                       0x08003a0f   Thumb Code     0  startup_stm32f10x_hd.o(.text)
    I2C2_ER_IRQHandler                       0x08003a0f   Thumb Code     0  startup_stm32f10x_hd.o(.text)
    I2C2_EV_IRQHandler                       0x08003a0f   Thumb Code     0  startup_stm32f10x_hd.o(.text)
    PVD_IRQHandler                           0x08003a0f   Thumb Code     0  startup_stm32f10x_hd.o(.text)
    RCC_IRQHandler                           0x08003a0f   Thumb Code     0  startup_stm32f10x_hd.o(.text)
    RTCAlarm_IRQHandler                      0x08003a0f   Thumb Code     0  startup_stm32f10x_hd.o(.text)
    RTC_IRQHandler                           0x08003a0f   Thumb Code     0  startup_stm32f10x_hd.o(.text)
    SDIO_IRQHandler                          0x08003a0f   Thumb Code     0  startup_stm32f10x_hd.o(.text)
    SPI1_IRQHandler                          0x08003a0f   Thumb Code     0  startup_stm32f10x_hd.o(.text)
    SPI2_IRQHandler                          0x08003a0f   Thumb Code     0  startup_stm32f10x_hd.o(.text)
    SPI3_IRQHandler                          0x08003a0f   Thumb Code     0  startup_stm32f10x_hd.o(.text)
    TAMPER_IRQHandler                        0x08003a0f   Thumb Code     0  startup_stm32f10x_hd.o(.text)
    TIM1_BRK_IRQHandler                      0x08003a0f   Thumb Code     0  startup_stm32f10x_hd.o(.text)
    TIM1_CC_IRQHandler                       0x08003a0f   Thumb Code     0  startup_stm32f10x_hd.o(.text)
    TIM1_TRG_COM_IRQHandler                  0x08003a0f   Thumb Code     0  startup_stm32f10x_hd.o(.text)
    TIM1_UP_IRQHandler                       0x08003a0f   Thumb Code     0  startup_stm32f10x_hd.o(.text)
    TIM4_IRQHandler                          0x08003a0f   Thumb Code     0  startup_stm32f10x_hd.o(.text)
    TIM5_IRQHandler                          0x08003a0f   Thumb Code     0  startup_stm32f10x_hd.o(.text)
    TIM6_IRQHandler                          0x08003a0f   Thumb Code     0  startup_stm32f10x_hd.o(.text)
    TIM7_IRQHandler                          0x08003a0f   Thumb Code     0  startup_stm32f10x_hd.o(.text)
    TIM8_BRK_IRQHandler                      0x08003a0f   Thumb Code     0  startup_stm32f10x_hd.o(.text)
    TIM8_CC_IRQHandler                       0x08003a0f   Thumb Code     0  startup_stm32f10x_hd.o(.text)
    TIM8_TRG_COM_IRQHandler                  0x08003a0f   Thumb Code     0  startup_stm32f10x_hd.o(.text)
    TIM8_UP_IRQHandler                       0x08003a0f   Thumb Code     0  startup_stm32f10x_hd.o(.text)
    UART4_IRQHandler                         0x08003a0f   Thumb Code     0  startup_stm32f10x_hd.o(.text)
    UART5_IRQHandler                         0x08003a0f   Thumb Code     0  startup_stm32f10x_hd.o(.text)
    USART2_IRQHandler                        0x08003a0f   Thumb Code     0  startup_stm32f10x_hd.o(.text)
    USART3_IRQHandler                        0x08003a0f   Thumb Code     0  startup_stm32f10x_hd.o(.text)
    USBWakeUp_IRQHandler                     0x08003a0f   Thumb Code     0  startup_stm32f10x_hd.o(.text)
    USB_HP_CAN1_TX_IRQHandler                0x08003a0f   Thumb Code     0  startup_stm32f10x_hd.o(.text)
    USB_LP_CAN1_RX0_IRQHandler               0x08003a0f   Thumb Code     0  startup_stm32f10x_hd.o(.text)
    WWDG_IRQHandler                          0x08003a0f   Thumb Code     0  startup_stm32f10x_hd.o(.text)
    __scatterload                            0x08003a19   Thumb Code    28  init.o(.text)
    __scatterload_rt2                        0x08003a19   Thumb Code     0  init.o(.text)
    __scatterload_copy                       0x08003a3d   Thumb Code    14  handlers.o(i.__scatterload_copy)
    __scatterload_null                       0x08003a4b   Thumb Code     2  handlers.o(i.__scatterload_null)
    __scatterload_zeroinit                   0x08003a4d   Thumb Code    14  handlers.o(i.__scatterload_zeroinit)
    g_McRctable_16                           0x08003a5a   Data         512  crc16.o(.constdata)
    Region$$Table$$Base                      0x08003c5c   Number         0  anon$$obj.o(Region$$Table)
    Region$$Table$$Limit                     0x08003c7c   Number         0  anon$$obj.o(Region$$Table)
    PC_Answer                                0x20000002   Data           6  usart.o(.data)
    Auto_Frame_Time1                         0x20000008   Data           1  usart.o(.data)
    MCU_State                                0x20000009   Data           1  usart.o(.data)
    belt                                     0x2000000a   Data           4  usart.o(.data)
    Gled_Num                                 0x20000016   Data           1  led.o(.data)
    Rled_Num                                 0x20000017   Data           1  led.o(.data)
    Gled_Light_Static                        0x20000018   Data           1  led.o(.data)
    Rled_Light_Static                        0x20000019   Data           1  led.o(.data)
    Key_ScanNum                              0x2000002a   Data           1  key.o(.data)
    SystemCoreClock                          0x20000040   Data           4  system_stm32f10x.o(.data)
    AHBPrescTable                            0x20000044   Data          16  system_stm32f10x.o(.data)
    Usart1_Control_Data                      0x20000054   Data        1034  usart.o(.bss)
    PC_Host_Rec                              0x2000045e   Data          18  usart.o(.bss)
    MCU_Host_Send                            0x20000470   Data          18  usart.o(.bss)
    MCU_Host_Rec                             0x20000482   Data          10  usart.o(.bss)
    Channel                                  0x2000048c   Data          64  usart.o(.bss)
    __initial_sp                             0x200008d0   Data           0  startup_stm32f10x_hd.o(STACK)



==============================================================================

Memory Map of the image

  Image Entry point : 0x08000131

  Load Region LR_IROM1 (Base: 0x08000000, Size: 0x00003cd0, Max: 0x00020000, ABSOLUTE)

    Execution Region ER_IROM1 (Base: 0x08000000, Size: 0x00003c7c, Max: 0x00020000, ABSOLUTE)

    Base Addr    Size         Type   Attr      Idx    E Section Name        Object

    0x08000000   0x00000130   Data   RO          395    RESET               startup_stm32f10x_hd.o
    0x08000130   0x00000000   Code   RO          400  * .ARM.Collect$$$$00000000  mc_w.l(entry.o)
    0x08000130   0x00000004   Code   RO          403    .ARM.Collect$$$$00000001  mc_w.l(entry2.o)
    0x08000134   0x00000004   Code   RO          406    .ARM.Collect$$$$00000004  mc_w.l(entry5.o)
    0x08000138   0x00000000   Code   RO          408    .ARM.Collect$$$$00000008  mc_w.l(entry7b.o)
    0x08000138   0x00000000   Code   RO          410    .ARM.Collect$$$$0000000A  mc_w.l(entry8b.o)
    0x08000138   0x00000008   Code   RO          411    .ARM.Collect$$$$0000000B  mc_w.l(entry9a.o)
    0x08000140   0x00000000   Code   RO          413    .ARM.Collect$$$$0000000D  mc_w.l(entry10a.o)
    0x08000140   0x00000000   Code   RO          415    .ARM.Collect$$$$0000000F  mc_w.l(entry11a.o)
    0x08000140   0x00000004   Code   RO          404    .ARM.Collect$$$$00002712  mc_w.l(entry2.o)
    0x08000144   0x0000004e   Code   RO            1    .text               main.o
    0x08000192   0x00000002   PAD
    0x08000194   0x000000fc   Code   RO           98    .text               stm32f10x_it.o
    0x08000290   0x00000174   Code   RO          114    .text               tim.o
    0x08000404   0x00000798   Code   RO          126    .text               usart.o
    0x08000b9c   0x00000098   Code   RO          146    .text               crc16.o
    0x08000c34   0x00000168   Code   RO          161    .text               led.o
    0x08000d9c   0x000000d0   Code   RO          179    .text               delay.o
    0x08000e6c   0x000005b4   Code   RO          193    .text               roll_pater_control.o
    0x08001420   0x00000724   Code   RO          205    .text               exti.o
    0x08001b44   0x000001bc   Code   RO          217    .text               key.o
    0x08001d00   0x000000dc   Code   RO          236    .text               misc.o
    0x08001ddc   0x0000011c   Code   RO          263    .text               stm32f10x_exti.o
    0x08001ef8   0x00000358   Code   RO          275    .text               stm32f10x_gpio.o
    0x08002250   0x000003a4   Code   RO          299    .text               stm32f10x_rcc.o
    0x080025f4   0x00000e1a   Code   RO          340    .text               stm32f10x_tim.o
    0x0800340e   0x00000002   PAD
    0x08003410   0x00000408   Code   RO          352    .text               stm32f10x_usart.o
    0x08003818   0x000001dc   Code   RO          375    .text               system_stm32f10x.o
    0x080039f4   0x00000024   Code   RO          396    .text               startup_stm32f10x_hd.o
    0x08003a18   0x00000024   Code   RO          417    .text               mc_w.l(init.o)
    0x08003a3c   0x0000000e   Code   RO          421    i.__scatterload_copy  mc_w.l(handlers.o)
    0x08003a4a   0x00000002   Code   RO          422    i.__scatterload_null  mc_w.l(handlers.o)
    0x08003a4c   0x0000000e   Code   RO          423    i.__scatterload_zeroinit  mc_w.l(handlers.o)
    0x08003a5a   0x00000200   Data   RO          147    .constdata          crc16.o
    0x08003c5a   0x00000002   PAD
    0x08003c5c   0x00000020   Data   RO          419    Region$$Table       anon$$obj.o


    Execution Region RW_IRAM1 (Base: 0x20000000, Size: 0x000008d0, Max: 0x00005000, ABSOLUTE)

    Base Addr    Size         Type   Attr      Idx    E Section Name        Object

    0x20000000   0x00000001   Data   RW           99    .data               stm32f10x_it.o
    0x20000001   0x00000001   PAD
    0x20000002   0x0000000c   Data   RW          128    .data               usart.o
    0x2000000e   0x0000000c   Data   RW          162    .data               led.o
    0x2000001a   0x00000004   Data   RW          180    .data               delay.o
    0x2000001e   0x0000000d   Data   RW          218    .data               key.o
    0x2000002b   0x00000014   Data   RW          300    .data               stm32f10x_rcc.o
    0x2000003f   0x00000001   PAD
    0x20000040   0x00000014   Data   RW          376    .data               system_stm32f10x.o
    0x20000054   0x00000478   Zero   RW          127    .bss                usart.o
    0x200004cc   0x00000004   PAD
    0x200004d0   0x00000400   Zero   RW          393    STACK               startup_stm32f10x_hd.o


==============================================================================

Image component sizes


      Code (inc. data)   RO Data    RW Data    ZI Data      Debug   Object Name

         0          0          0          0          0         32   core_cm3.o
       152          4        512          0          0       1724   crc16.o
       208         18          0          4          0        883   delay.o
      1828         34          0          0          0       4157   exti.o
       444         40          0         13          0       1085   key.o
       360         46          0         12          0       1328   led.o
        78          0          0          0          0     256349   main.o
       220         20          0          0          0       1785   misc.o
      1460         46          0          0          0       2377   roll_pater_control.o
        36          8        304          0       1024        772   startup_stm32f10x_hd.o
       284         10          0          0          0       2219   stm32f10x_exti.o
       856         40          0          0          0       5629   stm32f10x_gpio.o
       252         24          0          1          0       1704   stm32f10x_it.o
       932         44          0         20          0       8756   stm32f10x_rcc.o
      3610         88          0          0          0      22116   stm32f10x_tim.o
      1032         22          0          0          0       8352   stm32f10x_usart.o
       476         36          0         20          0       1667   system_stm32f10x.o
       372          8          0          0          0       1286   tim.o
      1944         72          0         12       1144       7234   usart.o

    ----------------------------------------------------------------------
     14548        560        850         84       2172     329455   Object Totals
         0          0         32          0          0          0   (incl. Generated)
         4          0          2          2          4          0   (incl. Padding)

    ----------------------------------------------------------------------

      Code (inc. data)   RO Data    RW Data    ZI Data      Debug   Library Member Name

         0          0          0          0          0          0   entry.o
         0          0          0          0          0          0   entry10a.o
         0          0          0          0          0          0   entry11a.o
         8          4          0          0          0          0   entry2.o
         4          0          0          0          0          0   entry5.o
         0          0          0          0          0          0   entry7b.o
         0          0          0          0          0          0   entry8b.o
         8          4          0          0          0          0   entry9a.o
        30          0          0          0          0          0   handlers.o
        36          8          0          0          0         68   init.o

    ----------------------------------------------------------------------
        86         16          0          0          0         68   Library Totals
         0          0          0          0          0          0   (incl. Padding)

    ----------------------------------------------------------------------

      Code (inc. data)   RO Data    RW Data    ZI Data      Debug   Library Name

        86         16          0          0          0         68   mc_w.l

    ----------------------------------------------------------------------
        86         16          0          0          0         68   Library Totals

    ----------------------------------------------------------------------

==============================================================================


      Code (inc. data)   RO Data    RW Data    ZI Data      Debug   

     14634        576        850         84       2172     328119   Grand Totals
     14634        576        850         84       2172     328119   ELF Image Totals
     14634        576        850         84          0          0   ROM Totals

==============================================================================

    Total RO  Size (Code + RO Data)                15484 (  15.12kB)
    Total RW  Size (RW Data + ZI Data)              2256 (   2.20kB)
    Total ROM Size (Code + RO Data + RW Data)      15568 (  15.20kB)

==============================================================================

