<html>
<body>
<pre>
<h1>µVision Build Log</h1>
<h2>Project:</h2>
G:\program\Roll_Paper_Motor\MDK_ARM\Roll_Pater_DCMotor.uvproj
Project File Date:  10/20/2016

<h2>Output:</h2>
Rebuild target 'Target 1'
compiling main.c...
..\USER\main.c(1): error:  #5: cannot open source input file "HeadType.h": No such file or directory
compiling stm32f10x_it.c...
..\USER\stm32f10x_it.c(25): error:  #5: cannot open source input file "stm32f10x_it.h": No such file or directory
compiling TIM.C...
..\USER\TIM.C(1): error:  #5: cannot open source input file "HeadType.h": No such file or directory
compiling usart.c...
..\USER\usart.c(1): error:  #5: cannot open source input file "HeadType.h": No such file or directory
compiling crc16.c...
..\USER\crc16.c(1): error:  #5: cannot open source input file "HeadType.h": No such file or directory
compiling led.c...
C:\Keil\ARM\Inc\ST\STM32F10x\stm32f10x.h(96): error:  #35: #error directive: "Please select first the target STM32F10x device used in your application (in stm32f10x.h file)"
compiling delay.c...
C:\Keil\ARM\Inc\ST\STM32F10x\stm32f10x.h(96): error:  #35: #error directive: "Please select first the target STM32F10x device used in your application (in stm32f10x.h file)"
compiling misc.c...
..\Libraries\STM32F10x_StdPeriph_Driver\src\misc.c(24): error:  #5: cannot open source input file "misc.h": No such file or directory
compiling stm32f10x_bkp.c...
..\Libraries\STM32F10x_StdPeriph_Driver\src\stm32f10x_bkp.c(23): error:  #5: cannot open source input file "stm32f10x_bkp.h": No such file or directory
compiling stm32f10x_exti.c...
..\Libraries\STM32F10x_StdPeriph_Driver\src\stm32f10x_exti.c(23): error:  #5: cannot open source input file "stm32f10x_exti.h": No such file or directory
compiling stm32f10x_gpio.c...
..\Libraries\STM32F10x_StdPeriph_Driver\src\stm32f10x_gpio.c(23): error:  #5: cannot open source input file "stm32f10x_gpio.h": No such file or directory
compiling stm32f10x_pwr.c...
..\Libraries\STM32F10x_StdPeriph_Driver\src\stm32f10x_pwr.c(23): error:  #5: cannot open source input file "stm32f10x_pwr.h": No such file or directory
compiling stm32f10x_rcc.c...
..\Libraries\STM32F10x_StdPeriph_Driver\src\stm32f10x_rcc.c(23): error:  #5: cannot open source input file "stm32f10x_rcc.h": No such file or directory
compiling stm32f10x_rtc.c...
..\Libraries\STM32F10x_StdPeriph_Driver\src\stm32f10x_rtc.c(23): error:  #5: cannot open source input file "stm32f10x_rtc.h": No such file or directory
compiling stm32f10x_sdio.c...
..\Libraries\STM32F10x_StdPeriph_Driver\src\stm32f10x_sdio.c(23): error:  #5: cannot open source input file "stm32f10x_sdio.h": No such file or directory
compiling stm32f10x_tim.c...
..\Libraries\STM32F10x_StdPeriph_Driver\src\stm32f10x_tim.c(23): error:  #5: cannot open source input file "stm32f10x_tim.h": No such file or directory
compiling stm32f10x_usart.c...
..\Libraries\STM32F10x_StdPeriph_Driver\src\stm32f10x_usart.c(23): error:  #5: cannot open source input file "stm32f10x_usart.h": No such file or directory
compiling core_cm3.c...
compiling system_stm32f10x.c...
..\Libraries\CMSIS\stm32f10x.h(8297): error:  #5: cannot open source input file "stm32f10x_conf.h": No such file or directory
assembling startup_stm32f10x_hd.s...
".\Roll_Pater_DCMotor.axf" - 18 Errors, 0 Warning(s).
Target not created
Rebuild target 'Target 1'
compiling main.c...
compiling stm32f10x_it.c...
compiling TIM.C...
compiling usart.c...
compiling crc16.c...
compiling led.c...
compiling delay.c...
compiling misc.c...
compiling stm32f10x_bkp.c...
compiling stm32f10x_exti.c...
compiling stm32f10x_gpio.c...
compiling stm32f10x_pwr.c...
compiling stm32f10x_rcc.c...
compiling stm32f10x_rtc.c...
compiling stm32f10x_sdio.c...
compiling stm32f10x_tim.c...
compiling stm32f10x_usart.c...
compiling core_cm3.c...
compiling system_stm32f10x.c...
assembling startup_stm32f10x_hd.s...
linking...
.\Roll_Pater_DCMotor.axf: Error: L6218E: Undefined symbol Belt_Config (referred from main.o).
.\Roll_Pater_DCMotor.axf: Error: L6218E: Undefined symbol CH_Light_Control (referred from main.o).
.\Roll_Pater_DCMotor.axf: Error: L6218E: Undefined symbol CH_Send_Medicine (referred from main.o).
.\Roll_Pater_DCMotor.axf: Error: L6218E: Undefined symbol EXTIX_Init (referred from main.o).
.\Roll_Pater_DCMotor.axf: Error: L6218E: Undefined symbol Send_Medicine_Config (referred from main.o).
.\Roll_Pater_DCMotor.axf: Error: L6218E: Undefined symbol Belt_Control (referred from stm32f10x_it.o).
.\Roll_Pater_DCMotor.axf: Error: L6218E: Undefined symbol Device_Send_Actual_IRQTimer (referred from stm32f10x_it.o).
.\Roll_Pater_DCMotor.axf: Error: L6218E: Undefined symbol Motor_pulse_IRQTimer (referred from stm32f10x_it.o).
.\Roll_Pater_DCMotor.axf: Error: L6218E: Undefined symbol Send_Medicine_Time_ISR (referred from stm32f10x_it.o).
".\Roll_Pater_DCMotor.axf" - 9 Errors, 0 Warning(s).
Target not created
Build target 'Target 1'
compiling main.c...
compiling stm32f10x_it.c...
compiling TIM.C...
compiling usart.c...
compiling crc16.c...
compiling led.c...
compiling delay.c...
compiling misc.c...
compiling stm32f10x_bkp.c...
compiling stm32f10x_exti.c...
compiling stm32f10x_gpio.c...
compiling stm32f10x_pwr.c...
compiling stm32f10x_rcc.c...
compiling stm32f10x_rtc.c...
compiling stm32f10x_sdio.c...
compiling stm32f10x_tim.c...
compiling stm32f10x_usart.c...
compiling core_cm3.c...
compiling system_stm32f10x.c...
assembling startup_stm32f10x_hd.s...
linking...
.\Roll_Pater_DCMotor.axf: Error: L6218E: Undefined symbol CH_Light_Control (referred from main.o).
.\Roll_Pater_DCMotor.axf: Error: L6218E: Undefined symbol CH_Send_Medicine (referred from main.o).
.\Roll_Pater_DCMotor.axf: Error: L6218E: Undefined symbol EXTIX_Init (referred from main.o).
.\Roll_Pater_DCMotor.axf: Error: L6218E: Undefined symbol Belt_Control (referred from stm32f10x_it.o).
.\Roll_Pater_DCMotor.axf: Error: L6218E: Undefined symbol Device_Send_Actual_IRQTimer (referred from stm32f10x_it.o).
.\Roll_Pater_DCMotor.axf: Error: L6218E: Undefined symbol Motor_pulse_IRQTimer (referred from stm32f10x_it.o).
.\Roll_Pater_DCMotor.axf: Error: L6218E: Undefined symbol Send_Medicine_Time_ISR (referred from stm32f10x_it.o).
".\Roll_Pater_DCMotor.axf" - 7 Errors, 0 Warning(s).
Target not created
Build target 'Target 1'
compiling main.c...
linking...
.\Roll_Pater_DCMotor.axf: Error: L6218E: Undefined symbol EXTIX_Init (referred from main.o).
.\Roll_Pater_DCMotor.axf: Error: L6218E: Undefined symbol Belt_Control (referred from stm32f10x_it.o).
.\Roll_Pater_DCMotor.axf: Error: L6218E: Undefined symbol Device_Send_Actual_IRQTimer (referred from stm32f10x_it.o).
.\Roll_Pater_DCMotor.axf: Error: L6218E: Undefined symbol Motor_pulse_IRQTimer (referred from stm32f10x_it.o).
.\Roll_Pater_DCMotor.axf: Error: L6218E: Undefined symbol Send_Medicine_Time_ISR (referred from stm32f10x_it.o).
".\Roll_Pater_DCMotor.axf" - 5 Errors, 0 Warning(s).
Target not created
Build target 'Target 1'
compiling exti.c...
linking...
.\Roll_Pater_DCMotor.axf: Error: L6218E: Undefined symbol Belt_Control (referred from stm32f10x_it.o).
.\Roll_Pater_DCMotor.axf: Error: L6218E: Undefined symbol Send_Medicine_Time_ISR (referred from stm32f10x_it.o).
".\Roll_Pater_DCMotor.axf" - 2 Errors, 0 Warning(s).
Target not created
Build target 'Target 1'
compiling stm32f10x_it.c...
linking...
Program Size: Code=13318 RO-data=850 RW-data=72 ZI-data=2168  
".\Roll_Pater_DCMotor.axf" - 0 Errors, 0 Warning(s).
Rebuild target 'Target 1'
compiling main.c...
compiling stm32f10x_it.c...
compiling TIM.C...
compiling usart.c...
compiling crc16.c...
compiling led.c...
compiling delay.c...
compiling exti.c...
compiling misc.c...
compiling stm32f10x_bkp.c...
compiling stm32f10x_exti.c...
compiling stm32f10x_gpio.c...
compiling stm32f10x_pwr.c...
compiling stm32f10x_rcc.c...
compiling stm32f10x_rtc.c...
compiling stm32f10x_sdio.c...
compiling stm32f10x_tim.c...
compiling stm32f10x_usart.c...
compiling core_cm3.c...
compiling system_stm32f10x.c...
assembling startup_stm32f10x_hd.s...
linking...
Program Size: Code=13318 RO-data=850 RW-data=72 ZI-data=2168  
".\Roll_Pater_DCMotor.axf" - 0 Errors, 0 Warning(s).
Build target 'Target 1'
compiling main.c...
..\include\HeadType.h(9): error:  #5: cannot open source input file "send_medicine_control.h": No such file or directory
compiling stm32f10x_it.c...
..\include\HeadType.h(9): error:  #5: cannot open source input file "send_medicine_control.h": No such file or directory
compiling TIM.C...
..\include\HeadType.h(9): error:  #5: cannot open source input file "send_medicine_control.h": No such file or directory
compiling usart.c...
..\include\HeadType.h(9): error:  #5: cannot open source input file "send_medicine_control.h": No such file or directory
compiling crc16.c...
..\include\HeadType.h(9): error:  #5: cannot open source input file "send_medicine_control.h": No such file or directory
compiling exti.c...
..\include\HeadType.h(9): error:  #5: cannot open source input file "send_medicine_control.h": No such file or directory
".\Roll_Pater_DCMotor.axf" - 6 Errors, 0 Warning(s).
Target not created
Build target 'Target 1'
compiling main.c...
..\include\HeadType.h(9): error:  #5: cannot open source input file "ROLL_PATER_control.h": No such file or directory
compiling stm32f10x_it.c...
..\include\HeadType.h(9): error:  #5: cannot open source input file "ROLL_PATER_control.h": No such file or directory
compiling TIM.C...
..\include\HeadType.h(9): error:  #5: cannot open source input file "ROLL_PATER_control.h": No such file or directory
compiling usart.c...
..\include\HeadType.h(9): error:  #5: cannot open source input file "ROLL_PATER_control.h": No such file or directory
compiling crc16.c...
..\include\HeadType.h(9): error:  #5: cannot open source input file "ROLL_PATER_control.h": No such file or directory
compiling exti.c...
..\include\HeadType.h(9): error:  #5: cannot open source input file "ROLL_PATER_control.h": No such file or directory
".\Roll_Pater_DCMotor.axf" - 6 Errors, 0 Warning(s).
Target not created
Build target 'Target 1'
compiling main.c...
..\include\HeadType.h(9): error:  #5: cannot open source input file "roll_pater_control.h": No such file or directory
compiling stm32f10x_it.c...
..\include\HeadType.h(9): error:  #5: cannot open source input file "roll_pater_control.h": No such file or directory
compiling TIM.C...
..\include\HeadType.h(9): error:  #5: cannot open source input file "roll_pater_control.h": No such file or directory
compiling usart.c...
..\include\HeadType.h(9): error:  #5: cannot open source input file "roll_pater_control.h": No such file or directory
compiling crc16.c...
..\include\HeadType.h(9): error:  #5: cannot open source input file "roll_pater_control.h": No such file or directory
compiling exti.c...
..\include\HeadType.h(9): error:  #5: cannot open source input file "roll_pater_control.h": No such file or directory
".\Roll_Pater_DCMotor.axf" - 6 Errors, 0 Warning(s).
Target not created
Build target 'Target 1'
compiling main.c...
compiling stm32f10x_it.c...
compiling TIM.C...
compiling usart.c...
compiling crc16.c...
compiling exti.c...
linking...
Program Size: Code=13318 RO-data=850 RW-data=72 ZI-data=2168  
".\Roll_Pater_DCMotor.axf" - 0 Errors, 0 Warning(s).
Build target 'Target 1'
compiling roll_pater_control.c...
linking...
Program Size: Code=13318 RO-data=850 RW-data=72 ZI-data=2168  
".\Roll_Pater_DCMotor.axf" - 0 Errors, 0 Warning(s).
Build target 'Target 1'
compiling roll_pater_control.c...
linking...
Program Size: Code=13318 RO-data=850 RW-data=72 ZI-data=2168  
".\Roll_Pater_DCMotor.axf" - 0 Errors, 0 Warning(s).
Build target 'Target 1'
linking...
Program Size: Code=13318 RO-data=850 RW-data=72 ZI-data=2168  
".\Roll_Pater_DCMotor.axf" - 0 Errors, 0 Warning(s).
Build target 'Target 1'
compiling roll_pater_control.c...
linking...
Program Size: Code=13318 RO-data=850 RW-data=72 ZI-data=2168  
".\Roll_Pater_DCMotor.axf" - 0 Errors, 0 Warning(s).
Build target 'Target 1'
compiling roll_pater_control.c...
linking...
Program Size: Code=13318 RO-data=850 RW-data=72 ZI-data=2168  
".\Roll_Pater_DCMotor.axf" - 0 Errors, 0 Warning(s).
Rebuild target 'Target 1'
compiling main.c...
compiling stm32f10x_it.c...
compiling TIM.C...
compiling usart.c...
compiling crc16.c...
compiling led.c...
compiling delay.c...
compiling roll_pater_control.c...
compiling misc.c...
compiling stm32f10x_bkp.c...
compiling stm32f10x_exti.c...
compiling stm32f10x_gpio.c...
compiling stm32f10x_pwr.c...
compiling stm32f10x_rcc.c...
compiling stm32f10x_rtc.c...
compiling stm32f10x_sdio.c...
compiling stm32f10x_tim.c...
compiling stm32f10x_usart.c...
compiling core_cm3.c...
compiling system_stm32f10x.c...
assembling startup_stm32f10x_hd.s...
linking...
.\Roll_Pater_DCMotor.axf: Error: L6218E: Undefined symbol EXTIX_Init (referred from main.o).
.\Roll_Pater_DCMotor.axf: Error: L6218E: Undefined symbol Device_Send_Actual_IRQTimer (referred from stm32f10x_it.o).
.\Roll_Pater_DCMotor.axf: Error: L6218E: Undefined symbol Motor_pulse_IRQTimer (referred from stm32f10x_it.o).
".\Roll_Pater_DCMotor.axf" - 3 Errors, 0 Warning(s).
Target not created
Build target 'Target 1'
compiling main.c...
linking...
.\Roll_Pater_DCMotor.axf: Error: L6218E: Undefined symbol Device_Send_Actual_IRQTimer (referred from stm32f10x_it.o).
.\Roll_Pater_DCMotor.axf: Error: L6218E: Undefined symbol Motor_pulse_IRQTimer (referred from stm32f10x_it.o).
".\Roll_Pater_DCMotor.axf" - 2 Errors, 0 Warning(s).
Target not created
Build target 'Target 1'
compiling stm32f10x_it.c...
linking...
.\Roll_Pater_DCMotor.axf: Error: L6218E: Undefined symbol Device_Send_Actual_IRQTimer (referred from stm32f10x_it.o).
".\Roll_Pater_DCMotor.axf" - 1 Errors, 0 Warning(s).
Target not created
Build target 'Target 1'
compiling stm32f10x_it.c...
linking...
Program Size: Code=10558 RO-data=850 RW-data=68 ZI-data=2172  
".\Roll_Pater_DCMotor.axf" - 0 Errors, 0 Warning(s).
Build target 'Target 1'
linking...
Program Size: Code=10558 RO-data=850 RW-data=68 ZI-data=2172  
".\Roll_Pater_DCMotor.axf" - 0 Errors, 0 Warning(s).
Build target 'Target 1'
linking...
Program Size: Code=10558 RO-data=850 RW-data=68 ZI-data=2172  
".\Roll_Pater_DCMotor.axf" - 0 Errors, 0 Warning(s).
Build target 'Target 1'
compiling main.c...
compiling stm32f10x_it.c...
linking...
.\Roll_Pater_DCMotor.axf: Error: L6218E: Undefined symbol CH_Light_Control (referred from main.o).
.\Roll_Pater_DCMotor.axf: Error: L6218E: Undefined symbol CH_Send_Medicine (referred from main.o).
.\Roll_Pater_DCMotor.axf: Error: L6218E: Undefined symbol Send_Medicine_Time_ISR (referred from stm32f10x_it.o).
".\Roll_Pater_DCMotor.axf" - 3 Errors, 0 Warning(s).
Target not created
Build target 'Target 1'
compiling main.c...
linking...
.\Roll_Pater_DCMotor.axf: Error: L6218E: Undefined symbol Send_Medicine_Time_ISR (referred from stm32f10x_it.o).
".\Roll_Pater_DCMotor.axf" - 1 Errors, 0 Warning(s).
Target not created
Build target 'Target 1'
compiling stm32f10x_it.c...
linking...
Program Size: Code=13318 RO-data=850 RW-data=72 ZI-data=2168  
".\Roll_Pater_DCMotor.axf" - 0 Errors, 0 Warning(s).
Build target 'Target 1'
compiling roll_pater_control.c...
linking...
Program Size: Code=13318 RO-data=850 RW-data=72 ZI-data=2168  
".\Roll_Pater_DCMotor.axf" - 0 Errors, 0 Warning(s).
Build target 'Target 1'
compiling main.c...
linking...
Program Size: Code=13970 RO-data=850 RW-data=72 ZI-data=2168  
".\Roll_Pater_DCMotor.axf" - 0 Errors, 0 Warning(s).
Build target 'Target 1'
compiling main.c...
compiling stm32f10x_it.c...
compiling TIM.C...
compiling usart.c...
compiling crc16.c...
compiling roll_pater_control.c...
compiling exti.c...
linking...
Program Size: Code=13970 RO-data=850 RW-data=72 ZI-data=2168  
".\Roll_Pater_DCMotor.axf" - 0 Errors, 0 Warning(s).
Build target 'Target 1'
linking...
Program Size: Code=13970 RO-data=850 RW-data=72 ZI-data=2168  
".\Roll_Pater_DCMotor.axf" - 0 Errors, 0 Warning(s).
Build target 'Target 1'
linking...
Program Size: Code=13970 RO-data=850 RW-data=72 ZI-data=2168  
".\Roll_Pater_DCMotor.axf" - 0 Errors, 0 Warning(s).
Build target 'Target 1'
compiling stm32f10x_it.c...
linking...
Program Size: Code=13962 RO-data=850 RW-data=72 ZI-data=2168  
".\Roll_Pater_DCMotor.axf" - 0 Errors, 0 Warning(s).
Build target 'Target 1'
compiling exti.c...
linking...
Program Size: Code=13814 RO-data=850 RW-data=68 ZI-data=2172  
".\Roll_Pater_DCMotor.axf" - 0 Errors, 0 Warning(s).
Build target 'Target 1'
compiling exti.c...
linking...
Program Size: Code=13650 RO-data=850 RW-data=68 ZI-data=2172  
".\Roll_Pater_DCMotor.axf" - 0 Errors, 0 Warning(s).
Build target 'Target 1'
compiling exti.c...
linking...
Program Size: Code=13494 RO-data=850 RW-data=68 ZI-data=2172  
".\Roll_Pater_DCMotor.axf" - 0 Errors, 0 Warning(s).
Build target 'Target 1'
compiling exti.c...
linking...
Program Size: Code=13494 RO-data=850 RW-data=68 ZI-data=2172  
".\Roll_Pater_DCMotor.axf" - 0 Errors, 0 Warning(s).
Build target 'Target 1'
compiling exti.c...
linking...
Program Size: Code=13370 RO-data=850 RW-data=68 ZI-data=2172  
".\Roll_Pater_DCMotor.axf" - 0 Errors, 0 Warning(s).
Build target 'Target 1'
compiling stm32f10x_it.c...
linking...
Program Size: Code=13374 RO-data=850 RW-data=68 ZI-data=2172  
".\Roll_Pater_DCMotor.axf" - 0 Errors, 0 Warning(s).
Build target 'Target 1'
compiling roll_pater_control.c...
linking...
Program Size: Code=13494 RO-data=850 RW-data=68 ZI-data=2172  
".\Roll_Pater_DCMotor.axf" - 0 Errors, 0 Warning(s).
Build target 'Target 1'
compiling main.c...
compiling stm32f10x_it.c...
compiling TIM.C...
compiling usart.c...
compiling crc16.c...
compiling roll_pater_control.c...
compiling exti.c...
linking...
Program Size: Code=13498 RO-data=850 RW-data=68 ZI-data=2172  
".\Roll_Pater_DCMotor.axf" - 0 Errors, 0 Warning(s).
Build target 'Target 1'
compiling main.c...
compiling roll_pater_control.c...
linking...
Program Size: Code=13614 RO-data=850 RW-data=68 ZI-data=2172  
".\Roll_Pater_DCMotor.axf" - 0 Errors, 0 Warning(s).
Build target 'Target 1'
compiling roll_pater_control.c...
linking...
Program Size: Code=13614 RO-data=850 RW-data=68 ZI-data=2172  
".\Roll_Pater_DCMotor.axf" - 0 Errors, 0 Warning(s).
Build target 'Target 1'
compiling roll_pater_control.c...
linking...
Program Size: Code=13634 RO-data=850 RW-data=68 ZI-data=2172  
".\Roll_Pater_DCMotor.axf" - 0 Errors, 0 Warning(s).
Build target 'Target 1'
compiling roll_pater_control.c...
linking...
Program Size: Code=13862 RO-data=850 RW-data=68 ZI-data=2172  
".\Roll_Pater_DCMotor.axf" - 0 Errors, 0 Warning(s).
Build target 'Target 1'
compiling roll_pater_control.c...
linking...
Program Size: Code=13830 RO-data=850 RW-data=68 ZI-data=2172  
".\Roll_Pater_DCMotor.axf" - 0 Errors, 0 Warning(s).
Rebuild target 'Target 1'
compiling main.c...
compiling stm32f10x_it.c...
compiling TIM.C...
compiling usart.c...
compiling crc16.c...
compiling led.c...
compiling delay.c...
compiling roll_pater_control.c...
compiling exti.c...
compiling misc.c...
compiling stm32f10x_bkp.c...
compiling stm32f10x_exti.c...
compiling stm32f10x_gpio.c...
compiling stm32f10x_pwr.c...
compiling stm32f10x_rcc.c...
compiling stm32f10x_rtc.c...
compiling stm32f10x_sdio.c...
compiling stm32f10x_tim.c...
compiling stm32f10x_usart.c...
compiling core_cm3.c...
compiling system_stm32f10x.c...
assembling startup_stm32f10x_hd.s...
linking...
Program Size: Code=13830 RO-data=850 RW-data=68 ZI-data=2172  
".\Roll_Pater_DCMotor.axf" - 0 Errors, 0 Warning(s).
Load "G:\\program\\Roll_Paper_Motor\\MDK_ARM\\Roll_Pater_DCMotor.axf" 
Erase Done.
Programming Done.
Verify OK.
Application running ...
Build target 'Target 1'
compiling exti.c...
linking...
Program Size: Code=13822 RO-data=850 RW-data=68 ZI-data=2172  
".\Roll_Pater_DCMotor.axf" - 0 Errors, 0 Warning(s).
Build target 'Target 1'
compiling exti.c...
linking...
Program Size: Code=13794 RO-data=850 RW-data=68 ZI-data=2172  
".\Roll_Pater_DCMotor.axf" - 0 Errors, 0 Warning(s).
Load "G:\\program\\Roll_Paper_Motor\\MDK_ARM\\Roll_Pater_DCMotor.axf" 
Erase Done.
Programming Done.
Verify OK.
Application running ...
Build target 'Target 1'
compiling exti.c...
linking...
Program Size: Code=13758 RO-data=850 RW-data=68 ZI-data=2172  
".\Roll_Pater_DCMotor.axf" - 0 Errors, 0 Warning(s).
Build target 'Target 1'
compiling exti.c...
linking...
Program Size: Code=13722 RO-data=850 RW-data=68 ZI-data=2172  
".\Roll_Pater_DCMotor.axf" - 0 Errors, 0 Warning(s).
Load "G:\\program\\Roll_Paper_Motor\\MDK_ARM\\Roll_Pater_DCMotor.axf" 
Erase Done.
Programming Done.
Verify OK.
Application running ...
Load "G:\\program\\Roll_Paper_Motor\\MDK_ARM\\Roll_Pater_DCMotor.axf" 
Build target 'Target 1'
linking...
Program Size: Code=13722 RO-data=850 RW-data=68 ZI-data=2172  
".\Roll_Pater_DCMotor.axf" - 0 Errors, 0 Warning(s).
Load "G:\\program\\Roll_Paper_Motor\\MDK_ARM\\Roll_Pater_DCMotor.axf" 
Build target 'Target 1'
linking...
Program Size: Code=13722 RO-data=850 RW-data=68 ZI-data=2172  
".\Roll_Pater_DCMotor.axf" - 0 Errors, 0 Warning(s).
Load "G:\\program\\Roll_Paper_Motor\\MDK_ARM\\Roll_Pater_DCMotor.axf" 
Erase Done.
Programming Done.
Verify OK.
Application running ...
Build target 'Target 1'
compiling roll_pater_control.c...
linking...
Program Size: Code=13726 RO-data=850 RW-data=68 ZI-data=2172  
".\Roll_Pater_DCMotor.axf" - 0 Errors, 0 Warning(s).
Load "G:\\program\\Roll_Paper_Motor\\MDK_ARM\\Roll_Pater_DCMotor.axf" 
Erase Failed!
Internal command error
Build target 'Target 1'
linking...
Program Size: Code=13726 RO-data=850 RW-data=68 ZI-data=2172  
".\Roll_Pater_DCMotor.axf" - 0 Errors, 0 Warning(s).
Load "G:\\program\\Roll_Paper_Motor\\MDK_ARM\\Roll_Pater_DCMotor.axf" 
Load "G:\\program\\Roll_Paper_Motor\\MDK_ARM\\Roll_Pater_DCMotor.axf" 
Build target 'Target 1'
linking...
Program Size: Code=13726 RO-data=850 RW-data=68 ZI-data=2172  
".\Roll_Pater_DCMotor.axf" - 0 Errors, 0 Warning(s).
Rebuild target 'Target 1'
compiling main.c...
compiling stm32f10x_it.c...
compiling TIM.C...
compiling usart.c...
compiling crc16.c...
compiling led.c...
compiling delay.c...
compiling roll_pater_control.c...
compiling exti.c...
compiling misc.c...
compiling stm32f10x_bkp.c...
compiling stm32f10x_exti.c...
compiling stm32f10x_gpio.c...
compiling stm32f10x_pwr.c...
compiling stm32f10x_rcc.c...
compiling stm32f10x_rtc.c...
compiling stm32f10x_sdio.c...
compiling stm32f10x_tim.c...
compiling stm32f10x_usart.c...
compiling core_cm3.c...
compiling system_stm32f10x.c...
assembling startup_stm32f10x_hd.s...
linking...
Program Size: Code=13726 RO-data=850 RW-data=68 ZI-data=2172  
".\Roll_Pater_DCMotor.axf" - 0 Errors, 0 Warning(s).
Load "G:\\program\\Roll_Paper_Motor\\MDK_ARM\\Roll_Pater_DCMotor.axf" 
Load "G:\\program\\Roll_Paper_Motor\\MDK_ARM\\Roll_Pater_DCMotor.axf" 
Erase Done.
Programming Done.
Verify OK.
Application running ...
Build target 'Target 1'
compiling roll_pater_control.c...
linking...
Program Size: Code=13722 RO-data=850 RW-data=68 ZI-data=2172  
".\Roll_Pater_DCMotor.axf" - 0 Errors, 0 Warning(s).
Build target 'Target 1'
compiling roll_pater_control.c...
linking...
Program Size: Code=13714 RO-data=850 RW-data=68 ZI-data=2172  
".\Roll_Pater_DCMotor.axf" - 0 Errors, 0 Warning(s).
Load "G:\\program\\Roll_Paper_Motor\\MDK_ARM\\Roll_Pater_DCMotor.axf" 
Load "G:\\program\\Roll_Paper_Motor\\MDK_ARM\\Roll_Pater_DCMotor.axf" 
Erase Done.
Programming Done.
Verify OK.
Application running ...
Build target 'Target 1'
linking...
Program Size: Code=13714 RO-data=850 RW-data=68 ZI-data=2172  
".\Roll_Pater_DCMotor.axf" - 0 Errors, 0 Warning(s).
Load "G:\\program\\Roll_Paper_Motor\\MDK_ARM\\Roll_Pater_DCMotor.axf" 
Load "G:\\program\\Roll_Paper_Motor\\MDK_ARM\\Roll_Pater_DCMotor.axf" 
Erase Done.
Programming Done.
Verify OK.
Application running ...
Build target 'Target 1'
compiling exti.c...
linking...
Program Size: Code=13714 RO-data=850 RW-data=68 ZI-data=2172  
".\Roll_Pater_DCMotor.axf" - 0 Errors, 0 Warning(s).
Load "G:\\program\\Roll_Paper_Motor\\MDK_ARM\\Roll_Pater_DCMotor.axf" 
Erase Done.
Programming Done.
Verify OK.
Application running ...
Build target 'Target 1'
compiling exti.c...
linking...
Program Size: Code=13714 RO-data=850 RW-data=68 ZI-data=2172  
".\Roll_Pater_DCMotor.axf" - 0 Errors, 0 Warning(s).
Load "G:\\program\\Roll_Paper_Motor\\MDK_ARM\\Roll_Pater_DCMotor.axf" 
Erase Done.
Programming Done.
Verify OK.
Application running ...
Build target 'Target 1'
compiling roll_pater_control.c...
linking...
Program Size: Code=13746 RO-data=850 RW-data=68 ZI-data=2172  
".\Roll_Pater_DCMotor.axf" - 0 Errors, 0 Warning(s).
Load "G:\\program\\Roll_Paper_Motor\\MDK_ARM\\Roll_Pater_DCMotor.axf" 
Erase Done.
Programming Done.
Verify OK.
Application running ...
Build target 'Target 1'
compiling roll_pater_control.c...
linking...
Program Size: Code=13714 RO-data=850 RW-data=68 ZI-data=2172  
".\Roll_Pater_DCMotor.axf" - 0 Errors, 0 Warning(s).
Load "G:\\program\\Roll_Paper_Motor\\MDK_ARM\\Roll_Pater_DCMotor.axf" 
Erase Done.
Programming Done.
Verify OK.
Application running ...
Build target 'Target 1'
compiling exti.c...
linking...
Program Size: Code=13730 RO-data=850 RW-data=68 ZI-data=2172  
".\Roll_Pater_DCMotor.axf" - 0 Errors, 0 Warning(s).
Load "G:\\program\\Roll_Paper_Motor\\MDK_ARM\\Roll_Pater_DCMotor.axf" 
Erase Done.
Programming Done.
Verify OK.
Application running ...
Build target 'Target 1'
compiling exti.c...
linking...
Program Size: Code=13730 RO-data=850 RW-data=68 ZI-data=2172  
".\Roll_Pater_DCMotor.axf" - 0 Errors, 0 Warning(s).
Load "G:\\program\\Roll_Paper_Motor\\MDK_ARM\\Roll_Pater_DCMotor.axf" 
Build target 'Target 1'
linking...
Program Size: Code=13730 RO-data=850 RW-data=68 ZI-data=2172  
".\Roll_Pater_DCMotor.axf" - 0 Errors, 0 Warning(s).
Load "G:\\program\\Roll_Paper_Motor\\MDK_ARM\\Roll_Pater_DCMotor.axf" 
Load "G:\\program\\Roll_Paper_Motor\\MDK_ARM\\Roll_Pater_DCMotor.axf" 
Build target 'Target 1'
linking...
Program Size: Code=13730 RO-data=850 RW-data=68 ZI-data=2172  
".\Roll_Pater_DCMotor.axf" - 0 Errors, 0 Warning(s).
Build target 'Target 1'
linking...
Program Size: Code=13730 RO-data=850 RW-data=68 ZI-data=2172  
".\Roll_Pater_DCMotor.axf" - 0 Errors, 0 Warning(s).
Load "G:\\program\\Roll_Paper_Motor\\MDK_ARM\\Roll_Pater_DCMotor.axf" 
Erase Done.
Programming Done.
Verify OK.
Application running ...
Build target 'Target 1'
compiling exti.c...
linking...
Program Size: Code=13778 RO-data=850 RW-data=68 ZI-data=2172  
".\Roll_Pater_DCMotor.axf" - 0 Errors, 0 Warning(s).
Load "G:\\program\\Roll_Paper_Motor\\MDK_ARM\\Roll_Pater_DCMotor.axf" 
Erase Done.
Programming Done.
Verify OK.
Application running ...
Build target 'Target 1'
compiling roll_pater_control.c...
linking...
Program Size: Code=14034 RO-data=850 RW-data=68 ZI-data=2172  
".\Roll_Pater_DCMotor.axf" - 0 Errors, 0 Warning(s).
Build target 'Target 1'
compiling main.c...
compiling stm32f10x_it.c...
compiling TIM.C...
compiling usart.c...
compiling crc16.c...
compiling roll_pater_control.c...
compiling exti.c...
linking...
Program Size: Code=14038 RO-data=850 RW-data=68 ZI-data=2172  
".\Roll_Pater_DCMotor.axf" - 0 Errors, 0 Warning(s).
Load "G:\\program\\Roll_Paper_Motor\\MDK_ARM\\Roll_Pater_DCMotor.axf" 
Erase Done.
Programming Done.
Verify OK.
Application running ...
Build target 'Target 1'
compiling roll_pater_control.c...
linking...
Program Size: Code=14038 RO-data=850 RW-data=68 ZI-data=2172  
".\Roll_Pater_DCMotor.axf" - 0 Errors, 0 Warning(s).
Load "G:\\program\\Roll_Paper_Motor\\MDK_ARM\\Roll_Pater_DCMotor.axf" 
Erase Done.
Programming Done.
Verify OK.
Application running ...
Build target 'Target 1'
compiling roll_pater_control.c...
linking...
Program Size: Code=14038 RO-data=850 RW-data=68 ZI-data=2172  
".\Roll_Pater_DCMotor.axf" - 0 Errors, 0 Warning(s).
Load "G:\\program\\Roll_Paper_Motor\\MDK_ARM\\Roll_Pater_DCMotor.axf" 
Erase Done.
Programming Done.
Verify OK.
Application running ...
Build target 'Target 1'
compiling roll_pater_control.c...
linking...
Program Size: Code=14038 RO-data=850 RW-data=68 ZI-data=2172  
".\Roll_Pater_DCMotor.axf" - 0 Errors, 0 Warning(s).
Build target 'Target 1'
compiling roll_pater_control.c...
linking...
Program Size: Code=14038 RO-data=850 RW-data=68 ZI-data=2172  
".\Roll_Pater_DCMotor.axf" - 0 Errors, 0 Warning(s).
Build target 'Target 1'
compiling roll_pater_control.c...
linking...
Program Size: Code=14038 RO-data=850 RW-data=68 ZI-data=2172  
".\Roll_Pater_DCMotor.axf" - 0 Errors, 0 Warning(s).
Load "G:\\program\\Roll_Paper_Motor\\MDK_ARM\\Roll_Pater_DCMotor.axf" 
Erase Done.
Programming Done.
Verify OK.
Application running ...
Build target 'Target 1'
compiling roll_pater_control.c...
linking...
Program Size: Code=14038 RO-data=850 RW-data=68 ZI-data=2172  
".\Roll_Pater_DCMotor.axf" - 0 Errors, 0 Warning(s).
Build target 'Target 1'
compiling roll_pater_control.c...
linking...
Program Size: Code=14038 RO-data=850 RW-data=68 ZI-data=2172  
".\Roll_Pater_DCMotor.axf" - 0 Errors, 0 Warning(s).
Load "G:\\program\\Roll_Paper_Motor\\MDK_ARM\\Roll_Pater_DCMotor.axf" 
Erase Done.
Programming Done.
Verify OK.
Application running ...
Build target 'Target 1'
linking...
Program Size: Code=14038 RO-data=850 RW-data=68 ZI-data=2172  
".\Roll_Pater_DCMotor.axf" - 0 Errors, 0 Warning(s).
Build target 'Target 1'
compiling roll_pater_control.c...
compiling key.c...
linking...
Program Size: Code=14038 RO-data=850 RW-data=68 ZI-data=2172  
".\Roll_Pater_DCMotor.axf" - 0 Errors, 0 Warning(s).
Build target 'Target 1'
compiling key.c...
..\USER\key.c(8): warning:  #177-D: variable "key2_triggerstate" was declared but never referenced
..\USER\key.c(8): warning:  #177-D: variable "key3_triggerstate" was declared but never referenced
..\USER\key.c(8): warning:  #177-D: variable "key4_triggerstate" was declared but never referenced
..\USER\key.c(9): warning:  #177-D: variable "key2_timercount" was declared but never referenced
..\USER\key.c(9): warning:  #177-D: variable "key3_timercount" was declared but never referenced
..\USER\key.c(9): warning:  #177-D: variable "ke4_timercount" was declared but never referenced
linking...
Program Size: Code=14038 RO-data=850 RW-data=68 ZI-data=2172  
".\Roll_Pater_DCMotor.axf" - 0 Errors, 6 Warning(s).
Build target 'Target 1'
compiling key.c...
..\USER\key.c(87): warning:  #940-D: missing return statement at end of non-void function "Key_Scan"
linking...
Program Size: Code=14038 RO-data=850 RW-data=68 ZI-data=2172  
".\Roll_Pater_DCMotor.axf" - 0 Errors, 1 Warning(s).
Build target 'Target 1'
compiling key.c...
linking...
Program Size: Code=14038 RO-data=850 RW-data=68 ZI-data=2172  
".\Roll_Pater_DCMotor.axf" - 0 Errors, 0 Warning(s).
Build target 'Target 1'
compiling key.c...
linking...
Program Size: Code=14038 RO-data=850 RW-data=68 ZI-data=2172  
".\Roll_Pater_DCMotor.axf" - 0 Errors, 0 Warning(s).
Build target 'Target 1'
compiling roll_pater_control.c...
linking...
Program Size: Code=13990 RO-data=850 RW-data=72 ZI-data=2168  
".\Roll_Pater_DCMotor.axf" - 0 Errors, 0 Warning(s).
Build target 'Target 1'
compiling main.c...
compiling stm32f10x_it.c...
compiling TIM.C...
compiling usart.c...
compiling crc16.c...
compiling roll_pater_control.c...
compiling exti.c...
compiling key.c...
linking...
Program Size: Code=14414 RO-data=850 RW-data=84 ZI-data=2172  
".\Roll_Pater_DCMotor.axf" - 0 Errors, 0 Warning(s).
Build target 'Target 1'
compiling main.c...
compiling stm32f10x_it.c...
compiling TIM.C...
compiling usart.c...
compiling crc16.c...
compiling roll_pater_control.c...
compiling exti.c...
compiling key.c...
linking...
Program Size: Code=14414 RO-data=850 RW-data=84 ZI-data=2172  
".\Roll_Pater_DCMotor.axf" - 0 Errors, 0 Warning(s).
Load "G:\\program\\Roll_Paper_Motor\\MDK_ARM\\Roll_Pater_DCMotor.axf" 
Erase Done.
Programming Done.
Verify OK.
Application running ...
Build target 'Target 1'
linking...
Program Size: Code=14414 RO-data=850 RW-data=84 ZI-data=2172  
".\Roll_Pater_DCMotor.axf" - 0 Errors, 0 Warning(s).
Load "G:\\program\\Roll_Paper_Motor\\MDK_ARM\\Roll_Pater_DCMotor.axf" 
Erase Done.
Programming Done.
Verify OK.
Application running ...
Build target 'Target 1'
compiling stm32f10x_it.c...
linking...
Program Size: Code=14422 RO-data=850 RW-data=84 ZI-data=2172  
".\Roll_Pater_DCMotor.axf" - 0 Errors, 0 Warning(s).
Load "G:\\program\\Roll_Paper_Motor\\MDK_ARM\\Roll_Pater_DCMotor.axf" 
Erase Done.
Programming Done.
Verify OK.
Application running ...
Build target 'Target 1'
compiling roll_pater_control.c...
linking...
Program Size: Code=14458 RO-data=850 RW-data=84 ZI-data=2172  
".\Roll_Pater_DCMotor.axf" - 0 Errors, 0 Warning(s).
Build target 'Target 1'
compiling roll_pater_control.c...
linking...
Program Size: Code=14494 RO-data=850 RW-data=84 ZI-data=2172  
".\Roll_Pater_DCMotor.axf" - 0 Errors, 0 Warning(s).
Build target 'Target 1'
compiling roll_pater_control.c...
linking...
Program Size: Code=14530 RO-data=850 RW-data=84 ZI-data=2172  
".\Roll_Pater_DCMotor.axf" - 0 Errors, 0 Warning(s).
Load "G:\\program\\Roll_Paper_Motor\\MDK_ARM\\Roll_Pater_DCMotor.axf" 
Erase Done.
Programming Done.
Verify OK.
Application running ...
Build target 'Target 1'
compiling roll_pater_control.c...
linking...
Program Size: Code=14542 RO-data=850 RW-data=84 ZI-data=2172  
".\Roll_Pater_DCMotor.axf" - 0 Errors, 0 Warning(s).
Load "G:\\program\\Roll_Paper_Motor\\MDK_ARM\\Roll_Pater_DCMotor.axf" 
Erase Done.
Programming Done.
Verify OK.
Application running ...
Build target 'Target 1'
compiling roll_pater_control.c...
linking...
Program Size: Code=14554 RO-data=850 RW-data=84 ZI-data=2172  
".\Roll_Pater_DCMotor.axf" - 0 Errors, 0 Warning(s).
Load "G:\\program\\Roll_Paper_Motor\\MDK_ARM\\Roll_Pater_DCMotor.axf" 
Erase Done.
Programming Done.
Verify OK.
Application running ...
Build target 'Target 1'
compiling roll_pater_control.c...
linking...
Program Size: Code=14574 RO-data=850 RW-data=84 ZI-data=2172  
".\Roll_Pater_DCMotor.axf" - 0 Errors, 0 Warning(s).
Build target 'Target 1'
linking...
Program Size: Code=14574 RO-data=850 RW-data=84 ZI-data=2172  
".\Roll_Pater_DCMotor.axf" - 0 Errors, 0 Warning(s).
Load "G:\\program\\Roll_Paper_Motor\\MDK_ARM\\Roll_Pater_DCMotor.axf" 
Erase Done.
Programming Done.
Verify OK.
Application running ...
Load "G:\\program\\Roll_Paper_Motor\\MDK_ARM\\Roll_Pater_DCMotor.axf" 
Erase Done.
Programming Done.
Verify OK.
Application running ...
Build target 'Target 1'
compiling roll_pater_control.c...
linking...
Program Size: Code=14586 RO-data=850 RW-data=84 ZI-data=2172  
".\Roll_Pater_DCMotor.axf" - 0 Errors, 0 Warning(s).
Load "G:\\program\\Roll_Paper_Motor\\MDK_ARM\\Roll_Pater_DCMotor.axf" 
Erase Done.
Programming Done.
Verify OK.
Application running ...
Build target 'Target 1'
compiling stm32f10x_it.c...
linking...
Program Size: Code=14590 RO-data=850 RW-data=84 ZI-data=2172  
".\Roll_Pater_DCMotor.axf" - 0 Errors, 0 Warning(s).
Build target 'Target 1'
compiling stm32f10x_it.c...
linking...
Program Size: Code=14610 RO-data=850 RW-data=84 ZI-data=2172  
".\Roll_Pater_DCMotor.axf" - 0 Errors, 0 Warning(s).
Load "G:\\program\\Roll_Paper_Motor\\MDK_ARM\\Roll_Pater_DCMotor.axf" 
Erase Done.
Programming Done.
Verify OK.
Application running ...
Rebuild target 'Target 1'
compiling main.c...
compiling stm32f10x_it.c...
compiling TIM.C...
compiling usart.c...
compiling crc16.c...
compiling led.c...
compiling delay.c...
compiling roll_pater_control.c...
compiling exti.c...
compiling key.c...
compiling misc.c...
compiling stm32f10x_bkp.c...
compiling stm32f10x_exti.c...
compiling stm32f10x_gpio.c...
compiling stm32f10x_pwr.c...
compiling stm32f10x_rcc.c...
compiling stm32f10x_rtc.c...
compiling stm32f10x_sdio.c...
compiling stm32f10x_tim.c...
compiling stm32f10x_usart.c...
compiling core_cm3.c...
compiling system_stm32f10x.c...
assembling startup_stm32f10x_hd.s...
linking...
Program Size: Code=14610 RO-data=850 RW-data=84 ZI-data=2172  
".\Roll_Pater_DCMotor.axf" - 0 Errors, 0 Warning(s).
Build target 'Target 1'
compiling key.c...
linking...
.\Roll_Pater_DCMotor.axf: Error: L6218E: Undefined symbol Key_Num (referred from stm32f10x_it.o).
".\Roll_Pater_DCMotor.axf" - 1 Errors, 0 Warning(s).
Target not created
Build target 'Target 1'
compiling stm32f10x_it.c...
..\USER\stm32f10x_it.c(154): error:  #20: identifier "Key_ScanNum" is undefined
".\Roll_Pater_DCMotor.axf" - 1 Errors, 0 Warning(s).
Target not created
Build target 'Target 1'
compiling main.c...
compiling stm32f10x_it.c...
compiling TIM.C...
compiling usart.c...
compiling crc16.c...
compiling roll_pater_control.c...
..\USER\roll_pater_control.c(323): error:  #20: identifier "Key_Num" is undefined
compiling exti.c...
compiling key.c...
".\Roll_Pater_DCMotor.axf" - 1 Errors, 0 Warning(s).
Target not created
Build target 'Target 1'
compiling roll_pater_control.c...
linking...
Program Size: Code=14610 RO-data=850 RW-data=84 ZI-data=2172  
".\Roll_Pater_DCMotor.axf" - 0 Errors, 0 Warning(s).
Build target 'Target 1'
linking...
Program Size: Code=14610 RO-data=850 RW-data=84 ZI-data=2172  
".\Roll_Pater_DCMotor.axf" - 0 Errors, 0 Warning(s).
Load "G:\\program\\Roll_Paper_Motor\\MDK_ARM\\Roll_Pater_DCMotor.axf" 
Erase Done.
Programming Done.
Verify OK.
Application running ...
Build target 'Target 1'
compiling main.c...
..\USER\main.c(18): warning:  #550-D: variable "test" was set but never used
linking...
Program Size: Code=14610 RO-data=850 RW-data=84 ZI-data=2172  
".\Roll_Pater_DCMotor.axf" - 0 Errors, 1 Warning(s).
Load "G:\\program\\Roll_Paper_Motor\\MDK_ARM\\Roll_Pater_DCMotor.axf" 
Erase Done.
Programming Done.
Verify OK.
Application running ...
Build target 'Target 1'
compiling main.c...
..\USER\main.c(18): warning:  #550-D: variable "test" was set but never used
linking...
Program Size: Code=14618 RO-data=850 RW-data=88 ZI-data=2168  
".\Roll_Pater_DCMotor.axf" - 0 Errors, 1 Warning(s).
Load "G:\\program\\Roll_Paper_Motor\\MDK_ARM\\Roll_Pater_DCMotor.axf" 
Erase Done.
Programming Done.
Verify OK.
Application running ...
Build target 'Target 1'
compiling main.c...
linking...
Program Size: Code=14610 RO-data=850 RW-data=84 ZI-data=2172  
".\Roll_Pater_DCMotor.axf" - 0 Errors, 0 Warning(s).
Build target 'Target 1'
linking...
Program Size: Code=14610 RO-data=850 RW-data=84 ZI-data=2172  
".\Roll_Pater_DCMotor.axf" - 0 Errors, 0 Warning(s).
Build target 'Target 1'
compiling key.c...
linking...
Program Size: Code=14634 RO-data=850 RW-data=84 ZI-data=2172  
".\Roll_Pater_DCMotor.axf" - 0 Errors, 0 Warning(s).
Load "G:\\program\\Roll_Paper_Motor\\MDK_ARM\\Roll_Pater_DCMotor.axf" 
Erase Done.
Programming Done.
Verify OK.
Application running ...
Build target 'Target 1'
compiling key.c...
linking...
Program Size: Code=14634 RO-data=850 RW-data=84 ZI-data=2172  
".\Roll_Pater_DCMotor.axf" - 0 Errors, 0 Warning(s).
Load "G:\\program\\Roll_Paper_Motor\\MDK_ARM\\Roll_Pater_DCMotor.axf" 
Erase Done.
Programming Done.
Verify OK.
Application running ...
Build target 'Target 1'
compiling key.c...
linking...
Program Size: Code=14634 RO-data=850 RW-data=84 ZI-data=2172  
".\Roll_Pater_DCMotor.axf" - 0 Errors, 0 Warning(s).
Load "G:\\program\\Roll_Paper_Motor\\MDK_ARM\\Roll_Pater_DCMotor.axf" 
Erase Done.
Programming Done.
Verify OK.
Application running ...
Build target 'Target 1'
compiling key.c...
linking...
Program Size: Code=14634 RO-data=850 RW-data=84 ZI-data=2172  
".\Roll_Pater_DCMotor.axf" - 0 Errors, 0 Warning(s).
Build target 'Target 1'
linking...
Program Size: Code=14634 RO-data=850 RW-data=84 ZI-data=2172  
".\Roll_Pater_DCMotor.axf" - 0 Errors, 0 Warning(s).
Load "G:\\program\\Roll_Paper_Motor\\MDK_ARM\\Roll_Pater_DCMotor.axf" 
Erase Done.
Programming Done.
Verify OK.
Application running ...
Rebuild target 'Target 1'
compiling main.c...
compiling stm32f10x_it.c...
compiling TIM.C...
compiling usart.c...
compiling crc16.c...
compiling led.c...
compiling delay.c...
compiling roll_pater_control.c...
compiling exti.c...
compiling key.c...
compiling misc.c...
compiling stm32f10x_bkp.c...
compiling stm32f10x_exti.c...
compiling stm32f10x_gpio.c...
compiling stm32f10x_pwr.c...
compiling stm32f10x_rcc.c...
compiling stm32f10x_rtc.c...
compiling stm32f10x_sdio.c...
compiling stm32f10x_tim.c...
compiling stm32f10x_usart.c...
compiling core_cm3.c...
compiling system_stm32f10x.c...
assembling startup_stm32f10x_hd.s...
linking...
Program Size: Code=14634 RO-data=850 RW-data=84 ZI-data=2172  
FromELF: creating hex file...
".\OBJ\Roll_Pater_DCMotor.axf" - 0 Errors, 0 Warning(s).
Build target 'Target 1'
compiling main.c...
compiling stm32f10x_it.c...
compiling TIM.C...
compiling usart.c...
compiling crc16.c...
compiling led.c...
compiling delay.c...
compiling roll_pater_control.c...
compiling exti.c...
compiling key.c...
compiling misc.c...
compiling stm32f10x_bkp.c...
compiling stm32f10x_exti.c...
compiling stm32f10x_gpio.c...
compiling stm32f10x_pwr.c...
compiling stm32f10x_rcc.c...
compiling stm32f10x_rtc.c...
compiling stm32f10x_sdio.c...
compiling stm32f10x_tim.c...
compiling stm32f10x_usart.c...
compiling core_cm3.c...
compiling system_stm32f10x.c...
assembling startup_stm32f10x_hd.s...
linking...
Program Size: Code=14634 RO-data=850 RW-data=84 ZI-data=2172  
FromELF: creating hex file...
".\OBJ\Roll_Pater_DCMotor.axf" - 0 Errors, 0 Warning(s).
Build target 'Target 1'
linking...
Program Size: Code=14634 RO-data=850 RW-data=84 ZI-data=2172  
FromELF: creating hex file...
".\OBJ\Roll_Pater_DCMotor.axf" - 0 Errors, 0 Warning(s).
Build target 'Target 1'
linking...
Program Size: Code=14634 RO-data=850 RW-data=84 ZI-data=2172  
FromELF: creating hex file...
".\OBJ\Roll_Pater_DCMotor.axf" - 0 Errors, 0 Warning(s).
