<html>
<body>
<pre>
<h1>µVision Build Log</h1>
<h2>Project:</h2>
E:\program\StepMotor\MDK_ARM\StepMotor.uvproj
Project File Date:  08/01/2016

<h2>Output:</h2>
Build target 'Target 1'
compiling beep.c...
compiling codescanner.c...
compiling crc16.c...
compiling main.c...
compiling stm32f10x_it.c...
compiling TIM.C...
compiling usart.c...
compiling delay.c...
compiling led.c...
compiling misc.c...
compiling stm32f10x_bkp.c...
compiling stm32f10x_exti.c...
compiling stm32f10x_gpio.c...
compiling stm32f10x_pwr.c...
compiling stm32f10x_rcc.c...
compiling stm32f10x_rtc.c...
compiling stm32f10x_sdio.c...
compiling stm32f10x_tim.c...
compiling stm32f10x_usart.c...
compiling core_cm3.c...
compiling system_stm32f10x.c...
assembling startup_stm32f10x_md.s...
linking...
Program Size: Code=15250 RO-data=794 RW-data=80 ZI-data=3960  
"StepMotor.axf" - 0 Error(s), 0 Warning(s).
Build target 'Target 1'
linking...
StepMotor.axf: Error: L6218E: Undefined symbol Scanner_GPIO_Config (referred from main.o).
StepMotor.axf: Error: L6218E: Undefined symbol scanner_scan (referred from stm32f10x_it.o).
StepMotor.axf: Error: L6218E: Undefined symbol Host_Answer (referred from usart.o).
StepMotor.axf: Error: L6218E: Undefined symbol Host_Control (referred from usart.o).
Target not created
Build target 'Target 1'
compiling main.c...
linking...
StepMotor.axf: Error: L6218E: Undefined symbol scanner_scan (referred from stm32f10x_it.o).
StepMotor.axf: Error: L6218E: Undefined symbol Host_Answer (referred from usart.o).
StepMotor.axf: Error: L6218E: Undefined symbol Host_Control (referred from usart.o).
Target not created
Build target 'Target 1'
compiling stm32f10x_it.c...
linking...
StepMotor.axf: Error: L6218E: Undefined symbol Host_Answer (referred from usart.o).
StepMotor.axf: Error: L6218E: Undefined symbol Host_Control (referred from usart.o).
Target not created
Build target 'Target 1'
compiling main.c...
compiling usart.c...
linking...
Program Size: Code=13286 RO-data=282 RW-data=68 ZI-data=3940  
"StepMotor.axf" - 0 Error(s), 0 Warning(s).
Build target 'Target 1'
compiling beep.c...
compiling crc16.c...
compiling main.c...
compiling stm32f10x_it.c...
..\USER\stm32f10x_it.c(164): error:  #20: identifier "Usart1_Control_Data" is undefined
..\USER\stm32f10x_it.c(175): error:  #20: identifier "Usart2_Control_Data" is undefined
compiling usart.c...
Target not created
Build target 'Target 1'
compiling beep.c...
compiling crc16.c...
compiling main.c...
compiling stm32f10x_it.c...
compiling usart.c...
linking...
Program Size: Code=13286 RO-data=282 RW-data=68 ZI-data=3940  
"StepMotor.axf" - 0 Error(s), 0 Warning(s).
Build target 'Target 1'
compiling beep.c...
compiling crc16.c...
compiling main.c...
compiling stm32f10x_it.c...
compiling TIM.C...
compiling usart.c...
compiling delay.c...
compiling led.c...
compiling misc.c...
compiling stm32f10x_bkp.c...
compiling stm32f10x_exti.c...
compiling stm32f10x_gpio.c...
compiling stm32f10x_pwr.c...
compiling stm32f10x_rcc.c...
compiling stm32f10x_rtc.c...
compiling stm32f10x_sdio.c...
compiling stm32f10x_tim.c...
compiling stm32f10x_usart.c...
compiling core_cm3.c...
compiling system_stm32f10x.c...
assembling startup_stm32f10x_md.s...
linking...
Program Size: Code=13286 RO-data=282 RW-data=68 ZI-data=3940  
".\OBJ\StepMotor.axf" - 0 Error(s), 0 Warning(s).
Build target 'Target 1'
linking...
Program Size: Code=13286 RO-data=282 RW-data=68 ZI-data=3940  
".\OBJ\StepMotor.axf" - 0 Error(s), 0 Warning(s).
Build target 'Target 1'
compiling beep.c...
compiling crc16.c...
compiling main.c...
compiling stm32f10x_it.c...
compiling TIM.C...
compiling usart.c...
compiling delay.c...
compiling led.c...
compiling misc.c...
compiling stm32f10x_bkp.c...
compiling stm32f10x_exti.c...
compiling stm32f10x_gpio.c...
compiling stm32f10x_pwr.c...
compiling stm32f10x_rcc.c...
compiling stm32f10x_rtc.c...
compiling stm32f10x_sdio.c...
compiling stm32f10x_tim.c...
compiling stm32f10x_usart.c...
compiling core_cm3.c...
compiling system_stm32f10x.c...
assembling startup_stm32f10x_md.s...
linking...
Program Size: Code=13286 RO-data=282 RW-data=68 ZI-data=3940  
".\OBJ\StepMotor.axf" - 0 Error(s), 0 Warning(s).
Build target 'Target 1'
compiling beep.c...
compiling crc16.c...
compiling main.c...
compiling stm32f10x_it.c...
compiling TIM.C...
compiling usart.c...
compiling delay.c...
compiling led.c...
compiling misc.c...
compiling stm32f10x_bkp.c...
compiling stm32f10x_exti.c...
compiling stm32f10x_gpio.c...
compiling stm32f10x_pwr.c...
compiling stm32f10x_rcc.c...
compiling stm32f10x_rtc.c...
compiling stm32f10x_sdio.c...
compiling stm32f10x_tim.c...
compiling stm32f10x_usart.c...
compiling core_cm3.c...
compiling system_stm32f10x.c...
assembling startup_stm32f10x_md.s...
linking...
Program Size: Code=13286 RO-data=282 RW-data=68 ZI-data=3940  
".\OBJ\StepMotor.axf" - 0 Error(s), 0 Warning(s).
Build target 'Target 1'
linking...
Program Size: Code=13286 RO-data=282 RW-data=68 ZI-data=3940  
".\OBJ\StepMotor.axf" - 0 Error(s), 0 Warning(s).
Build target 'Target 1'
compiling beep.c...
compiling crc16.c...
compiling main.c...
compiling stm32f10x_it.c...
compiling TIM.C...
compiling usart.c...
compiling delay.c...
compiling led.c...
compiling misc.c...
compiling stm32f10x_bkp.c...
compiling stm32f10x_exti.c...
compiling stm32f10x_gpio.c...
compiling stm32f10x_pwr.c...
compiling stm32f10x_rcc.c...
compiling stm32f10x_rtc.c...
compiling stm32f10x_sdio.c...
compiling stm32f10x_tim.c...
compiling stm32f10x_usart.c...
compiling core_cm3.c...
compiling system_stm32f10x.c...
assembling startup_stm32f10x_md.s...
linking...
Program Size: Code=13286 RO-data=282 RW-data=68 ZI-data=3940  
".\OBJ\StepMotor.axf" - 0 Error(s), 0 Warning(s).
Build target 'Target 1'
compiling TIM.C...
linking...
Program Size: Code=13442 RO-data=282 RW-data=68 ZI-data=3940  
".\OBJ\StepMotor.axf" - 0 Error(s), 0 Warning(s).
Build target 'Target 1'
compiling main.c...
compiling TIM.C...
linking...
Program Size: Code=13442 RO-data=282 RW-data=68 ZI-data=3940  
".\OBJ\StepMotor.axf" - 0 Error(s), 0 Warning(s).
Build target 'Target 1'
compiling main.c...
linking...
Program Size: Code=13446 RO-data=282 RW-data=68 ZI-data=3940  
".\OBJ\StepMotor.axf" - 0 Error(s), 0 Warning(s).
Build target 'Target 1'
compiling main.c...
..\USER\main.c(32): error:  #20: identifier "dir" is undefined
..\USER\main.c(32): error:  #20: identifier "led0pwmval" is undefined
Target not created
Build target 'Target 1'
compiling main.c...
linking...
Program Size: Code=13506 RO-data=282 RW-data=68 ZI-data=3940  
".\OBJ\StepMotor.axf" - 0 Error(s), 0 Warning(s).
Build target 'Target 1'
compiling stm32f10x_it.c...
linking...
Program Size: Code=13502 RO-data=282 RW-data=68 ZI-data=3940  
".\OBJ\StepMotor.axf" - 0 Error(s), 0 Warning(s).
Build target 'Target 1'
compiling stm32f10x_it.c...
linking...
Program Size: Code=13366 RO-data=282 RW-data=68 ZI-data=3940  
".\OBJ\StepMotor.axf" - 0 Error(s), 0 Warning(s).
Build target 'Target 1'
linking...
Program Size: Code=13366 RO-data=282 RW-data=68 ZI-data=3940  
".\OBJ\StepMotor.axf" - 0 Error(s), 0 Warning(s).
Build target 'Target 1'
linking...
Program Size: Code=13366 RO-data=282 RW-data=68 ZI-data=3940  
".\OBJ\StepMotor.axf" - 0 Error(s), 0 Warning(s).
Build target 'Target 1'
compiling beep.c...
compiling crc16.c...
compiling main.c...
compiling stm32f10x_it.c...
compiling TIM.C...
compiling usart.c...
compiling delay.c...
compiling led.c...
compiling misc.c...
compiling stm32f10x_bkp.c...
compiling stm32f10x_exti.c...
compiling stm32f10x_gpio.c...
compiling stm32f10x_pwr.c...
compiling stm32f10x_rcc.c...
compiling stm32f10x_rtc.c...
compiling stm32f10x_sdio.c...
compiling stm32f10x_tim.c...
compiling stm32f10x_usart.c...
compiling core_cm3.c...
compiling system_stm32f10x.c...
assembling startup_stm32f10x_md.s...
linking...
Program Size: Code=13366 RO-data=282 RW-data=68 ZI-data=3940  
".\OBJ\StepMotor.axf" - 0 Error(s), 0 Warning(s).
Load "E:\\program\\StepMotor\\MDK_ARM\\OBJ\\StepMotor.AXF" 
Build target 'Target 1'
linking...
Program Size: Code=13366 RO-data=282 RW-data=68 ZI-data=3940  
".\OBJ\StepMotor.axf" - 0 Error(s), 0 Warning(s).
Load "E:\\program\\StepMotor\\MDK_ARM\\OBJ\\StepMotor.AXF" 
Build target 'Target 1'
compiling main.c...
linking...
Program Size: Code=13354 RO-data=282 RW-data=68 ZI-data=3940  
".\OBJ\StepMotor.axf" - 0 Error(s), 0 Warning(s).
Load "E:\\program\\StepMotor\\MDK_ARM\\OBJ\\StepMotor.AXF" 
Build target 'Target 1'
compiling beep.c...
compiling crc16.c...
compiling main.c...
compiling stm32f10x_it.c...
compiling TIM.C...
compiling usart.c...
compiling delay.c...
compiling led.c...
compiling misc.c...
compiling stm32f10x_bkp.c...
compiling stm32f10x_exti.c...
compiling stm32f10x_gpio.c...
compiling stm32f10x_pwr.c...
compiling stm32f10x_rcc.c...
compiling stm32f10x_rtc.c...
compiling stm32f10x_sdio.c...
compiling stm32f10x_tim.c...
compiling stm32f10x_usart.c...
compiling core_cm3.c...
compiling system_stm32f10x.c...
assembling startup_stm32f10x_md.s...
linking...
Program Size: Code=10860 RO-data=268 RW-data=60 ZI-data=3092  
".\OBJ\StepMotor.axf" - 0 Error(s), 0 Warning(s).
Load "E:\\program\\StepMotor\\MDK_ARM\\OBJ\\StepMotor.AXF" 
Build target 'Target 1'
compiling main.c...
linking...
Program Size: Code=10872 RO-data=268 RW-data=60 ZI-data=3092  
".\OBJ\StepMotor.axf" - 0 Error(s), 0 Warning(s).
Load "E:\\program\\StepMotor\\MDK_ARM\\OBJ\\StepMotor.AXF" 
Build target 'Target 1'
compiling main.c...
linking...
Program Size: Code=10872 RO-data=268 RW-data=60 ZI-data=3092  
".\OBJ\StepMotor.axf" - 0 Error(s), 0 Warning(s).
Load "E:\\program\\StepMotor\\MDK_ARM\\OBJ\\StepMotor.AXF" 
Build target 'Target 1'
compiling main.c...
linking...
Program Size: Code=10872 RO-data=268 RW-data=60 ZI-data=3092  
".\OBJ\StepMotor.axf" - 0 Error(s), 0 Warning(s).
Load "E:\\program\\StepMotor\\MDK_ARM\\OBJ\\StepMotor.AXF" 
Build target 'Target 1'
compiling TIM.C...
linking...
Program Size: Code=10896 RO-data=268 RW-data=60 ZI-data=3092  
".\OBJ\StepMotor.axf" - 0 Error(s), 0 Warning(s).
Load "E:\\program\\StepMotor\\MDK_ARM\\OBJ\\StepMotor.AXF" 
Build target 'Target 1'
linking...
Program Size: Code=10896 RO-data=268 RW-data=60 ZI-data=3092  
".\OBJ\StepMotor.axf" - 0 Error(s), 0 Warning(s).
